<html>
<body>
<pre>
<h1>�Vision Build Log</h1>
<h2>Tool Versions:</h2>
IDE-Version: ��Vision V5.38.0.0
Copyright (C) 2022 ARM Ltd and ARM Germany GmbH. All rights reserved.
License Information: Yang Cai, HITSZ, LIC=9WSKC-7RGED-WFDI7-EM2ML-3ZTPZ-LBWWU
 
Tool Versions:
Toolchain:       MDK-ARM Plus  Version: 5.38.0.0
Toolchain Path:  D:\keil5\ARM\ARMCC\Bin
C Compiler:      Armcc.exe V5.06 update 7 (build 960)
Assembler:       Armasm.exe V5.06 update 7 (build 960)
Linker/Locator:  ArmLink.exe V5.06 update 7 (build 960)
Library Manager: ArmAr.exe V5.06 update 7 (build 960)
Hex Converter:   FromElf.exe V5.06 update 7 (build 960)
CPU DLL:         SARMCM3.DLL V5.38.0.0
Dialog DLL:      DCM.DLL V1.17.5.0
Target DLL:      Segger\JL2CM3.dll V2.99.42.0
Dialog DLL:      TCM.DLL V1.56.4.0
 
<h2>Project:</h2>
D:\STM32_dev\H7test\MDK-ARM\H7test.uvprojx
Project File Date:  09/29/2025

<h2>Output:</h2>
*** Using Compiler 'V5.06 update 7 (build 960)', folder: 'D:\keil5\ARM\ARMCC\Bin'
Build target 'H7test'
compiling joint.c...
compiling A1_motor_drive.c...
..\Core\Src\A1_motor_drive.c(66): warning:  #61-D: integer operation result is out of range
          xbit = 1 << 31;
..\Core\Src\A1_motor_drive.c(66): warning:  #68-D: integer conversion resulted in a change of sign
          xbit = 1 << 31;
..\Core\Src\A1_motor_drive.c(284): warning:  #1035-D: single-precision operand implicitly converted to double-precision
  				temp_recv.Pos = (float)temp_recv.motor_recv_data.Mdata.Pos / (16384.0f/2.0f/PI) * (180/PI/9.1f);  // 减速后角度
..\Core\Src\A1_motor_drive.c(304): warning:  #177-D: variable "recv_buf"  was declared but never referenced
  			uint8_t *recv_buf = Date_go_group4;                      // go协议接收缓冲�?
..\Core\Src\A1_motor_drive.c: 4 warnings, 0 errors
compiling main.c...
compiling stm32h7xx_hal_uart.c...
linking...
Program Size: Code=20112 RO-data=1888 RW-data=212 ZI-data=34748  
FromELF: creating hex file...
"H7test\H7test.axf" - 0 Error(s), 4 Warning(s).

<h2>Software Packages used:</h2>

Package Vendor: ARM
                http://www.keil.com/pack/ARM.CMSIS.5.9.0.pack
                ARM.CMSIS.5.9.0
                CMSIS (Common Microcontroller Software Interface Standard)
   * Component: CORE Version: 5.6.0

Package Vendor: Keil
                https://www.keil.com/pack/Keil.STM32H7xx_DFP.3.1.0.pack
                Keil.STM32H7xx_DFP.3.1.0
                STMicroelectronics STM32H7 Series Device Support and Examples

<h2>Collection of Component include folders:</h2>
  ./RTE/_H7test
  C:/Users/caiyang/AppData/Local/Arm/Packs/ARM/CMSIS/5.9.0/CMSIS/Core/Include
  C:/Users/caiyang/AppData/Local/Arm/Packs/Keil/STM32H7xx_DFP/3.1.0/Drivers/CMSIS/Device/ST/STM32H7xx/Include

<h2>Collection of Component Files used:</h2>

   * Component: ARM::CMSIS:CORE:5.6.0
      Include file:  CMSIS/Core/Include/tz_context.h
Build Time Elapsed:  00:00:10
</pre>
</body>
</html>
