Component: ARM Compiler 5.06 update 7 (build 960) Tool: armlink [4d3601]

==============================================================================

Section Cross References

    startup_stm32h743xx.o(RESET) refers to startup_stm32h743xx.o(STACK) for __initial_sp
    startup_stm32h743xx.o(RESET) refers to startup_stm32h743xx.o(.text) for Reset_Handler
    startup_stm32h743xx.o(RESET) refers to stm32h7xx_it.o(i.NMI_Handler) for NMI_Handler
    startup_stm32h743xx.o(RESET) refers to stm32h7xx_it.o(i.HardFault_Handler) for HardFault_Handler
    startup_stm32h743xx.o(RESET) refers to stm32h7xx_it.o(i.MemManage_Handler) for MemManage_Handler
    startup_stm32h743xx.o(RESET) refers to stm32h7xx_it.o(i.BusFault_Handler) for BusFault_Handler
    startup_stm32h743xx.o(RESET) refers to stm32h7xx_it.o(i.UsageFault_Handler) for UsageFault_Handler
    startup_stm32h743xx.o(RESET) refers to stm32h7xx_it.o(i.SVC_Handler) for SVC_Handler
    startup_stm32h743xx.o(RESET) refers to stm32h7xx_it.o(i.DebugMon_Handler) for DebugMon_Handler
    startup_stm32h743xx.o(RESET) refers to stm32h7xx_it.o(i.PendSV_Handler) for PendSV_Handler
    startup_stm32h743xx.o(RESET) refers to stm32h7xx_it.o(i.SysTick_Handler) for SysTick_Handler
    startup_stm32h743xx.o(RESET) refers to stm32h7xx_it.o(i.TIM2_IRQHandler) for TIM2_IRQHandler
    startup_stm32h743xx.o(.text) refers to system_stm32h7xx.o(i.ExitRun0Mode) for ExitRun0Mode
    startup_stm32h743xx.o(.text) refers to system_stm32h7xx.o(i.SystemInit) for SystemInit
    startup_stm32h743xx.o(.text) refers to entry.o(.ARM.Collect$$$$00000000) for __main
    a1_motor_drive.o(i.motor_relax) refers to a1_motor_drive.o(i.modify_torque_cmd) for modify_torque_cmd
    a1_motor_drive.o(i.motor_relax) refers to a1_motor_drive.o(i.unitreeA1_rxtx) for unitreeA1_rxtx
    a1_motor_drive.o(i.motor_relax) refers to stm32h7xx_hal.o(i.HAL_Delay) for HAL_Delay
    a1_motor_drive.o(i.motor_relax) refers to gom_protocol.o(i.go_torque_cmd) for go_torque_cmd
    a1_motor_drive.o(i.motor_relax) refers to a1_motor_drive.o(.bss) for .bss
    a1_motor_drive.o(i.motor_relax) refers to usart.o(.bss) for huart1
    a1_motor_drive.o(i.unitreeA1_rxtx) refers to a1_motor_drive.o(i.crc32_core_Ver3) for crc32_core_Ver3
    a1_motor_drive.o(i.unitreeA1_rxtx) refers to stm32h7xx_hal_uart.o(i.HAL_UART_Transmit) for HAL_UART_Transmit
    a1_motor_drive.o(i.unitreeA1_rxtx) refers to memseta.o(.text) for __aeabi_memclr
    a1_motor_drive.o(i.unitreeA1_rxtx) refers to stm32h7xx_hal_uart.o(i.HAL_UART_Receive) for HAL_UART_Receive
    a1_motor_drive.o(i.unitreeA1_rxtx) refers to stm32h7xx_hal_uart.o(i.HAL_UART_GetError) for HAL_UART_GetError
    a1_motor_drive.o(i.unitreeA1_rxtx) refers to memcpya.o(.text) for __aeabi_memcpy
    a1_motor_drive.o(i.unitreeA1_rxtx) refers to gom_protocol.o(i.modify_data) for modify_data
    a1_motor_drive.o(i.unitreeA1_rxtx) refers to gom_protocol.o(i.extract_data) for extract_data
    a1_motor_drive.o(i.unitreeA1_rxtx) refers to a1_motor_drive.o(.data) for .data
    a1_motor_drive.o(i.unitreeA1_rxtx) refers to a1_motor_drive.o(.bss) for .bss
    calc.o(i.cdpr_get_current_motor_angles) refers to calc.o(.bss) for .bss
    calc.o(i.cdpr_init) refers to calc.o(i.generate_trajectory_and_angles) for generate_trajectory_and_angles
    calc.o(i.generate_trajectory_and_angles) refers to calc.o(i.calculate_poly5_coeff) for calculate_poly5_coeff
    calc.o(i.generate_trajectory_and_angles) refers to calc.o(i.get_translation_matrix) for get_translation_matrix
    calc.o(i.generate_trajectory_and_angles) refers to calc.o(i.get_rotation_matrix) for get_rotation_matrix
    calc.o(i.generate_trajectory_and_angles) refers to calc.o(i.matrix_multiply) for matrix_multiply
    calc.o(i.generate_trajectory_and_angles) refers to calc.o(i.point_mult_matrix) for point_mult_matrix
    calc.o(i.generate_trajectory_and_angles) refers to calc.o(i.vector_norm) for vector_norm
    calc.o(i.generate_trajectory_and_angles) refers to calc.o(i.cross_product) for cross_product
    calc.o(i.generate_trajectory_and_angles) refers to calc.o(.bss) for .bss
    calc.o(i.generate_trajectory_and_angles) refers to calc.o(.constdata) for .constdata
    calc.o(i.generate_zero_return_trajectory) refers to calc.o(i.calculate_poly5_coeff) for calculate_poly5_coeff
    calc.o(i.generate_zero_return_trajectory) refers to calc.o(.bss) for .bss
    calc.o(i.get_rotation_matrix) refers to cosf.o(i.__hardfp_cosf) for __hardfp_cosf
    calc.o(i.get_rotation_matrix) refers to sinf.o(i.__hardfp_sinf) for __hardfp_sinf
    calc.o(i.get_rotation_matrix) refers to memcpya.o(.text) for __aeabi_memcpy4
    calc.o(i.get_rotation_matrix) refers to calc.o(i.matrix_multiply) for matrix_multiply
    calc.o(i.get_rotation_matrix) refers to calc.o(.constdata) for .constdata
    calc.o(i.motor_init_zero_return) refers to calc.o(i.generate_zero_return_trajectory) for generate_zero_return_trajectory
[...]
    ../clib/microlib/init/entry.s            0x00000000   Number         0  entry12a.o ABSOLUTE
    ../clib/microlib/init/entry.s            0x00000000   Number         0  entry12b.o ABSOLUTE
    ../clib/microlib/init/entry.s            0x00000000   Number         0  entry10a.o ABSOLUTE
    ../clib/microlib/init/entry.s            0x00000000   Number         0  entry9b.o ABSOLUTE
    ../clib/microlib/init/entry.s            0x00000000   Number         0  entry8b.o ABSOLUTE
    ../clib/microlib/init/entry.s            0x00000000   Number         0  entry9a.o ABSOLUTE
    ../clib/microlib/init/entry.s            0x00000000   Number         0  entry.o ABSOLUTE
    ../clib/microlib/init/entry.s            0x00000000   Number         0  entry2.o ABSOLUTE
    ../clib/microlib/longlong.c              0x00000000   Number         0  llshl.o ABSOLUTE
    ../clib/microlib/longlong.c              0x00000000   Number         0  llushr.o ABSOLUTE
    ../clib/microlib/string/memcpy.c         0x00000000   Number         0  memcpya.o ABSOLUTE
    ../clib/microlib/string/memcpy.c         0x00000000   Number         0  memcpyb.o ABSOLUTE
    ../clib/microlib/string/memset.c         0x00000000   Number         0  memseta.o ABSOLUTE
    ../clib/microlib/stubs.s                 0x00000000   Number         0  iusefp.o ABSOLUTE
    ../mathlib/cosf.c                        0x00000000   Number         0  cosf.o ABSOLUTE
    ../mathlib/cosf.c                        0x00000000   Number         0  cosf_x.o ABSOLUTE
    ../mathlib/fpclassifyf.c                 0x00000000   Number         0  fpclassifyf.o ABSOLUTE
    ../mathlib/funder.c                      0x00000000   Number         0  funder.o ABSOLUTE
    ../mathlib/rredf.c                       0x00000000   Number         0  rredf.o ABSOLUTE
    ../mathlib/sinf.c                        0x00000000   Number         0  sinf_x.o ABSOLUTE
    ../mathlib/sinf.c                        0x00000000   Number         0  sinf.o ABSOLUTE
    ../mathlib/sqrtf.c                       0x00000000   Number         0  sqrtf_x.o ABSOLUTE
    ../mathlib/sqrtf.c                       0x00000000   Number         0  sqrtf.o ABSOLUTE
    ..\Core\Src\A1_motor_drive.c             0x00000000   Number         0  a1_motor_drive.o ABSOLUTE
    ..\Core\Src\calc.c                       0x00000000   Number         0  calc.o ABSOLUTE
    ..\Core\Src\crc_ccitt.c                  0x00000000   Number         0  crc_ccitt.o ABSOLUTE
    ..\Core\Src\gom_protocol.c               0x00000000   Number         0  gom_protocol.o ABSOLUTE
    ..\Core\Src\gpio.c                       0x00000000   Number         0  gpio.o ABSOLUTE
    ..\Core\Src\joint.c                      0x00000000   Number         0  joint.o ABSOLUTE
    ..\Core\Src\key_state_machine.c          0x00000000   Number         0  key_state_machine.o ABSOLUTE
    ..\Core\Src\main.c                       0x00000000   Number         0  main.o ABSOLUTE
    ..\Core\Src\stm32h7xx_hal_msp.c          0x00000000   Number         0  stm32h7xx_hal_msp.o ABSOLUTE
    ..\Core\Src\stm32h7xx_it.c               0x00000000   Number         0  stm32h7xx_it.o ABSOLUTE
    ..\Core\Src\system_stm32h7xx.c           0x00000000   Number         0  system_stm32h7xx.o ABSOLUTE
    ..\Core\Src\tim.c                        0x00000000   Number         0  tim.o ABSOLUTE
    ..\Core\Src\usart.c                      0x00000000   Number         0  usart.o ABSOLUTE
    ..\Drivers\STM32H7xx_HAL_Driver\Src\stm32h7xx_hal.c 0x00000000   Number         0  stm32h7xx_hal.o ABSOLUTE
    ..\Drivers\STM32H7xx_HAL_Driver\Src\stm32h7xx_hal_cortex.c 0x00000000   Number         0  stm32h7xx_hal_cortex.o ABSOLUTE
    ..\Drivers\STM32H7xx_HAL_Driver\Src\stm32h7xx_hal_dma.c 0x00000000   Number         0  stm32h7xx_hal_dma.o ABSOLUTE
    ..\Drivers\STM32H7xx_HAL_Driver\Src\stm32h7xx_hal_dma_ex.c 0x00000000   Number         0  stm32h7xx_hal_dma_ex.o ABSOLUTE
    ..\Drivers\STM32H7xx_HAL_Driver\Src\stm32h7xx_hal_exti.c 0x00000000   Number         0  stm32h7xx_hal_exti.o ABSOLUTE
    ..\Drivers\STM32H7xx_HAL_Driver\Src\stm32h7xx_hal_flash.c 0x00000000   Number         0  stm32h7xx_hal_flash.o ABSOLUTE
    ..\Drivers\STM32H7xx_HAL_Driver\Src\stm32h7xx_hal_flash_ex.c 0x00000000   Number         0  stm32h7xx_hal_flash_ex.o ABSOLUTE
    ..\Drivers\STM32H7xx_HAL_Driver\Src\stm32h7xx_hal_gpio.c 0x00000000   Number         0  stm32h7xx_hal_gpio.o ABSOLUTE
    ..\Drivers\STM32H7xx_HAL_Driver\Src\stm32h7xx_hal_hsem.c 0x00000000   Number         0  stm32h7xx_hal_hsem.o ABSOLUTE
    ..\Drivers\STM32H7xx_HAL_Driver\Src\stm32h7xx_hal_i2c.c 0x00000000   Number         0  stm32h7xx_hal_i2c.o ABSOLUTE
    ..\Drivers\STM32H7xx_HAL_Driver\Src\stm32h7xx_hal_i2c_ex.c 0x00000000   Number         0  stm32h7xx_hal_i2c_ex.o ABSOLUTE
    ..\Drivers\STM32H7xx_HAL_Driver\Src\stm32h7xx_hal_mdma.c 0x00000000   Number         0  stm32h7xx_hal_mdma.o ABSOLUTE
    ..\Drivers\STM32H7xx_HAL_Driver\Src\stm32h7xx_hal_pwr.c 0x00000000   Number         0  stm32h7xx_hal_pwr.o ABSOLUTE
    ..\Drivers\STM32H7xx_HAL_Driver\Src\stm32h7xx_hal_pwr_ex.c 0x00000000   Number         0  stm32h7xx_hal_pwr_ex.o ABSOLUTE
    ..\Drivers\STM32H7xx_HAL_Driver\Src\stm32h7xx_hal_rcc.c 0x00000000   Number         0  stm32h7xx_hal_rcc.o ABSOLUTE
    ..\Drivers\STM32H7xx_HAL_Driver\Src\stm32h7xx_hal_rcc_ex.c 0x00000000   Number         0  stm32h7xx_hal_rcc_ex.o ABSOLUTE
    ..\Drivers\STM32H7xx_HAL_Driver\Src\stm32h7xx_hal_tim.c 0x00000000   Number         0  stm32h7xx_hal_tim.o ABSOLUTE
    ..\Drivers\STM32H7xx_HAL_Driver\Src\stm32h7xx_hal_tim_ex.c 0x00000000   Number         0  stm32h7xx_hal_tim_ex.o ABSOLUTE
    ..\Drivers\STM32H7xx_HAL_Driver\Src\stm32h7xx_hal_uart.c 0x00000000   Number         0  stm32h7xx_hal_uart.o ABSOLUTE
    ..\Drivers\STM32H7xx_HAL_Driver\Src\stm32h7xx_hal_uart_ex.c 0x00000000   Number         0  stm32h7xx_hal_uart_ex.o ABSOLUTE
    ..\\Core\\Src\\A1_motor_drive.c          0x00000000   Number         0  a1_motor_drive.o ABSOLUTE
    ..\\Core\\Src\\calc.c                    0x00000000   Number         0  calc.o ABSOLUTE
    ..\\Core\\Src\\joint.c                   0x00000000   Number         0  joint.o ABSOLUTE
    ..\\Core\\Src\\key_state_machine.c       0x00000000   Number         0  key_state_machine.o ABSOLUTE
    dc.s                                     0x00000000   Number         0  dc.o ABSOLUTE
    handlers.s                               0x00000000   Number         0  handlers.o ABSOLUTE
    init.s                                   0x00000000   Number         0  init.o ABSOLUTE
    startup_stm32h743xx.s                    0x00000000   Number         0  startup_stm32h743xx.o ABSOLUTE
    RESET                                    0x08000000   Section      664  startup_stm32h743xx.o(RESET)
    .ARM.Collect$$$$00000000                 0x08000298   Section        0  entry.o(.ARM.Collect$$$$00000000)
    .ARM.Collect$$$$00000001                 0x08000298   Section        4  entry2.o(.ARM.Collect$$$$00000001)
    .ARM.Collect$$$$00000004                 0x0800029c   Section        4  entry5.o(.ARM.Collect$$$$00000004)
    .ARM.Collect$$$$00000008                 0x080002a0   Section        0  entry7b.o(.ARM.Collect$$$$00000008)
    .ARM.Collect$$$$0000000A                 0x080002a0   Section        0  entry8b.o(.ARM.Collect$$$$0000000A)
    .ARM.Collect$$$$0000000B                 0x080002a0   Section        8  entry9a.o(.ARM.Collect$$$$0000000B)
    .ARM.Collect$$$$0000000E                 0x080002a8   Section        4  entry12b.o(.ARM.Collect$$$$0000000E)
    .ARM.Collect$$$$0000000F                 0x080002ac   Section        0  entry10a.o(.ARM.Collect$$$$0000000F)
    .ARM.Collect$$$$00000011                 0x080002ac   Section        0  entry11a.o(.ARM.Collect$$$$00000011)
    .ARM.Collect$$$$00002712                 0x080002ac   Section        4  entry2.o(.ARM.Collect$$$$00002712)
    __lit__00000000                          0x080002ac   Data           4  entry2.o(.ARM.Collect$$$$00002712)
    .text                                    0x080002b0   Section       44  startup_stm32h743xx.o(.text)
    $v0                                      0x080002b0   Number         0  startup_stm32h743xx.o(.text)
    .text                                    0x080002dc   Section        0  uldiv.o(.text)
    .text                                    0x0800033e   Section        0  memcpya.o(.text)
    .text                                    0x08000362   Section        0  memseta.o(.text)
    .text                                    0x08000386   Section        0  llshl.o(.text)
    .text                                    0x080003a4   Section        0  llushr.o(.text)
    .text                                    0x080003c4   Section       36  init.o(.text)
    .text                                    0x080003c4   Section        0  iusefp.o(.text)
    .text                                    0x080003e8   Section        0  __dczerorl2.o(.text)
    i.BusFault_Handler                       0x0800043e   Section        0  stm32h7xx_it.o(i.BusFault_Handler)
    i.DebugMon_Handler                       0x08000440   Section        0  stm32h7xx_it.o(i.DebugMon_Handler)
    i.Error_Handler                          0x08000442   Section        0  main.o(i.Error_Handler)
    i.ExitRun0Mode                           0x08000448   Section        0  system_stm32h7xx.o(i.ExitRun0Mode)
    i.HAL_Delay                              0x08000464   Section        0  stm32h7xx_hal.o(i.HAL_Delay)
    i.HAL_GPIO_Init                          0x08000488   Section        0  stm32h7xx_hal_gpio.o(i.HAL_GPIO_Init)
    i.HAL_GPIO_ReadPin                       0x080006b4   Section        0  stm32h7xx_hal_gpio.o(i.HAL_GPIO_ReadPin)
    i.HAL_GetREVID                           0x080006c0   Section        0  stm32h7xx_hal.o(i.HAL_GetREVID)
    i.HAL_GetTick                            0x080006cc   Section        0  stm32h7xx_hal.o(i.HAL_GetTick)
    i.HAL_IncTick                            0x080006d8   Section        0  stm32h7xx_hal.o(i.HAL_IncTick)
    i.HAL_Init                               0x080006e8   Section        0  stm32h7xx_hal.o(i.HAL_Init)
    i.HAL_InitTick                           0x08000744   Section        0  stm32h7xx_hal.o(i.HAL_InitTick)
    i.HAL_MPU_ConfigRegion                   0x08000784   Section        0  stm32h7xx_hal_cortex.o(i.HAL_MPU_ConfigRegion)
    i.HAL_MPU_Disable                        0x080007e0   Section        0  stm32h7xx_hal_cortex.o(i.HAL_MPU_Disable)
    i.HAL_MPU_Enable                         0x080007fc   Section        0  stm32h7xx_hal_cortex.o(i.HAL_MPU_Enable)
    i.HAL_MspInit                            0x08000820   Section        0  stm32h7xx_hal_msp.o(i.HAL_MspInit)
    i.HAL_NVIC_EnableIRQ                     0x0800083c   Section        0  stm32h7xx_hal_cortex.o(i.HAL_NVIC_EnableIRQ)
    i.HAL_NVIC_SetPriority                   0x08000858   Section        0  stm32h7xx_hal_cortex.o(i.HAL_NVIC_SetPriority)
    i.HAL_NVIC_SetPriorityGrouping           0x08000898   Section        0  stm32h7xx_hal_cortex.o(i.HAL_NVIC_SetPriorityGrouping)
    i.HAL_PWREx_ConfigSupply                 0x080008bc   Section        0  stm32h7xx_hal_pwr_ex.o(i.HAL_PWREx_ConfigSupply)
    i.HAL_RCCEx_GetD3PCLK1Freq               0x08000910   Section        0  stm32h7xx_hal_rcc_ex.o(i.HAL_RCCEx_GetD3PCLK1Freq)
    i.HAL_RCCEx_GetPLL2ClockFreq             0x08000934   Section        0  stm32h7xx_hal_rcc_ex.o(i.HAL_RCCEx_GetPLL2ClockFreq)
    i.HAL_RCCEx_GetPLL3ClockFreq             0x08000a78   Section        0  stm32h7xx_hal_rcc_ex.o(i.HAL_RCCEx_GetPLL3ClockFreq)
    i.HAL_RCCEx_PeriphCLKConfig              0x08000bbc   Section        0  stm32h7xx_hal_rcc_ex.o(i.HAL_RCCEx_PeriphCLKConfig)
    i.HAL_RCC_ClockConfig                    0x08001568   Section        0  stm32h7xx_hal_rcc.o(i.HAL_RCC_ClockConfig)
    i.HAL_RCC_GetHCLKFreq                    0x080017c4   Section        0  stm32h7xx_hal_rcc.o(i.HAL_RCC_GetHCLKFreq)
    i.HAL_RCC_GetPCLK1Freq                   0x08001808   Section        0  stm32h7xx_hal_rcc.o(i.HAL_RCC_GetPCLK1Freq)
    i.HAL_RCC_GetPCLK2Freq                   0x0800182c   Section        0  stm32h7xx_hal_rcc.o(i.HAL_RCC_GetPCLK2Freq)
    i.HAL_RCC_GetSysClockFreq                0x08001850   Section        0  stm32h7xx_hal_rcc.o(i.HAL_RCC_GetSysClockFreq)
    i.HAL_RCC_OscConfig                      0x08001988   Section        0  stm32h7xx_hal_rcc.o(i.HAL_RCC_OscConfig)
    i.HAL_RS485Ex_Init                       0x08001f0c   Section        0  stm32h7xx_hal_uart_ex.o(i.HAL_RS485Ex_Init)
    i.HAL_SYSTICK_Config                     0x08001f98   Section        0  stm32h7xx_hal_cortex.o(i.HAL_SYSTICK_Config)
    i.HAL_TIMEx_Break2Callback               0x08001fbe   Section        0  stm32h7xx_hal_tim_ex.o(i.HAL_TIMEx_Break2Callback)
    i.HAL_TIMEx_BreakCallback                0x08001fc0   Section        0  stm32h7xx_hal_tim_ex.o(i.HAL_TIMEx_BreakCallback)
    i.HAL_TIMEx_CommutCallback               0x08001fc2   Section        0  stm32h7xx_hal_tim_ex.o(i.HAL_TIMEx_CommutCallback)
    i.HAL_TIMEx_MasterConfigSynchronization  0x08001fc4   Section        0  stm32h7xx_hal_tim_ex.o(i.HAL_TIMEx_MasterConfigSynchronization)
    i.HAL_TIM_Base_Init                      0x08002068   Section        0  stm32h7xx_hal_tim.o(i.HAL_TIM_Base_Init)
    i.HAL_TIM_Base_MspInit                   0x080020cc   Section        0  tim.o(i.HAL_TIM_Base_MspInit)
    i.HAL_TIM_Base_Start_IT                  0x08002104   Section        0  stm32h7xx_hal_tim.o(i.HAL_TIM_Base_Start_IT)
    i.HAL_TIM_ConfigClockSource              0x08002190   Section        0  stm32h7xx_hal_tim.o(i.HAL_TIM_ConfigClockSource)
    i.HAL_TIM_IC_CaptureCallback             0x0800228c   Section        0  stm32h7xx_hal_tim.o(i.HAL_TIM_IC_CaptureCallback)
    i.HAL_TIM_IRQHandler                     0x0800228e   Section        0  stm32h7xx_hal_tim.o(i.HAL_TIM_IRQHandler)
    i.HAL_TIM_OC_DelayElapsedCallback        0x080023d6   Section        0  stm32h7xx_hal_tim.o(i.HAL_TIM_OC_DelayElapsedCallback)
    i.HAL_TIM_PWM_PulseFinishedCallback      0x080023d8   Section        0  stm32h7xx_hal_tim.o(i.HAL_TIM_PWM_PulseFinishedCallback)
    i.HAL_TIM_PeriodElapsedCallback          0x080023da   Section        0  main.o(i.HAL_TIM_PeriodElapsedCallback)
    i.HAL_TIM_TriggerCallback                0x080023f2   Section        0  stm32h7xx_hal_tim.o(i.HAL_TIM_TriggerCallback)
    i.HAL_UARTEx_DisableFifoMode             0x080023f4   Section        0  stm32h7xx_hal_uart_ex.o(i.HAL_UARTEx_DisableFifoMode)
    i.HAL_UARTEx_SetRxFifoThreshold          0x08002434   Section        0  stm32h7xx_hal_uart_ex.o(i.HAL_UARTEx_SetRxFifoThreshold)
    i.HAL_UARTEx_SetTxFifoThreshold          0x08002480   Section        0  stm32h7xx_hal_uart_ex.o(i.HAL_UARTEx_SetTxFifoThreshold)
    i.HAL_UART_GetError                      0x080024cc   Section        0  stm32h7xx_hal_uart.o(i.HAL_UART_GetError)
    i.HAL_UART_MspInit                       0x080024d4   Section        0  usart.o(i.HAL_UART_MspInit)
    i.HAL_UART_Receive                       0x08002734   Section        0  stm32h7xx_hal_uart.o(i.HAL_UART_Receive)
    i.HAL_UART_Transmit                      0x0800281c   Section        0  stm32h7xx_hal_uart.o(i.HAL_UART_Transmit)
    i.HardFault_Handler                      0x080028cc   Section        0  stm32h7xx_it.o(i.HardFault_Handler)
    i.Joint_Full_PW_Control                  0x080028d0   Section        0  joint.o(i.Joint_Full_PW_Control)
    i.Joint_Full_zero_Control                0x080029bc   Section        0  joint.o(i.Joint_Full_zero_Control)
    i.Joint_PW_Control                       0x08002aa8   Section        0  joint.o(i.Joint_PW_Control)
    i.Joint_Zero_OK                          0x08002c2c   Section        0  joint.o(i.Joint_Zero_OK)
    i.Joint_Zero_init_Type1                  0x08002cc4   Section        0  joint.o(i.Joint_Zero_init_Type1)
    i.Joint_Zero_init_Type2                  0x08002e34   Section        0  joint.o(i.Joint_Zero_init_Type2)
    i.Joint_readall                          0x08002fa4   Section        0  joint.o(i.Joint_readall)
    i.Joint_zero_Control                     0x08003108   Section        0  joint.o(i.Joint_zero_Control)
    i.Key_HandleEvents                       0x08003288   Section        0  key_state_machine.o(i.Key_HandleEvents)
    Key_HandleEvents                         0x08003289   Thumb Code   112  key_state_machine.o(i.Key_HandleEvents)
    i.Key_Process                            0x08003300   Section        0  key_state_machine.o(i.Key_Process)
    i.Key_StateMachine                       0x0800332c   Section        0  key_state_machine.o(i.Key_StateMachine)
    Key_StateMachine                         0x0800332d   Thumb Code   186  key_state_machine.o(i.Key_StateMachine)
    i.MX_GPIO_Init                           0x080033e8   Section        0  gpio.o(i.MX_GPIO_Init)
    i.MX_TIM2_Init                           0x08003464   Section        0  tim.o(i.MX_TIM2_Init)
    i.MX_UART4_Init                          0x080034cc   Section        0  usart.o(i.MX_UART4_Init)
    i.MX_UART8_Init                          0x08003538   Section        0  usart.o(i.MX_UART8_Init)
    i.MX_USART1_UART_Init                    0x080035b4   Section        0  usart.o(i.MX_USART1_UART_Init)
    i.MX_USART2_UART_Init                    0x08003620   Section        0  usart.o(i.MX_USART2_UART_Init)
    i.MemManage_Handler                      0x0800368c   Section        0  stm32h7xx_it.o(i.MemManage_Handler)
    i.NMI_Handler                            0x0800368e   Section        0  stm32h7xx_it.o(i.NMI_Handler)
    i.PendSV_Handler                         0x08003690   Section        0  stm32h7xx_it.o(i.PendSV_Handler)
    i.RCCEx_PLL2_Config                      0x08003694   Section        0  stm32h7xx_hal_rcc_ex.o(i.RCCEx_PLL2_Config)
    RCCEx_PLL2_Config                        0x08003695   Thumb Code   284  stm32h7xx_hal_rcc_ex.o(i.RCCEx_PLL2_Config)
    i.RCCEx_PLL3_Config                      0x080037b4   Section        0  stm32h7xx_hal_rcc_ex.o(i.RCCEx_PLL3_Config)
    RCCEx_PLL3_Config                        0x080037b5   Thumb Code   284  stm32h7xx_hal_rcc_ex.o(i.RCCEx_PLL3_Config)
    i.SVC_Handler                            0x080038d4   Section        0  stm32h7xx_it.o(i.SVC_Handler)
    i.SysTick_Handler                        0x080038d6   Section        0  stm32h7xx_it.o(i.SysTick_Handler)
    i.SystemClock_Config                     0x080038dc   Section        0  main.o(i.SystemClock_Config)
    i.SystemInit                             0x08003984   Section        0  system_stm32h7xx.o(i.SystemInit)
    i.TIM2_IRQHandler                        0x08003a7c   Section        0  stm32h7xx_it.o(i.TIM2_IRQHandler)
    i.TIM_Base_SetConfig                     0x08003a88   Section        0  stm32h7xx_hal_tim.o(i.TIM_Base_SetConfig)
    i.TIM_ETR_SetConfig                      0x08003b54   Section        0  stm32h7xx_hal_tim.o(i.TIM_ETR_SetConfig)
    i.TIM_ITRx_SetConfig                     0x08003b68   Section        0  stm32h7xx_hal_tim.o(i.TIM_ITRx_SetConfig)
    TIM_ITRx_SetConfig                       0x08003b69   Thumb Code    16  stm32h7xx_hal_tim.o(i.TIM_ITRx_SetConfig)
    i.TIM_TI1_ConfigInputStage               0x08003b7c   Section        0  stm32h7xx_hal_tim.o(i.TIM_TI1_ConfigInputStage)
    TIM_TI1_ConfigInputStage                 0x08003b7d   Thumb Code    34  stm32h7xx_hal_tim.o(i.TIM_TI1_ConfigInputStage)
    i.TIM_TI2_ConfigInputStage               0x08003b9e   Section        0  stm32h7xx_hal_tim.o(i.TIM_TI2_ConfigInputStage)
    TIM_TI2_ConfigInputStage                 0x08003b9f   Thumb Code    36  stm32h7xx_hal_tim.o(i.TIM_TI2_ConfigInputStage)
    i.Task_Execute                           0x08003bc4   Section        0  key_state_machine.o(i.Task_Execute)
    i.UARTEx_SetNbDataToProcess              0x08003dc0   Section        0  stm32h7xx_hal_uart_ex.o(i.UARTEx_SetNbDataToProcess)
    UARTEx_SetNbDataToProcess                0x08003dc1   Thumb Code    62  stm32h7xx_hal_uart_ex.o(i.UARTEx_SetNbDataToProcess)
    i.UART_AdvFeatureConfig                  0x08003e04   Section        0  stm32h7xx_hal_uart.o(i.UART_AdvFeatureConfig)
    i.UART_CheckIdleState                    0x08003ecc   Section        0  stm32h7xx_hal_uart.o(i.UART_CheckIdleState)
    i.UART_EndRxTransfer                     0x08003f78   Section        0  stm32h7xx_hal_uart.o(i.UART_EndRxTransfer)
    UART_EndRxTransfer                       0x08003f79   Thumb Code    78  stm32h7xx_hal_uart.o(i.UART_EndRxTransfer)
    i.UART_SetConfig                         0x08003fcc   Section        0  stm32h7xx_hal_uart.o(i.UART_SetConfig)
    i.UART_WaitOnFlagUntilTimeout            0x08004378   Section        0  stm32h7xx_hal_uart.o(i.UART_WaitOnFlagUntilTimeout)
    i.UsageFault_Handler                     0x0800440c   Section        0  stm32h7xx_it.o(i.UsageFault_Handler)
    i.__ARM_fpclassifyf                      0x0800440e   Section        0  fpclassifyf.o(i.__ARM_fpclassifyf)
    i.__NVIC_SetPriority                     0x08004434   Section        0  stm32h7xx_hal_cortex.o(i.__NVIC_SetPriority)
    __NVIC_SetPriority                       0x08004435   Thumb Code    34  stm32h7xx_hal_cortex.o(i.__NVIC_SetPriority)
    i.__hardfp_cosf                          0x08004458   Section        0  cosf.o(i.__hardfp_cosf)
    i.__hardfp_sinf                          0x080045a8   Section        0  sinf.o(i.__hardfp_sinf)
    i.__hardfp_sqrtf                         0x0800473c   Section        0  sqrtf.o(i.__hardfp_sqrtf)
    i.__mathlib_flt_infnan                   0x08004776   Section        0  funder.o(i.__mathlib_flt_infnan)
    i.__mathlib_flt_invalid                  0x0800477c   Section        0  funder.o(i.__mathlib_flt_invalid)
    i.__mathlib_flt_underflow                0x0800478c   Section        0  funder.o(i.__mathlib_flt_underflow)
    i.__mathlib_rredf2                       0x0800479c   Section        0  rredf.o(i.__mathlib_rredf2)
    i.__scatterload_copy                     0x080048f0   Section       14  handlers.o(i.__scatterload_copy)
    i.__scatterload_null                     0x080048fe   Section        2  handlers.o(i.__scatterload_null)
    i.__scatterload_zeroinit                 0x08004900   Section       14  handlers.o(i.__scatterload_zeroinit)
    i.__set_errno                            0x08004910   Section        0  errno.o(i.__set_errno)
    i.calculate_poly5_coeff                  0x0800491c   Section        0  calc.o(i.calculate_poly5_coeff)
    calculate_poly5_coeff                    0x0800491d   Thumb Code   198  calc.o(i.calculate_poly5_coeff)
    i.cdpr_init                              0x080049e4   Section        0  calc.o(i.cdpr_init)
    i.check_angle_with_start                 0x08004a08   Section        0  joint.o(i.check_angle_with_start)
    i.crc32_core_Ver3                        0x08004c68   Section        0  a1_motor_drive.o(i.crc32_core_Ver3)
    i.crc_ccitt                              0x08004ca4   Section        0  crc_ccitt.o(i.crc_ccitt)
    i.crc_ccitt_byte                         0x08004cbc   Section        0  crc_ccitt.o(i.crc_ccitt_byte)
    i.cross_product                          0x08004cd0   Section        0  calc.o(i.cross_product)
    i.extract_data                           0x08004d28   Section        0  gom_protocol.o(i.extract_data)
    i.fabsf                                  0x08004e10   Section        0  joint.o(i.fabsf)
    fabsf                                    0x08004e11   Thumb Code     6  joint.o(i.fabsf)
    i.generate_trajectory_and_angles         0x08004e18   Section        0  calc.o(i.generate_trajectory_and_angles)
    generate_trajectory_and_angles           0x08004e19   Thumb Code   772  calc.o(i.generate_trajectory_and_angles)
    i.generate_zero_return_trajectory        0x0800513c   Section        0  calc.o(i.generate_zero_return_trajectory)
    generate_zero_return_trajectory          0x0800513d   Thumb Code   324  calc.o(i.generate_zero_return_trajectory)
    i.get_rotation_matrix                    0x08005298   Section        0  calc.o(i.get_rotation_matrix)
    i.get_translation_matrix                 0x08005370   Section        0  calc.o(i.get_translation_matrix)
    i.go_pw_cmd                              0x080053c0   Section        0  gom_protocol.o(i.go_pw_cmd)
    i.go_spd_cmd                             0x0800540c   Section        0  gom_protocol.o(i.go_spd_cmd)
    i.go_torque_cmd                          0x08005444   Section        0  gom_protocol.o(i.go_torque_cmd)
    i.main                                   0x08005468   Section        0  main.o(i.main)
    i.matrix_multiply                        0x080055e0   Section        0  calc.o(i.matrix_multiply)
    i.modify_PW_cmd                          0x08005644   Section        0  a1_motor_drive.o(i.modify_PW_cmd)
    i.modify_data                            0x08005694   Section        0  gom_protocol.o(i.modify_data)
    i.modify_speed_cmd                       0x08005850   Section        0  a1_motor_drive.o(i.modify_speed_cmd)
    i.modify_torque_cmd                      0x0800588c   Section        0  a1_motor_drive.o(i.modify_torque_cmd)
    i.motor_init_zero_return                 0x080058e0   Section        0  calc.o(i.motor_init_zero_return)
    i.motor_relax                            0x080058e4   Section        0  a1_motor_drive.o(i.motor_relax)
    i.point_mult_matrix                      0x080059ec   Section        0  calc.o(i.point_mult_matrix)
    i.unitreeA1_rxtx                         0x08005a88   Section        0  a1_motor_drive.o(i.unitreeA1_rxtx)
    i.vector_norm                            0x08005d78   Section        0  calc.o(i.vector_norm)
    .constdata                               0x08005d94   Section      448  calc.o(.constdata)
    .constdata                               0x08005f54   Section      512  crc_ccitt.o(.constdata)
    .constdata                               0x08006154   Section       48  key_state_machine.o(.constdata)
    .constdata                               0x08006184   Section       24  stm32h7xx_hal_uart.o(.constdata)
    .constdata                               0x0800619c   Section       16  stm32h7xx_hal_uart_ex.o(.constdata)
    numerator                                0x0800619c   Data           8  stm32h7xx_hal_uart_ex.o(.constdata)
    denominator                              0x080061a4   Data           8  stm32h7xx_hal_uart_ex.o(.constdata)
    .constdata                               0x080061ac   Section       16  system_stm32h7xx.o(.constdata)
    .constdata                               0x080061bc   Section       32  rredf.o(.constdata)
    twooverpi                                0x080061bc   Data          32  rredf.o(.constdata)
    .data                                    0x24000000   Section       16  a1_motor_drive.o(.data)
    .data                                    0x24000010   Section      264  calc.o(.data)
    .data                                    0x24000118   Section        1  calc.o(.data)
    .data                                    0x2400011c   Section       36  joint.o(.data)
    .data                                    0x24000140   Section      124  key_state_machine.o(.data)
    key1                                     0x2400014c   Data          28  key_state_machine.o(.data)
    key2                                     0x24000168   Data          28  key_state_machine.o(.data)
    key3                                     0x24000184   Data          28  key_state_machine.o(.data)
    key4                                     0x240001a0   Data          28  key_state_machine.o(.data)
    .data                                    0x240001bc   Section       16  main.o(.data)
    .data                                    0x240001cc   Section       12  stm32h7xx_hal.o(.data)
    .data                                    0x240001d8   Section        8  system_stm32h7xx.o(.data)
    .data                                    0x240001e0   Section        4  errno.o(.data)
    _errno                                   0x240001e0   Data           4  errno.o(.data)
    .bss                                     0x240001e4   Section     1454  a1_motor_drive.o(.bss)
    Date_group1                              0x24000698   Data          78  a1_motor_drive.o(.bss)
    Date_group2                              0x240006e6   Data          78  a1_motor_drive.o(.bss)
    Date_group3                              0x24000734   Data          78  a1_motor_drive.o(.bss)
    Date_go_group4                           0x24000782   Data          16  a1_motor_drive.o(.bss)
    .bss                                     0x24000794   Section    32496  calc.o(.bss)
    .bss                                     0x24008684   Section       96  joint.o(.bss)
    .bss                                     0x240086e4   Section       76  tim.o(.bss)
    .bss                                     0x24008730   Section      592  usart.o(.bss)
    STACK                                    0x24008980   Section    16384  startup_stm32h743xx.o(STACK)

    Global Symbols

    Symbol Name                              Value     Ov Type        Size  Object(Section)

    BuildAttributes$$THM_ISAv4$E$P$D$K$B$S$7EM$VFPv5_D16$PE$PLD8$A:L22UL41UL21$X:L11$S22US41US21$IEEE1$IW$USESV6$~STKCKD$USESV7$~SHL$OTIME$ROPI$IEEEX$EBA8$MICROLIB$REQ8$PRES8$EABIv2 0x00000000   Number         0  anon$$obj.o ABSOLUTE
    __ARM_use_no_argv                        0x00000000   Number         0  main.o ABSOLUTE
    __arm_fini_                               - Undefined Weak Reference
    __cpp_initialize__aeabi_                  - Undefined Weak Reference
    __cxa_finalize                            - Undefined Weak Reference
    _clock_init                               - Undefined Weak Reference
    _microlib_exit                            - Undefined Weak Reference
    __Vectors_Size                           0x00000298   Number         0  startup_stm32h743xx.o ABSOLUTE
    __Vectors                                0x08000000   Data           4  startup_stm32h743xx.o(RESET)
    __Vectors_End                            0x08000298   Data           0  startup_stm32h743xx.o(RESET)
    __main                                   0x08000299   Thumb Code     0  entry.o(.ARM.Collect$$$$00000000)
    _main_stk                                0x08000299   Thumb Code     0  entry2.o(.ARM.Collect$$$$00000001)
    _main_scatterload                        0x0800029d   Thumb Code     0  entry5.o(.ARM.Collect$$$$00000004)
    __main_after_scatterload                 0x080002a1   Thumb Code     0  entry5.o(.ARM.Collect$$$$00000004)
    _main_clock                              0x080002a1   Thumb Code     0  entry7b.o(.ARM.Collect$$$$00000008)
    _main_cpp_init                           0x080002a1   Thumb Code     0  entry8b.o(.ARM.Collect$$$$0000000A)
    _main_init                               0x080002a1   Thumb Code     0  entry9a.o(.ARM.Collect$$$$0000000B)
    __rt_lib_shutdown_fini                   0x080002a9   Thumb Code     0  entry12b.o(.ARM.Collect$$$$0000000E)
    __rt_final_cpp                           0x080002ad   Thumb Code     0  entry10a.o(.ARM.Collect$$$$0000000F)
    __rt_final_exit                          0x080002ad   Thumb Code     0  entry11a.o(.ARM.Collect$$$$00000011)
    Reset_Handler                            0x080002b1   Thumb Code    12  startup_stm32h743xx.o(.text)
    ADC3_IRQHandler                          0x080002cf   Thumb Code     0  startup_stm32h743xx.o(.text)
    ADC_IRQHandler                           0x080002cf   Thumb Code     0  startup_stm32h743xx.o(.text)
    BDMA_Channel0_IRQHandler                 0x080002cf   Thumb Code     0  startup_stm32h743xx.o(.text)
    BDMA_Channel1_IRQHandler                 0x080002cf   Thumb Code     0  startup_stm32h743xx.o(.text)
    BDMA_Channel2_IRQHandler                 0x080002cf   Thumb Code     0  startup_stm32h743xx.o(.text)
    BDMA_Channel3_IRQHandler                 0x080002cf   Thumb Code     0  startup_stm32h743xx.o(.text)
    BDMA_Channel4_IRQHandler                 0x080002cf   Thumb Code     0  startup_stm32h743xx.o(.text)
    BDMA_Channel5_IRQHandler                 0x080002cf   Thumb Code     0  startup_stm32h743xx.o(.text)
    BDMA_Channel6_IRQHandler                 0x080002cf   Thumb Code     0  startup_stm32h743xx.o(.text)
    BDMA_Channel7_IRQHandler                 0x080002cf   Thumb Code     0  startup_stm32h743xx.o(.text)
    CEC_IRQHandler                           0x080002cf   Thumb Code     0  startup_stm32h743xx.o(.text)
    COMP1_IRQHandler                         0x080002cf   Thumb Code     0  startup_stm32h743xx.o(.text)
    CRS_IRQHandler                           0x080002cf   Thumb Code     0  startup_stm32h743xx.o(.text)
    DCMI_IRQHandler                          0x080002cf   Thumb Code     0  startup_stm32h743xx.o(.text)
    DFSDM1_FLT0_IRQHandler                   0x080002cf   Thumb Code     0  startup_stm32h743xx.o(.text)
    DFSDM1_FLT1_IRQHandler                   0x080002cf   Thumb Code     0  startup_stm32h743xx.o(.text)
    DFSDM1_FLT2_IRQHandler                   0x080002cf   Thumb Code     0  startup_stm32h743xx.o(.text)
    DFSDM1_FLT3_IRQHandler                   0x080002cf   Thumb Code     0  startup_stm32h743xx.o(.text)
    DMA1_Stream0_IRQHandler                  0x080002cf   Thumb Code     0  startup_stm32h743xx.o(.text)
    DMA1_Stream1_IRQHandler                  0x080002cf   Thumb Code     0  startup_stm32h743xx.o(.text)
    DMA1_Stream2_IRQHandler                  0x080002cf   Thumb Code     0  startup_stm32h743xx.o(.text)
    DMA1_Stream3_IRQHandler                  0x080002cf   Thumb Code     0  startup_stm32h743xx.o(.text)
    DMA1_Stream4_IRQHandler                  0x080002cf   Thumb Code     0  startup_stm32h743xx.o(.text)
    DMA1_Stream5_IRQHandler                  0x080002cf   Thumb Code     0  startup_stm32h743xx.o(.text)
    DMA1_Stream6_IRQHandler                  0x080002cf   Thumb Code     0  startup_stm32h743xx.o(.text)
    DMA1_Stream7_IRQHandler                  0x080002cf   Thumb Code     0  startup_stm32h743xx.o(.text)
    DMA2D_IRQHandler                         0x080002cf   Thumb Code     0  startup_stm32h743xx.o(.text)
    DMA2_Stream0_IRQHandler                  0x080002cf   Thumb Code     0  startup_stm32h743xx.o(.text)
    DMA2_Stream1_IRQHandler                  0x080002cf   Thumb Code     0  startup_stm32h743xx.o(.text)
    DMA2_Stream2_IRQHandler                  0x080002cf   Thumb Code     0  startup_stm32h743xx.o(.text)
    DMA2_Stream3_IRQHandler                  0x080002cf   Thumb Code     0  startup_stm32h743xx.o(.text)
    DMA2_Stream4_IRQHandler                  0x080002cf   Thumb Code     0  startup_stm32h743xx.o(.text)
    DMA2_Stream5_IRQHandler                  0x080002cf   Thumb Code     0  startup_stm32h743xx.o(.text)
    DMA2_Stream6_IRQHandler                  0x080002cf   Thumb Code     0  startup_stm32h743xx.o(.text)
    DMA2_Stream7_IRQHandler                  0x080002cf   Thumb Code     0  startup_stm32h743xx.o(.text)
    DMAMUX1_OVR_IRQHandler                   0x080002cf   Thumb Code     0  startup_stm32h743xx.o(.text)
    DMAMUX2_OVR_IRQHandler                   0x080002cf   Thumb Code     0  startup_stm32h743xx.o(.text)
    ECC_IRQHandler                           0x080002cf   Thumb Code     0  startup_stm32h743xx.o(.text)
    ETH_IRQHandler                           0x080002cf   Thumb Code     0  startup_stm32h743xx.o(.text)
    ETH_WKUP_IRQHandler                      0x080002cf   Thumb Code     0  startup_stm32h743xx.o(.text)
    EXTI0_IRQHandler                         0x080002cf   Thumb Code     0  startup_stm32h743xx.o(.text)
    EXTI15_10_IRQHandler                     0x080002cf   Thumb Code     0  startup_stm32h743xx.o(.text)
    EXTI1_IRQHandler                         0x080002cf   Thumb Code     0  startup_stm32h743xx.o(.text)
    EXTI2_IRQHandler                         0x080002cf   Thumb Code     0  startup_stm32h743xx.o(.text)
    EXTI3_IRQHandler                         0x080002cf   Thumb Code     0  startup_stm32h743xx.o(.text)
    EXTI4_IRQHandler                         0x080002cf   Thumb Code     0  startup_stm32h743xx.o(.text)
    EXTI9_5_IRQHandler                       0x080002cf   Thumb Code     0  startup_stm32h743xx.o(.text)
    FDCAN1_IT0_IRQHandler                    0x080002cf   Thumb Code     0  startup_stm32h743xx.o(.text)
    FDCAN1_IT1_IRQHandler                    0x080002cf   Thumb Code     0  startup_stm32h743xx.o(.text)
    FDCAN2_IT0_IRQHandler                    0x080002cf   Thumb Code     0  startup_stm32h743xx.o(.text)
    FDCAN2_IT1_IRQHandler                    0x080002cf   Thumb Code     0  startup_stm32h743xx.o(.text)
    FDCAN_CAL_IRQHandler                     0x080002cf   Thumb Code     0  startup_stm32h743xx.o(.text)
    FLASH_IRQHandler                         0x080002cf   Thumb Code     0  startup_stm32h743xx.o(.text)
    FMC_IRQHandler                           0x080002cf   Thumb Code     0  startup_stm32h743xx.o(.text)
    FPU_IRQHandler                           0x080002cf   Thumb Code     0  startup_stm32h743xx.o(.text)
    HRTIM1_FLT_IRQHandler                    0x080002cf   Thumb Code     0  startup_stm32h743xx.o(.text)
    HRTIM1_Master_IRQHandler                 0x080002cf   Thumb Code     0  startup_stm32h743xx.o(.text)
    HRTIM1_TIMA_IRQHandler                   0x080002cf   Thumb Code     0  startup_stm32h743xx.o(.text)
    HRTIM1_TIMB_IRQHandler                   0x080002cf   Thumb Code     0  startup_stm32h743xx.o(.text)
    HRTIM1_TIMC_IRQHandler                   0x080002cf   Thumb Code     0  startup_stm32h743xx.o(.text)
    HRTIM1_TIMD_IRQHandler                   0x080002cf   Thumb Code     0  startup_stm32h743xx.o(.text)
    HRTIM1_TIME_IRQHandler                   0x080002cf   Thumb Code     0  startup_stm32h743xx.o(.text)
    HSEM1_IRQHandler                         0x080002cf   Thumb Code     0  startup_stm32h743xx.o(.text)
    I2C1_ER_IRQHandler                       0x080002cf   Thumb Code     0  startup_stm32h743xx.o(.text)
    I2C1_EV_IRQHandler                       0x080002cf   Thumb Code     0  startup_stm32h743xx.o(.text)
    I2C2_ER_IRQHandler                       0x080002cf   Thumb Code     0  startup_stm32h743xx.o(.text)
    I2C2_EV_IRQHandler                       0x080002cf   Thumb Code     0  startup_stm32h743xx.o(.text)
    I2C3_ER_IRQHandler                       0x080002cf   Thumb Code     0  startup_stm32h743xx.o(.text)
    I2C3_EV_IRQHandler                       0x080002cf   Thumb Code     0  startup_stm32h743xx.o(.text)
    I2C4_ER_IRQHandler                       0x080002cf   Thumb Code     0  startup_stm32h743xx.o(.text)
    I2C4_EV_IRQHandler                       0x080002cf   Thumb Code     0  startup_stm32h743xx.o(.text)
    JPEG_IRQHandler                          0x080002cf   Thumb Code     0  startup_stm32h743xx.o(.text)
    LPTIM1_IRQHandler                        0x080002cf   Thumb Code     0  startup_stm32h743xx.o(.text)
    LPTIM2_IRQHandler                        0x080002cf   Thumb Code     0  startup_stm32h743xx.o(.text)
    LPTIM3_IRQHandler                        0x080002cf   Thumb Code     0  startup_stm32h743xx.o(.text)
    LPTIM4_IRQHandler                        0x080002cf   Thumb Code     0  startup_stm32h743xx.o(.text)
    LPTIM5_IRQHandler                        0x080002cf   Thumb Code     0  startup_stm32h743xx.o(.text)
    LPUART1_IRQHandler                       0x080002cf   Thumb Code     0  startup_stm32h743xx.o(.text)
    LTDC_ER_IRQHandler                       0x080002cf   Thumb Code     0  startup_stm32h743xx.o(.text)
    LTDC_IRQHandler                          0x080002cf   Thumb Code     0  startup_stm32h743xx.o(.text)
    MDIOS_IRQHandler                         0x080002cf   Thumb Code     0  startup_stm32h743xx.o(.text)
    MDIOS_WKUP_IRQHandler                    0x080002cf   Thumb Code     0  startup_stm32h743xx.o(.text)
    MDMA_IRQHandler                          0x080002cf   Thumb Code     0  startup_stm32h743xx.o(.text)
    OTG_FS_EP1_IN_IRQHandler                 0x080002cf   Thumb Code     0  startup_stm32h743xx.o(.text)
    OTG_FS_EP1_OUT_IRQHandler                0x080002cf   Thumb Code     0  startup_stm32h743xx.o(.text)
    OTG_FS_IRQHandler                        0x080002cf   Thumb Code     0  startup_stm32h743xx.o(.text)
    OTG_FS_WKUP_IRQHandler                   0x080002cf   Thumb Code     0  startup_stm32h743xx.o(.text)
    OTG_HS_EP1_IN_IRQHandler                 0x080002cf   Thumb Code     0  startup_stm32h743xx.o(.text)
    OTG_HS_EP1_OUT_IRQHandler                0x080002cf   Thumb Code     0  startup_stm32h743xx.o(.text)
    OTG_HS_IRQHandler                        0x080002cf   Thumb Code     0  startup_stm32h743xx.o(.text)
    OTG_HS_WKUP_IRQHandler                   0x080002cf   Thumb Code     0  startup_stm32h743xx.o(.text)
    PVD_AVD_IRQHandler                       0x080002cf   Thumb Code     0  startup_stm32h743xx.o(.text)
    QUADSPI_IRQHandler                       0x080002cf   Thumb Code     0  startup_stm32h743xx.o(.text)
    RCC_IRQHandler                           0x080002cf   Thumb Code     0  startup_stm32h743xx.o(.text)
    RNG_IRQHandler                           0x080002cf   Thumb Code     0  startup_stm32h743xx.o(.text)
    RTC_Alarm_IRQHandler                     0x080002cf   Thumb Code     0  startup_stm32h743xx.o(.text)
    RTC_WKUP_IRQHandler                      0x080002cf   Thumb Code     0  startup_stm32h743xx.o(.text)
    SAI1_IRQHandler                          0x080002cf   Thumb Code     0  startup_stm32h743xx.o(.text)
    SAI2_IRQHandler                          0x080002cf   Thumb Code     0  startup_stm32h743xx.o(.text)
    SAI3_IRQHandler                          0x080002cf   Thumb Code     0  startup_stm32h743xx.o(.text)
    SAI4_IRQHandler                          0x080002cf   Thumb Code     0  startup_stm32h743xx.o(.text)
    SDMMC1_IRQHandler                        0x080002cf   Thumb Code     0  startup_stm32h743xx.o(.text)
    SDMMC2_IRQHandler                        0x080002cf   Thumb Code     0  startup_stm32h743xx.o(.text)
    SPDIF_RX_IRQHandler                      0x080002cf   Thumb Code     0  startup_stm32h743xx.o(.text)
    SPI1_IRQHandler                          0x080002cf   Thumb Code     0  startup_stm32h743xx.o(.text)
    SPI2_IRQHandler                          0x080002cf   Thumb Code     0  startup_stm32h743xx.o(.text)
    SPI3_IRQHandler                          0x080002cf   Thumb Code     0  startup_stm32h743xx.o(.text)
    SPI4_IRQHandler                          0x080002cf   Thumb Code     0  startup_stm32h743xx.o(.text)
    SPI5_IRQHandler                          0x080002cf   Thumb Code     0  startup_stm32h743xx.o(.text)
    SPI6_IRQHandler                          0x080002cf   Thumb Code     0  startup_stm32h743xx.o(.text)
    SWPMI1_IRQHandler                        0x080002cf   Thumb Code     0  startup_stm32h743xx.o(.text)
    TAMP_STAMP_IRQHandler                    0x080002cf   Thumb Code     0  startup_stm32h743xx.o(.text)
    TIM15_IRQHandler                         0x080002cf   Thumb Code     0  startup_stm32h743xx.o(.text)
    TIM16_IRQHandler                         0x080002cf   Thumb Code     0  startup_stm32h743xx.o(.text)
    TIM17_IRQHandler                         0x080002cf   Thumb Code     0  startup_stm32h743xx.o(.text)
    TIM1_BRK_IRQHandler                      0x080002cf   Thumb Code     0  startup_stm32h743xx.o(.text)
    TIM1_CC_IRQHandler                       0x080002cf   Thumb Code     0  startup_stm32h743xx.o(.text)
    TIM1_TRG_COM_IRQHandler                  0x080002cf   Thumb Code     0  startup_stm32h743xx.o(.text)
    TIM1_UP_IRQHandler                       0x080002cf   Thumb Code     0  startup_stm32h743xx.o(.text)
    TIM3_IRQHandler                          0x080002cf   Thumb Code     0  startup_stm32h743xx.o(.text)
    TIM4_IRQHandler                          0x080002cf   Thumb Code     0  startup_stm32h743xx.o(.text)
    TIM5_IRQHandler                          0x080002cf   Thumb Code     0  startup_stm32h743xx.o(.text)
    TIM6_DAC_IRQHandler                      0x080002cf   Thumb Code     0  startup_stm32h743xx.o(.text)
    TIM7_IRQHandler                          0x080002cf   Thumb Code     0  startup_stm32h743xx.o(.text)
    TIM8_BRK_TIM12_IRQHandler                0x080002cf   Thumb Code     0  startup_stm32h743xx.o(.text)
    TIM8_CC_IRQHandler                       0x080002cf   Thumb Code     0  startup_stm32h743xx.o(.text)
    TIM8_TRG_COM_TIM14_IRQHandler            0x080002cf   Thumb Code     0  startup_stm32h743xx.o(.text)
    TIM8_UP_TIM13_IRQHandler                 0x080002cf   Thumb Code     0  startup_stm32h743xx.o(.text)
    UART4_IRQHandler                         0x080002cf   Thumb Code     0  startup_stm32h743xx.o(.text)
    UART5_IRQHandler                         0x080002cf   Thumb Code     0  startup_stm32h743xx.o(.text)
    UART7_IRQHandler                         0x080002cf   Thumb Code     0  startup_stm32h743xx.o(.text)
    UART8_IRQHandler                         0x080002cf   Thumb Code     0  startup_stm32h743xx.o(.text)
    USART1_IRQHandler                        0x080002cf   Thumb Code     0  startup_stm32h743xx.o(.text)
    USART2_IRQHandler                        0x080002cf   Thumb Code     0  startup_stm32h743xx.o(.text)
    USART3_IRQHandler                        0x080002cf   Thumb Code     0  startup_stm32h743xx.o(.text)
    USART6_IRQHandler                        0x080002cf   Thumb Code     0  startup_stm32h743xx.o(.text)
    WAKEUP_PIN_IRQHandler                    0x080002cf   Thumb Code     0  startup_stm32h743xx.o(.text)
    WWDG_IRQHandler                          0x080002cf   Thumb Code     0  startup_stm32h743xx.o(.text)
    __aeabi_uldivmod                         0x080002dd   Thumb Code    98  uldiv.o(.text)
    __aeabi_memcpy                           0x0800033f   Thumb Code    36  memcpya.o(.text)
    __aeabi_memcpy4                          0x0800033f   Thumb Code     0  memcpya.o(.text)
    __aeabi_memcpy8                          0x0800033f   Thumb Code     0  memcpya.o(.text)
    __aeabi_memset                           0x08000363   Thumb Code    14  memseta.o(.text)
    __aeabi_memset4                          0x08000363   Thumb Code     0  memseta.o(.text)
    __aeabi_memset8                          0x08000363   Thumb Code     0  memseta.o(.text)
    __aeabi_memclr                           0x08000371   Thumb Code     4  memseta.o(.text)
    __aeabi_memclr4                          0x08000371   Thumb Code     0  memseta.o(.text)
    __aeabi_memclr8                          0x08000371   Thumb Code     0  memseta.o(.text)
    _memset$wrapper                          0x08000375   Thumb Code    18  memseta.o(.text)
    __aeabi_llsl                             0x08000387   Thumb Code    30  llshl.o(.text)
    _ll_shift_l                              0x08000387   Thumb Code     0  llshl.o(.text)
    __aeabi_llsr                             0x080003a5   Thumb Code    32  llushr.o(.text)
    _ll_ushift_r                             0x080003a5   Thumb Code     0  llushr.o(.text)
    __I$use$fp                               0x080003c5   Thumb Code     0  iusefp.o(.text)
    __scatterload                            0x080003c5   Thumb Code    28  init.o(.text)
    __scatterload_rt2                        0x080003c5   Thumb Code     0  init.o(.text)
    __decompress                             0x080003e9   Thumb Code     0  __dczerorl2.o(.text)
    __decompress1                            0x080003e9   Thumb Code    86  __dczerorl2.o(.text)
    BusFault_Handler                         0x0800043f   Thumb Code     2  stm32h7xx_it.o(i.BusFault_Handler)
    DebugMon_Handler                         0x08000441   Thumb Code     2  stm32h7xx_it.o(i.DebugMon_Handler)
    Error_Handler                            0x08000443   Thumb Code     4  main.o(i.Error_Handler)
    ExitRun0Mode                             0x08000449   Thumb Code    22  system_stm32h7xx.o(i.ExitRun0Mode)
    HAL_Delay                                0x08000465   Thumb Code    32  stm32h7xx_hal.o(i.HAL_Delay)
    HAL_GPIO_Init                            0x08000489   Thumb Code   506  stm32h7xx_hal_gpio.o(i.HAL_GPIO_Init)
    HAL_GPIO_ReadPin                         0x080006b5   Thumb Code    10  stm32h7xx_hal_gpio.o(i.HAL_GPIO_ReadPin)
    HAL_GetREVID                             0x080006c1   Thumb Code     8  stm32h7xx_hal.o(i.HAL_GetREVID)
    HAL_GetTick                              0x080006cd   Thumb Code     6  stm32h7xx_hal.o(i.HAL_GetTick)
    HAL_IncTick                              0x080006d9   Thumb Code    12  stm32h7xx_hal.o(i.HAL_IncTick)
    HAL_Init                                 0x080006e9   Thumb Code    74  stm32h7xx_hal.o(i.HAL_Init)
    HAL_InitTick                             0x08000745   Thumb Code    56  stm32h7xx_hal.o(i.HAL_InitTick)
    HAL_MPU_ConfigRegion                     0x08000785   Thumb Code    86  stm32h7xx_hal_cortex.o(i.HAL_MPU_ConfigRegion)
    HAL_MPU_Disable                          0x080007e1   Thumb Code    24  stm32h7xx_hal_cortex.o(i.HAL_MPU_Disable)
    HAL_MPU_Enable                           0x080007fd   Thumb Code    30  stm32h7xx_hal_cortex.o(i.HAL_MPU_Enable)
    HAL_MspInit                              0x08000821   Thumb Code    22  stm32h7xx_hal_msp.o(i.HAL_MspInit)
    HAL_NVIC_EnableIRQ                       0x0800083d   Thumb Code    26  stm32h7xx_hal_cortex.o(i.HAL_NVIC_EnableIRQ)
    HAL_NVIC_SetPriority                     0x08000859   Thumb Code    60  stm32h7xx_hal_cortex.o(i.HAL_NVIC_SetPriority)
    HAL_NVIC_SetPriorityGrouping             0x08000899   Thumb Code    28  stm32h7xx_hal_cortex.o(i.HAL_NVIC_SetPriorityGrouping)
    HAL_PWREx_ConfigSupply                   0x080008bd   Thumb Code    78  stm32h7xx_hal_pwr_ex.o(i.HAL_PWREx_ConfigSupply)
    HAL_RCCEx_GetD3PCLK1Freq                 0x08000911   Thumb Code    26  stm32h7xx_hal_rcc_ex.o(i.HAL_RCCEx_GetD3PCLK1Freq)
    HAL_RCCEx_GetPLL2ClockFreq               0x08000935   Thumb Code   296  stm32h7xx_hal_rcc_ex.o(i.HAL_RCCEx_GetPLL2ClockFreq)
    HAL_RCCEx_GetPLL3ClockFreq               0x08000a79   Thumb Code   296  stm32h7xx_hal_rcc_ex.o(i.HAL_RCCEx_GetPLL3ClockFreq)
    HAL_RCCEx_PeriphCLKConfig                0x08000bbd   Thumb Code  2472  stm32h7xx_hal_rcc_ex.o(i.HAL_RCCEx_PeriphCLKConfig)
    HAL_RCC_ClockConfig                      0x08001569   Thumb Code   580  stm32h7xx_hal_rcc.o(i.HAL_RCC_ClockConfig)
    HAL_RCC_GetHCLKFreq                      0x080017c5   Thumb Code    52  stm32h7xx_hal_rcc.o(i.HAL_RCC_GetHCLKFreq)
    HAL_RCC_GetPCLK1Freq                     0x08001809   Thumb Code    26  stm32h7xx_hal_rcc.o(i.HAL_RCC_GetPCLK1Freq)
    HAL_RCC_GetPCLK2Freq                     0x0800182d   Thumb Code    26  stm32h7xx_hal_rcc.o(i.HAL_RCC_GetPCLK2Freq)
    HAL_RCC_GetSysClockFreq                  0x08001851   Thumb Code   278  stm32h7xx_hal_rcc.o(i.HAL_RCC_GetSysClockFreq)
    HAL_RCC_OscConfig                        0x08001989   Thumb Code  1410  stm32h7xx_hal_rcc.o(i.HAL_RCC_OscConfig)
    HAL_RS485Ex_Init                         0x08001f0d   Thumb Code   136  stm32h7xx_hal_uart_ex.o(i.HAL_RS485Ex_Init)
    HAL_SYSTICK_Config                       0x08001f99   Thumb Code    38  stm32h7xx_hal_cortex.o(i.HAL_SYSTICK_Config)
    HAL_TIMEx_Break2Callback                 0x08001fbf   Thumb Code     2  stm32h7xx_hal_tim_ex.o(i.HAL_TIMEx_Break2Callback)
    HAL_TIMEx_BreakCallback                  0x08001fc1   Thumb Code     2  stm32h7xx_hal_tim_ex.o(i.HAL_TIMEx_BreakCallback)
    HAL_TIMEx_CommutCallback                 0x08001fc3   Thumb Code     2  stm32h7xx_hal_tim_ex.o(i.HAL_TIMEx_CommutCallback)
    HAL_TIMEx_MasterConfigSynchronization    0x08001fc5   Thumb Code   134  stm32h7xx_hal_tim_ex.o(i.HAL_TIMEx_MasterConfigSynchronization)
    HAL_TIM_Base_Init                        0x08002069   Thumb Code    98  stm32h7xx_hal_tim.o(i.HAL_TIM_Base_Init)
    HAL_TIM_Base_MspInit                     0x080020cd   Thumb Code    50  tim.o(i.HAL_TIM_Base_MspInit)
    HAL_TIM_Base_Start_IT                    0x08002105   Thumb Code   106  stm32h7xx_hal_tim.o(i.HAL_TIM_Base_Start_IT)
    HAL_TIM_ConfigClockSource                0x08002191   Thumb Code   248  stm32h7xx_hal_tim.o(i.HAL_TIM_ConfigClockSource)
    HAL_TIM_IC_CaptureCallback               0x0800228d   Thumb Code     2  stm32h7xx_hal_tim.o(i.HAL_TIM_IC_CaptureCallback)
    HAL_TIM_IRQHandler                       0x0800228f   Thumb Code   328  stm32h7xx_hal_tim.o(i.HAL_TIM_IRQHandler)
    HAL_TIM_OC_DelayElapsedCallback          0x080023d7   Thumb Code     2  stm32h7xx_hal_tim.o(i.HAL_TIM_OC_DelayElapsedCallback)
    HAL_TIM_PWM_PulseFinishedCallback        0x080023d9   Thumb Code     2  stm32h7xx_hal_tim.o(i.HAL_TIM_PWM_PulseFinishedCallback)
    HAL_TIM_PeriodElapsedCallback            0x080023db   Thumb Code    24  main.o(i.HAL_TIM_PeriodElapsedCallback)
    HAL_TIM_TriggerCallback                  0x080023f3   Thumb Code     2  stm32h7xx_hal_tim.o(i.HAL_TIM_TriggerCallback)
    HAL_UARTEx_DisableFifoMode               0x080023f5   Thumb Code    64  stm32h7xx_hal_uart_ex.o(i.HAL_UARTEx_DisableFifoMode)
    HAL_UARTEx_SetRxFifoThreshold            0x08002435   Thumb Code    76  stm32h7xx_hal_uart_ex.o(i.HAL_UARTEx_SetRxFifoThreshold)
    HAL_UARTEx_SetTxFifoThreshold            0x08002481   Thumb Code    76  stm32h7xx_hal_uart_ex.o(i.HAL_UARTEx_SetTxFifoThreshold)
    HAL_UART_GetError                        0x080024cd   Thumb Code     6  stm32h7xx_hal_uart.o(i.HAL_UART_GetError)
    HAL_UART_MspInit                         0x080024d5   Thumb Code   570  usart.o(i.HAL_UART_MspInit)
    HAL_UART_Receive                         0x08002735   Thumb Code   232  stm32h7xx_hal_uart.o(i.HAL_UART_Receive)
    HAL_UART_Transmit                        0x0800281d   Thumb Code   176  stm32h7xx_hal_uart.o(i.HAL_UART_Transmit)
    HardFault_Handler                        0x080028cd   Thumb Code     2  stm32h7xx_it.o(i.HardFault_Handler)
    Joint_Full_PW_Control                    0x080028d1   Thumb Code   210  joint.o(i.Joint_Full_PW_Control)
    Joint_Full_zero_Control                  0x080029bd   Thumb Code   210  joint.o(i.Joint_Full_zero_Control)
    Joint_PW_Control                         0x08002aa9   Thumb Code   346  joint.o(i.Joint_PW_Control)
    Joint_Zero_OK                            0x08002c2d   Thumb Code   142  joint.o(i.Joint_Zero_OK)
    Joint_Zero_init_Type1                    0x08002cc5   Thumb Code   294  joint.o(i.Joint_Zero_init_Type1)
    Joint_Zero_init_Type2                    0x08002e35   Thumb Code   294  joint.o(i.Joint_Zero_init_Type2)
    Joint_readall                            0x08002fa5   Thumb Code   284  joint.o(i.Joint_readall)
    Joint_zero_Control                       0x08003109   Thumb Code   344  joint.o(i.Joint_zero_Control)
    Key_Process                              0x08003301   Thumb Code    40  key_state_machine.o(i.Key_Process)
    MX_GPIO_Init                             0x080033e9   Thumb Code   116  gpio.o(i.MX_GPIO_Init)
    MX_TIM2_Init                             0x08003465   Thumb Code    98  tim.o(i.MX_TIM2_Init)
    MX_UART4_Init                            0x080034cd   Thumb Code    96  usart.o(i.MX_UART4_Init)
    MX_UART8_Init                            0x08003539   Thumb Code   110  usart.o(i.MX_UART8_Init)
    MX_USART1_UART_Init                      0x080035b5   Thumb Code    96  usart.o(i.MX_USART1_UART_Init)
    MX_USART2_UART_Init                      0x08003621   Thumb Code    96  usart.o(i.MX_USART2_UART_Init)
    MemManage_Handler                        0x0800368d   Thumb Code     2  stm32h7xx_it.o(i.MemManage_Handler)
    NMI_Handler                              0x0800368f   Thumb Code     2  stm32h7xx_it.o(i.NMI_Handler)
    PendSV_Handler                           0x08003691   Thumb Code     2  stm32h7xx_it.o(i.PendSV_Handler)
    SVC_Handler                              0x080038d5   Thumb Code     2  stm32h7xx_it.o(i.SVC_Handler)
    SysTick_Handler                          0x080038d7   Thumb Code     4  stm32h7xx_it.o(i.SysTick_Handler)
    SystemClock_Config                       0x080038dd   Thumb Code   158  main.o(i.SystemClock_Config)
    SystemInit                               0x08003985   Thumb Code   206  system_stm32h7xx.o(i.SystemInit)
    TIM2_IRQHandler                          0x08003a7d   Thumb Code     6  stm32h7xx_it.o(i.TIM2_IRQHandler)
    TIM_Base_SetConfig                       0x08003a89   Thumb Code   170  stm32h7xx_hal_tim.o(i.TIM_Base_SetConfig)
    TIM_ETR_SetConfig                        0x08003b55   Thumb Code    18  stm32h7xx_hal_tim.o(i.TIM_ETR_SetConfig)
    Task_Execute                             0x08003bc5   Thumb Code   448  key_state_machine.o(i.Task_Execute)
    UART_AdvFeatureConfig                    0x08003e05   Thumb Code   200  stm32h7xx_hal_uart.o(i.UART_AdvFeatureConfig)
    UART_CheckIdleState                      0x08003ecd   Thumb Code   170  stm32h7xx_hal_uart.o(i.UART_CheckIdleState)
    UART_SetConfig                           0x08003fcd   Thumb Code   876  stm32h7xx_hal_uart.o(i.UART_SetConfig)
    UART_WaitOnFlagUntilTimeout              0x08004379   Thumb Code   148  stm32h7xx_hal_uart.o(i.UART_WaitOnFlagUntilTimeout)
    UsageFault_Handler                       0x0800440d   Thumb Code     2  stm32h7xx_it.o(i.UsageFault_Handler)
    __ARM_fpclassifyf                        0x0800440f   Thumb Code    38  fpclassifyf.o(i.__ARM_fpclassifyf)
    __hardfp_cosf                            0x08004459   Thumb Code   276  cosf.o(i.__hardfp_cosf)
    __hardfp_sinf                            0x080045a9   Thumb Code   344  sinf.o(i.__hardfp_sinf)
    __hardfp_sqrtf                           0x0800473d   Thumb Code    58  sqrtf.o(i.__hardfp_sqrtf)
    __mathlib_flt_infnan                     0x08004777   Thumb Code     6  funder.o(i.__mathlib_flt_infnan)
    __mathlib_flt_invalid                    0x0800477d   Thumb Code    10  funder.o(i.__mathlib_flt_invalid)
    __mathlib_flt_underflow                  0x0800478d   Thumb Code    10  funder.o(i.__mathlib_flt_underflow)
    __mathlib_rredf2                         0x0800479d   Thumb Code   316  rredf.o(i.__mathlib_rredf2)
    __scatterload_copy                       0x080048f1   Thumb Code    14  handlers.o(i.__scatterload_copy)
    __scatterload_null                       0x080048ff   Thumb Code     2  handlers.o(i.__scatterload_null)
    __scatterload_zeroinit                   0x08004901   Thumb Code    14  handlers.o(i.__scatterload_zeroinit)
    __set_errno                              0x08004911   Thumb Code     6  errno.o(i.__set_errno)
    cdpr_init                                0x080049e5   Thumb Code    28  calc.o(i.cdpr_init)
    check_angle_with_start                   0x08004a09   Thumb Code   578  joint.o(i.check_angle_with_start)
    crc32_core_Ver3                          0x08004c69   Thumb Code    56  a1_motor_drive.o(i.crc32_core_Ver3)
    crc_ccitt                                0x08004ca5   Thumb Code    22  crc_ccitt.o(i.crc_ccitt)
    crc_ccitt_byte                           0x08004cbd   Thumb Code    16  crc_ccitt.o(i.crc_ccitt_byte)
    cross_product                            0x08004cd1   Thumb Code    86  calc.o(i.cross_product)
    extract_data                             0x08004d29   Thumb Code   210  gom_protocol.o(i.extract_data)
    get_rotation_matrix                      0x08005299   Thumb Code   212  calc.o(i.get_rotation_matrix)
    get_translation_matrix                   0x08005371   Thumb Code    74  calc.o(i.get_translation_matrix)
    go_pw_cmd                                0x080053c1   Thumb Code    60  gom_protocol.o(i.go_pw_cmd)
    go_spd_cmd                               0x0800540d   Thumb Code    44  gom_protocol.o(i.go_spd_cmd)
    go_torque_cmd                            0x08005445   Thumb Code    32  gom_protocol.o(i.go_torque_cmd)
    main                                     0x08005469   Thumb Code   316  main.o(i.main)
    matrix_multiply                          0x080055e1   Thumb Code    96  calc.o(i.matrix_multiply)
    modify_PW_cmd                            0x08005645   Thumb Code    70  a1_motor_drive.o(i.modify_PW_cmd)
    modify_data                              0x08005695   Thumb Code   366  gom_protocol.o(i.modify_data)
    modify_speed_cmd                         0x08005851   Thumb Code    52  a1_motor_drive.o(i.modify_speed_cmd)
    modify_torque_cmd                        0x0800588d   Thumb Code    70  a1_motor_drive.o(i.modify_torque_cmd)
    motor_init_zero_return                   0x080058e1   Thumb Code     4  calc.o(i.motor_init_zero_return)
    motor_relax                              0x080058e5   Thumb Code   238  a1_motor_drive.o(i.motor_relax)
    point_mult_matrix                        0x080059ed   Thumb Code   154  calc.o(i.point_mult_matrix)
    unitreeA1_rxtx                           0x08005a89   Thumb Code   690  a1_motor_drive.o(i.unitreeA1_rxtx)
    vector_norm                              0x08005d79   Thumb Code    28  calc.o(i.vector_norm)
    base_g                                   0x08005d94   Data         128  calc.o(.constdata)
    attach_e                                 0x08005e14   Data         128  calc.o(.constdata)
    crc_ccitt_table                          0x08005f54   Data         512  crc_ccitt.o(.constdata)
    UARTPrescTable                           0x08006184   Data          24  stm32h7xx_hal_uart.o(.constdata)
    D1CorePrescTable                         0x080061ac   Data          16  system_stm32h7xx.o(.constdata)
    Region$$Table$$Base                      0x080061dc   Number         0  anon$$obj.o(Region$$Table)
    Region$$Table$$Limit                     0x080061fc   Number         0  anon$$obj.o(Region$$Table)
    rec_st                                   0x24000000   Data           4  a1_motor_drive.o(.data)
    trans_st                                 0x24000004   Data           4  a1_motor_drive.o(.data)
    err_state                                0x24000008   Data           4  a1_motor_drive.o(.data)
    received                                 0x2400000c   Data           4  a1_motor_drive.o(.data)
    waypoints                                0x24000010   Data         264  calc.o(.data)
    current_segment                          0x24000118   Data           1  calc.o(.data)
    continuity                               0x2400011c   Data           1  joint.o(.data)
    zero_group1_ID0                          0x24000120   Data           4  joint.o(.data)
    zero_group1_ID1                          0x24000124   Data           4  joint.o(.data)
    zero_group2_ID0                          0x24000128   Data           4  joint.o(.data)
    zero_group2_ID1                          0x2400012c   Data           4  joint.o(.data)
    zero_group3_ID0                          0x24000130   Data           4  joint.o(.data)
    zero_group3_ID1                          0x24000134   Data           4  joint.o(.data)
    zero_group4_ID0                          0x24000138   Data           4  joint.o(.data)
    zero_group4_ID1                          0x2400013c   Data           4  joint.o(.data)
    task_running                             0x24000140   Data           1  key_state_machine.o(.data)
    current_mode                             0x24000141   Data           1  key_state_machine.o(.data)
    zero_init                                0x24000142   Data           1  key_state_machine.o(.data)
    step_mode_1                              0x24000144   Data           2  key_state_machine.o(.data)
    step_mode_2                              0x24000146   Data           2  key_state_machine.o(.data)
    step_mode_3                              0x24000148   Data           2  key_state_machine.o(.data)
    j                                        0x240001bc   Data           1  main.o(.data)
    k                                        0x240001bd   Data           1  main.o(.data)
    now1                                     0x240001c0   Data           4  main.o(.data)
    now2                                     0x240001c4   Data           4  main.o(.data)
    del_t                                    0x240001c8   Data           4  main.o(.data)
    uwTickFreq                               0x240001cc   Data           1  stm32h7xx_hal.o(.data)
    uwTickPrio                               0x240001d0   Data           4  stm32h7xx_hal.o(.data)
    uwTick                                   0x240001d4   Data           4  stm32h7xx_hal.o(.data)
    SystemCoreClock                          0x240001d8   Data           4  system_stm32h7xx.o(.data)
    SystemD2Clock                            0x240001dc   Data           4  system_stm32h7xx.o(.data)
    MotorA1_send_group1                      0x240001e4   Data          66  a1_motor_drive.o(.bss)
    MotorA1_send_group2                      0x24000226   Data          66  a1_motor_drive.o(.bss)
    MotorA1_send_group3                      0x24000268   Data          66  a1_motor_drive.o(.bss)
    Motor_go_send_group4                     0x240002ac   Data          44  a1_motor_drive.o(.bss)
    Motor_go_recv_group4_id0                 0x240002d8   Data          60  a1_motor_drive.o(.bss)
    Motor_go_recv_group4_id1                 0x24000314   Data          60  a1_motor_drive.o(.bss)
    MotorA1_recv_group1_id0                  0x24000350   Data         140  a1_motor_drive.o(.bss)
    MotorA1_recv_group1_id1                  0x240003dc   Data         140  a1_motor_drive.o(.bss)
    MotorA1_recv_group2_id0                  0x24000468   Data         140  a1_motor_drive.o(.bss)
    MotorA1_recv_group2_id1                  0x240004f4   Data         140  a1_motor_drive.o(.bss)
    MotorA1_recv_group3_id0                  0x24000580   Data         140  a1_motor_drive.o(.bss)
    MotorA1_recv_group3_id1                  0x2400060c   Data         140  a1_motor_drive.o(.bss)
    cable_initial_length                     0x24000794   Data          32  calc.o(.bss)
    motor_angle                              0x240007b4   Data        8032  calc.o(.bss)
    motor_omega                              0x24002714   Data        8032  calc.o(.bss)
    coeffs                                   0x24004674   Data         144  calc.o(.bss)
    zero_return_angle                        0x24004704   Data        8032  calc.o(.bss)
    zero_return_omega                        0x24006664   Data        8032  calc.o(.bss)
    zero_return_coeffs                       0x240085c4   Data         192  calc.o(.bss)
    traj_start_angles                        0x24008684   Data          32  joint.o(.bss)
    current_pos                              0x240086a4   Data          32  joint.o(.bss)
    zeros                                    0x240086c4   Data          32  joint.o(.bss)
    htim2                                    0x240086e4   Data          76  tim.o(.bss)
    huart4                                   0x24008730   Data         148  usart.o(.bss)
    huart8                                   0x240087c4   Data         148  usart.o(.bss)
    huart1                                   0x24008858   Data         148  usart.o(.bss)
    huart2                                   0x240088ec   Data         148  usart.o(.bss)
    __initial_sp                             0x2400c980   Data           0  startup_stm32h743xx.o(STACK)



==============================================================================

Memory Map of the image

  Image Entry point : 0x08000299

  Load Region LR_IROM1 (Base: 0x08000000, Size: 0x000063e0, Max: 0x00200000, ABSOLUTE, COMPRESSED[0x0000625c])

    Execution Region ER_IROM1 (Exec base: 0x08000000, Load base: 0x08000000, Size: 0x000061fc, Max: 0x00200000, ABSOLUTE)

    Exec Addr    Load Addr    Size         Type   Attr      Idx    E Section Name        Object

    0x08000000   0x08000000   0x00000298   Data   RO            3    RESET               startup_stm32h743xx.o
    0x08000298   0x08000298   0x00000000   Code   RO         4941  * .ARM.Collect$$$$00000000  mc_w.l(entry.o)
    0x08000298   0x08000298   0x00000004   Code   RO         4971    .ARM.Collect$$$$00000001  mc_w.l(entry2.o)
    0x0800029c   0x0800029c   0x00000004   Code   RO         4974    .ARM.Collect$$$$00000004  mc_w.l(entry5.o)
    0x080002a0   0x080002a0   0x00000000   Code   RO         4976    .ARM.Collect$$$$00000008  mc_w.l(entry7b.o)
    0x080002a0   0x080002a0   0x00000000   Code   RO         4978    .ARM.Collect$$$$0000000A  mc_w.l(entry8b.o)
    0x080002a0   0x080002a0   0x00000008   Code   RO         4979    .ARM.Collect$$$$0000000B  mc_w.l(entry9a.o)
    0x080002a8   0x080002a8   0x00000004   Code   RO         4986    .ARM.Collect$$$$0000000E  mc_w.l(entry12b.o)
    0x080002ac   0x080002ac   0x00000000   Code   RO         4981    .ARM.Collect$$$$0000000F  mc_w.l(entry10a.o)
    0x080002ac   0x080002ac   0x00000000   Code   RO         4983    .ARM.Collect$$$$00000011  mc_w.l(entry11a.o)
    0x080002ac   0x080002ac   0x00000004   Code   RO         4972    .ARM.Collect$$$$00002712  mc_w.l(entry2.o)
    0x080002b0   0x080002b0   0x0000002c   Code   RO            4    .text               startup_stm32h743xx.o
    0x080002dc   0x080002dc   0x00000062   Code   RO         4944    .text               mc_w.l(uldiv.o)
    0x0800033e   0x0800033e   0x00000024   Code   RO         4946    .text               mc_w.l(memcpya.o)
    0x08000362   0x08000362   0x00000024   Code   RO         4948    .text               mc_w.l(memseta.o)
    0x08000386   0x08000386   0x0000001e   Code   RO         4987    .text               mc_w.l(llshl.o)
    0x080003a4   0x080003a4   0x00000020   Code   RO         4989    .text               mc_w.l(llushr.o)
    0x080003c4   0x080003c4   0x00000000   Code   RO         4998    .text               mc_w.l(iusefp.o)
    0x080003c4   0x080003c4   0x00000024   Code   RO         4999    .text               mc_w.l(init.o)
    0x080003e8   0x080003e8   0x00000056   Code   RO         5009    .text               mc_w.l(__dczerorl2.o)
    0x0800043e   0x0800043e   0x00000002   Code   RO          802    i.BusFault_Handler  stm32h7xx_it.o
    0x08000440   0x08000440   0x00000002   Code   RO          803    i.DebugMon_Handler  stm32h7xx_it.o
    0x08000442   0x08000442   0x00000004   Code   RO          614    i.Error_Handler     main.o
    0x08000446   0x08000446   0x00000002   PAD
    0x08000448   0x08000448   0x0000001c   Code   RO         4865    i.ExitRun0Mode      system_stm32h7xx.o
    0x08000464   0x08000464   0x00000024   Code   RO         2417    i.HAL_Delay         stm32h7xx_hal.o
    0x08000488   0x08000488   0x0000022c   Code   RO         1556    i.HAL_GPIO_Init     stm32h7xx_hal_gpio.o
    0x080006b4   0x080006b4   0x0000000a   Code   RO         1558    i.HAL_GPIO_ReadPin  stm32h7xx_hal_gpio.o
    0x080006be   0x080006be   0x00000002   PAD
    0x080006c0   0x080006c0   0x0000000c   Code   RO         2428    i.HAL_GetREVID      stm32h7xx_hal.o
    0x080006cc   0x080006cc   0x0000000c   Code   RO         2429    i.HAL_GetTick       stm32h7xx_hal.o
    0x080006d8   0x080006d8   0x00000010   Code   RO         2435    i.HAL_IncTick       stm32h7xx_hal.o
    0x080006e8   0x080006e8   0x0000005c   Code   RO         2436    i.HAL_Init          stm32h7xx_hal.o
    0x08000744   0x08000744   0x00000040   Code   RO         2437    i.HAL_InitTick      stm32h7xx_hal.o
    0x08000784   0x08000784   0x0000005c   Code   RO          909    i.HAL_MPU_ConfigRegion  stm32h7xx_hal_cortex.o
    0x080007e0   0x080007e0   0x0000001c   Code   RO          910    i.HAL_MPU_Disable   stm32h7xx_hal_cortex.o
    0x080007fc   0x080007fc   0x00000024   Code   RO          912    i.HAL_MPU_Enable    stm32h7xx_hal_cortex.o
    0x08000820   0x08000820   0x0000001c   Code   RO          884    i.HAL_MspInit       stm32h7xx_hal_msp.o
    0x0800083c   0x0800083c   0x0000001a   Code   RO          916    i.HAL_NVIC_EnableIRQ  stm32h7xx_hal_cortex.o
    0x08000856   0x08000856   0x00000002   PAD
    0x08000858   0x08000858   0x00000040   Code   RO          922    i.HAL_NVIC_SetPriority  stm32h7xx_hal_cortex.o
    0x08000898   0x08000898   0x00000024   Code   RO          923    i.HAL_NVIC_SetPriorityGrouping  stm32h7xx_hal_cortex.o
    0x080008bc   0x080008bc   0x00000054   Code   RO         2157    i.HAL_PWREx_ConfigSupply  stm32h7xx_hal_pwr_ex.o
    0x08000910   0x08000910   0x00000024   Code   RO         1177    i.HAL_RCCEx_GetD3PCLK1Freq  stm32h7xx_hal_rcc_ex.o
    0x08000934   0x08000934   0x00000144   Code   RO         1179    i.HAL_RCCEx_GetPLL2ClockFreq  stm32h7xx_hal_rcc_ex.o
    0x08000a78   0x08000a78   0x00000144   Code   RO         1180    i.HAL_RCCEx_GetPLL3ClockFreq  stm32h7xx_hal_rcc_ex.o
    0x08000bbc   0x08000bbc   0x000009ac   Code   RO         1186    i.HAL_RCCEx_PeriphCLKConfig  stm32h7xx_hal_rcc_ex.o
    0x08001568   0x08001568   0x0000025c   Code   RO         1062    i.HAL_RCC_ClockConfig  stm32h7xx_hal_rcc.o
    0x080017c4   0x080017c4   0x00000044   Code   RO         1067    i.HAL_RCC_GetHCLKFreq  stm32h7xx_hal_rcc.o
    0x08001808   0x08001808   0x00000024   Code   RO         1069    i.HAL_RCC_GetPCLK1Freq  stm32h7xx_hal_rcc.o
    0x0800182c   0x0800182c   0x00000024   Code   RO         1070    i.HAL_RCC_GetPCLK2Freq  stm32h7xx_hal_rcc.o
    0x08001850   0x08001850   0x00000138   Code   RO         1071    i.HAL_RCC_GetSysClockFreq  stm32h7xx_hal_rcc.o
    0x08001988   0x08001988   0x00000582   Code   RO         1074    i.HAL_RCC_OscConfig  stm32h7xx_hal_rcc.o
    0x08001f0a   0x08001f0a   0x00000002   PAD
    0x08001f0c   0x08001f0c   0x0000008c   Code   RO         4746    i.HAL_RS485Ex_Init  stm32h7xx_hal_uart_ex.o
    0x08001f98   0x08001f98   0x00000026   Code   RO          927    i.HAL_SYSTICK_Config  stm32h7xx_hal_cortex.o
    0x08001fbe   0x08001fbe   0x00000002   Code   RO         4036    i.HAL_TIMEx_Break2Callback  stm32h7xx_hal_tim_ex.o
    0x08001fc0   0x08001fc0   0x00000002   Code   RO         4037    i.HAL_TIMEx_BreakCallback  stm32h7xx_hal_tim_ex.o
    0x08001fc2   0x08001fc2   0x00000002   Code   RO         4038    i.HAL_TIMEx_CommutCallback  stm32h7xx_hal_tim_ex.o
    0x08001fc4   0x08001fc4   0x000000a4   Code   RO         4058    i.HAL_TIMEx_MasterConfigSynchronization  stm32h7xx_hal_tim_ex.o
    0x08002068   0x08002068   0x00000062   Code   RO         3322    i.HAL_TIM_Base_Init  stm32h7xx_hal_tim.o
    0x080020ca   0x080020ca   0x00000002   PAD
    0x080020cc   0x080020cc   0x00000038   Code   RO          701    i.HAL_TIM_Base_MspInit  tim.o
    0x08002104   0x08002104   0x0000008c   Code   RO         3327    i.HAL_TIM_Base_Start_IT  stm32h7xx_hal_tim.o
    0x08002190   0x08002190   0x000000fc   Code   RO         3331    i.HAL_TIM_ConfigClockSource  stm32h7xx_hal_tim.o
    0x0800228c   0x0800228c   0x00000002   Code   RO         3356    i.HAL_TIM_IC_CaptureCallback  stm32h7xx_hal_tim.o
    0x0800228e   0x0800228e   0x00000148   Code   RO         3370    i.HAL_TIM_IRQHandler  stm32h7xx_hal_tim.o
    0x080023d6   0x080023d6   0x00000002   Code   RO         3373    i.HAL_TIM_OC_DelayElapsedCallback  stm32h7xx_hal_tim.o
    0x080023d8   0x080023d8   0x00000002   Code   RO         3400    i.HAL_TIM_PWM_PulseFinishedCallback  stm32h7xx_hal_tim.o
    0x080023da   0x080023da   0x00000018   Code   RO          615    i.HAL_TIM_PeriodElapsedCallback  main.o
    0x080023f2   0x080023f2   0x00000002   Code   RO         3413    i.HAL_TIM_TriggerCallback  stm32h7xx_hal_tim.o
    0x080023f4   0x080023f4   0x00000040   Code   RO         4747    i.HAL_UARTEx_DisableFifoMode  stm32h7xx_hal_uart_ex.o
    0x08002434   0x08002434   0x0000004c   Code   RO         4756    i.HAL_UARTEx_SetRxFifoThreshold  stm32h7xx_hal_uart_ex.o
    0x08002480   0x08002480   0x0000004c   Code   RO         4757    i.HAL_UARTEx_SetTxFifoThreshold  stm32h7xx_hal_uart_ex.o
    0x080024cc   0x080024cc   0x00000006   Code   RO         4353    i.HAL_UART_GetError  stm32h7xx_hal_uart.o
    0x080024d2   0x080024d2   0x00000002   PAD
    0x080024d4   0x080024d4   0x00000260   Code   RO          743    i.HAL_UART_MspInit  usart.o
    0x08002734   0x08002734   0x000000e8   Code   RO         4359    i.HAL_UART_Receive  stm32h7xx_hal_uart.o
    0x0800281c   0x0800281c   0x000000b0   Code   RO         4365    i.HAL_UART_Transmit  stm32h7xx_hal_uart.o
    0x080028cc   0x080028cc   0x00000002   Code   RO          804    i.HardFault_Handler  stm32h7xx_it.o
    0x080028ce   0x080028ce   0x00000002   PAD
    0x080028d0   0x080028d0   0x000000ec   Code   RO          393    i.Joint_Full_PW_Control  joint.o
    0x080029bc   0x080029bc   0x000000ec   Code   RO          395    i.Joint_Full_zero_Control  joint.o
    0x08002aa8   0x08002aa8   0x00000184   Code   RO          396    i.Joint_PW_Control  joint.o
    0x08002c2c   0x08002c2c   0x00000098   Code   RO          399    i.Joint_Zero_OK     joint.o
    0x08002cc4   0x08002cc4   0x00000170   Code   RO          400    i.Joint_Zero_init_Type1  joint.o
    0x08002e34   0x08002e34   0x00000170   Code   RO          401    i.Joint_Zero_init_Type2  joint.o
    0x08002fa4   0x08002fa4   0x00000164   Code   RO          402    i.Joint_readall     joint.o
    0x08003108   0x08003108   0x00000180   Code   RO          403    i.Joint_zero_Control  joint.o
    0x08003288   0x08003288   0x00000078   Code   RO          521    i.Key_HandleEvents  key_state_machine.o
    0x08003300   0x08003300   0x0000002c   Code   RO          523    i.Key_Process       key_state_machine.o
    0x0800332c   0x0800332c   0x000000ba   Code   RO          524    i.Key_StateMachine  key_state_machine.o
    0x080033e6   0x080033e6   0x00000002   PAD
    0x080033e8   0x080033e8   0x0000007c   Code   RO          676    i.MX_GPIO_Init      gpio.o
    0x08003464   0x08003464   0x00000068   Code   RO          702    i.MX_TIM2_Init      tim.o
    0x080034cc   0x080034cc   0x0000006c   Code   RO          744    i.MX_UART4_Init     usart.o
    0x08003538   0x08003538   0x0000007c   Code   RO          745    i.MX_UART8_Init     usart.o
    0x080035b4   0x080035b4   0x0000006c   Code   RO          746    i.MX_USART1_UART_Init  usart.o
    0x08003620   0x08003620   0x0000006c   Code   RO          747    i.MX_USART2_UART_Init  usart.o
    0x0800368c   0x0800368c   0x00000002   Code   RO          805    i.MemManage_Handler  stm32h7xx_it.o
    0x0800368e   0x0800368e   0x00000002   Code   RO          806    i.NMI_Handler       stm32h7xx_it.o
    0x08003690   0x08003690   0x00000002   Code   RO          807    i.PendSV_Handler    stm32h7xx_it.o
    0x08003692   0x08003692   0x00000002   PAD
    0x08003694   0x08003694   0x00000120   Code   RO         1189    i.RCCEx_PLL2_Config  stm32h7xx_hal_rcc_ex.o
    0x080037b4   0x080037b4   0x00000120   Code   RO         1190    i.RCCEx_PLL3_Config  stm32h7xx_hal_rcc_ex.o
    0x080038d4   0x080038d4   0x00000002   Code   RO          808    i.SVC_Handler       stm32h7xx_it.o
    0x080038d6   0x080038d6   0x00000004   Code   RO          809    i.SysTick_Handler   stm32h7xx_it.o
    0x080038da   0x080038da   0x00000002   PAD
    0x080038dc   0x080038dc   0x000000a8   Code   RO          616    i.SystemClock_Config  main.o
    0x08003984   0x08003984   0x000000f8   Code   RO         4867    i.SystemInit        system_stm32h7xx.o
    0x08003a7c   0x08003a7c   0x0000000c   Code   RO          810    i.TIM2_IRQHandler   stm32h7xx_it.o
    0x08003a88   0x08003a88   0x000000cc   Code   RO         3415    i.TIM_Base_SetConfig  stm32h7xx_hal_tim.o
    0x08003b54   0x08003b54   0x00000012   Code   RO         3426    i.TIM_ETR_SetConfig  stm32h7xx_hal_tim.o
    0x08003b66   0x08003b66   0x00000002   PAD
    0x08003b68   0x08003b68   0x00000014   Code   RO         3427    i.TIM_ITRx_SetConfig  stm32h7xx_hal_tim.o
    0x08003b7c   0x08003b7c   0x00000022   Code   RO         3435    i.TIM_TI1_ConfigInputStage  stm32h7xx_hal_tim.o
    0x08003b9e   0x08003b9e   0x00000024   Code   RO         3437    i.TIM_TI2_ConfigInputStage  stm32h7xx_hal_tim.o
    0x08003bc2   0x08003bc2   0x00000002   PAD
    0x08003bc4   0x08003bc4   0x000001fc   Code   RO          525    i.Task_Execute      key_state_machine.o
    0x08003dc0   0x08003dc0   0x00000044   Code   RO         4761    i.UARTEx_SetNbDataToProcess  stm32h7xx_hal_uart_ex.o
    0x08003e04   0x08003e04   0x000000c8   Code   RO         4370    i.UART_AdvFeatureConfig  stm32h7xx_hal_uart.o
    0x08003ecc   0x08003ecc   0x000000aa   Code   RO         4371    i.UART_CheckIdleState  stm32h7xx_hal_uart.o
    0x08003f76   0x08003f76   0x00000002   PAD
    0x08003f78   0x08003f78   0x00000054   Code   RO         4382    i.UART_EndRxTransfer  stm32h7xx_hal_uart.o
    0x08003fcc   0x08003fcc   0x000003ac   Code   RO         4388    i.UART_SetConfig    stm32h7xx_hal_uart.o
    0x08004378   0x08004378   0x00000094   Code   RO         4395    i.UART_WaitOnFlagUntilTimeout  stm32h7xx_hal_uart.o
    0x0800440c   0x0800440c   0x00000002   Code   RO          811    i.UsageFault_Handler  stm32h7xx_it.o
    0x0800440e   0x0800440e   0x00000026   Code   RO         4952    i.__ARM_fpclassifyf  m_wv.l(fpclassifyf.o)
    0x08004434   0x08004434   0x00000022   Code   RO          929    i.__NVIC_SetPriority  stm32h7xx_hal_cortex.o
    0x08004456   0x08004456   0x00000002   PAD
    0x08004458   0x08004458   0x00000150   Code   RO         4905    i.__hardfp_cosf     m_wv.l(cosf.o)
    0x080045a8   0x080045a8   0x00000194   Code   RO         4917    i.__hardfp_sinf     m_wv.l(sinf.o)
    0x0800473c   0x0800473c   0x0000003a   Code   RO         4929    i.__hardfp_sqrtf    m_wv.l(sqrtf.o)
    0x08004776   0x08004776   0x00000006   Code   RO         4955    i.__mathlib_flt_infnan  m_wv.l(funder.o)
    0x0800477c   0x0800477c   0x00000010   Code   RO         4957    i.__mathlib_flt_invalid  m_wv.l(funder.o)
    0x0800478c   0x0800478c   0x00000010   Code   RO         4960    i.__mathlib_flt_underflow  m_wv.l(funder.o)
    0x0800479c   0x0800479c   0x00000154   Code   RO         4968    i.__mathlib_rredf2  m_wv.l(rredf.o)
    0x080048f0   0x080048f0   0x0000000e   Code   RO         5003    i.__scatterload_copy  mc_w.l(handlers.o)
    0x080048fe   0x080048fe   0x00000002   Code   RO         5004    i.__scatterload_null  mc_w.l(handlers.o)
    0x08004900   0x08004900   0x0000000e   Code   RO         5005    i.__scatterload_zeroinit  mc_w.l(handlers.o)
    0x0800490e   0x0800490e   0x00000002   PAD
    0x08004910   0x08004910   0x0000000c   Code   RO         4993    i.__set_errno       mc_w.l(errno.o)
    0x0800491c   0x0800491c   0x000000c6   Code   RO          224    i.calculate_poly5_coeff  calc.o
    0x080049e2   0x080049e2   0x00000002   PAD
    0x080049e4   0x080049e4   0x00000024   Code   RO          226    i.cdpr_init         calc.o
    0x08004a08   0x08004a08   0x00000260   Code   RO          404    i.check_angle_with_start  joint.o
    0x08004c68   0x08004c68   0x0000003c   Code   RO           13    i.crc32_core_Ver3   a1_motor_drive.o
    0x08004ca4   0x08004ca4   0x00000016   Code   RO          321    i.crc_ccitt         crc_ccitt.o
    0x08004cba   0x08004cba   0x00000002   PAD
    0x08004cbc   0x08004cbc   0x00000014   Code   RO          322    i.crc_ccitt_byte    crc_ccitt.o
    0x08004cd0   0x08004cd0   0x00000056   Code   RO          227    i.cross_product     calc.o
    0x08004d26   0x08004d26   0x00000002   PAD
    0x08004d28   0x08004d28   0x000000e8   Code   RO          345    i.extract_data      gom_protocol.o
    0x08004e10   0x08004e10   0x00000006   Code   RO          405    i.fabsf             joint.o
    0x08004e16   0x08004e16   0x00000002   PAD
    0x08004e18   0x08004e18   0x00000324   Code   RO          228    i.generate_trajectory_and_angles  calc.o
    0x0800513c   0x0800513c   0x0000015c   Code   RO          229    i.generate_zero_return_trajectory  calc.o
    0x08005298   0x08005298   0x000000d8   Code   RO          230    i.get_rotation_matrix  calc.o
    0x08005370   0x08005370   0x00000050   Code   RO          231    i.get_translation_matrix  calc.o
    0x080053c0   0x080053c0   0x0000004c   Code   RO          347    i.go_pw_cmd         gom_protocol.o
    0x0800540c   0x0800540c   0x00000038   Code   RO          348    i.go_spd_cmd        gom_protocol.o
    0x08005444   0x08005444   0x00000024   Code   RO          349    i.go_torque_cmd     gom_protocol.o
    0x08005468   0x08005468   0x00000178   Code   RO          617    i.main              main.o
    0x080055e0   0x080055e0   0x00000064   Code   RO          232    i.matrix_multiply   calc.o
    0x08005644   0x08005644   0x00000050   Code   RO           14    i.modify_PW_cmd     a1_motor_drive.o
    0x08005694   0x08005694   0x000001bc   Code   RO          350    i.modify_data       gom_protocol.o
    0x08005850   0x08005850   0x0000003c   Code   RO           17    i.modify_speed_cmd  a1_motor_drive.o
    0x0800588c   0x0800588c   0x00000054   Code   RO           18    i.modify_torque_cmd  a1_motor_drive.o
    0x080058e0   0x080058e0   0x00000004   Code   RO          233    i.motor_init_zero_return  calc.o
    0x080058e4   0x080058e4   0x00000108   Code   RO           19    i.motor_relax       a1_motor_drive.o
    0x080059ec   0x080059ec   0x0000009a   Code   RO          234    i.point_mult_matrix  calc.o
    0x08005a86   0x08005a86   0x00000002   PAD
    0x08005a88   0x08005a88   0x000002f0   Code   RO           20    i.unitreeA1_rxtx    a1_motor_drive.o
    0x08005d78   0x08005d78   0x0000001c   Code   RO          235    i.vector_norm       calc.o
    0x08005d94   0x08005d94   0x000001c0   Data   RO          241    .constdata          calc.o
    0x08005f54   0x08005f54   0x00000200   Data   RO          323    .constdata          crc_ccitt.o
    0x08006154   0x08006154   0x00000030   Data   RO          526    .constdata          key_state_machine.o
    0x08006184   0x08006184   0x00000018   Data   RO         4396    .constdata          stm32h7xx_hal_uart.o
    0x0800619c   0x0800619c   0x00000010   Data   RO         4762    .constdata          stm32h7xx_hal_uart_ex.o
    0x080061ac   0x080061ac   0x00000010   Data   RO         4868    .constdata          system_stm32h7xx.o
    0x080061bc   0x080061bc   0x00000020   Data   RO         4969    .constdata          m_wv.l(rredf.o)
    0x080061dc   0x080061dc   0x00000020   Data   RO         5001    Region$$Table       anon$$obj.o


    Execution Region RW_IRAM1 (Exec base: 0x20000000, Load base: 0x080061fc, Size: 0x00000000, Max: 0x00020000, ABSOLUTE)

    **** No section assigned to this execution region ****


    Execution Region RW_IRAM2 (Exec base: 0x24000000, Load base: 0x080061fc, Size: 0x0000c980, Max: 0x00080000, ABSOLUTE, COMPRESSED[0x00000060])

    Exec Addr    Load Addr    Size         Type   Attr      Idx    E Section Name        Object

    0x24000000   COMPRESSED   0x00000010   Data   RW           22    .data               a1_motor_drive.o
    0x24000010   COMPRESSED   0x00000108   Data   RW          242    .data               calc.o
    0x24000118   COMPRESSED   0x00000001   Data   RW          243    .data               calc.o
    0x24000119   COMPRESSED   0x00000003   PAD
    0x2400011c   COMPRESSED   0x00000024   Data   RW          407    .data               joint.o
    0x24000140   COMPRESSED   0x0000007c   Data   RW          527    .data               key_state_machine.o
    0x240001bc   COMPRESSED   0x00000010   Data   RW          620    .data               main.o
    0x240001cc   COMPRESSED   0x0000000c   Data   RW         2458    .data               stm32h7xx_hal.o
    0x240001d8   COMPRESSED   0x00000008   Data   RW         4869    .data               system_stm32h7xx.o
    0x240001e0   COMPRESSED   0x00000004   Data   RW         4994    .data               mc_w.l(errno.o)
    0x240001e4        -       0x000005ae   Zero   RW           21    .bss                a1_motor_drive.o
    0x24000792   COMPRESSED   0x00000002   PAD
    0x24000794        -       0x00007ef0   Zero   RW          236    .bss                calc.o
    0x24008684        -       0x00000060   Zero   RW          406    .bss                joint.o
    0x240086e4        -       0x0000004c   Zero   RW          703    .bss                tim.o
    0x24008730        -       0x00000250   Zero   RW          748    .bss                usart.o
    0x24008980        -       0x00004000   Zero   RW            1    STACK               startup_stm32h743xx.o


==============================================================================

Image component sizes


      Code (inc. data)   RO Data    RW Data    ZI Data      Debug   Object Name

      1300        124          0         16       1454    1298992   a1_motor_drive.o
      2054         78        448        265      32496      12496   calc.o
        42          4        512          0          0       3199   crc_ccitt.o
       844        132          0          0          0       3746   gom_protocol.o
       124          8          0          0          0       1051   gpio.o
      3102        394          0         36         96      15697   joint.o
       858         72         48        124          0       5269   key_state_machine.o
       572         70          0         16          0       3491   main.o
        44         12        664          0      16384        824   startup_stm32h743xx.o
       232         44          0         12          0      23344   stm32h7xx_hal.o
       354         28          0          0          0      41709   stm32h7xx_hal_cortex.o
       566         50          0          0          0       2283   stm32h7xx_hal_gpio.o
        28          6          0          0          0        902   stm32h7xx_hal_msp.o
        84          6          0          0          0        773   stm32h7xx_hal_pwr_ex.o
      2466        102          0          0          0       7068   stm32h7xx_hal_rcc.o
      3736        118          0          0          0       7789   stm32h7xx_hal_rcc_ex.o
      1138         84          0          0          0      10277   stm32h7xx_hal_tim.o
       170         30          0          0          0       3156   stm32h7xx_hal_tim_ex.o
      1956        112         24          0          0      27809   stm32h7xx_hal_uart.o
       424         10         16          0          0       4720   stm32h7xx_hal_uart_ex.o
        32          6          0          0          0       4456   stm32h7xx_it.o
       276         48         16          8          0       1937   system_stm32h7xx.o
       160         12          0          0         76       1778   tim.o
      1056         88          0          0        592       4321   usart.o

    ----------------------------------------------------------------------
     21656       1638       1760        480      51100    1487087   Object Totals
         0          0         32          0          0          0   (incl. Generated)
        38          0          0          3          2          0   (incl. Padding)

    ----------------------------------------------------------------------

      Code (inc. data)   RO Data    RW Data    ZI Data      Debug   Library Member Name

       336         60          0          0          0        136   cosf.o
        38          0          0          0          0        116   fpclassifyf.o
        38         12          0          0          0        348   funder.o
       340         24         32          0          0        160   rredf.o
       404         60          0          0          0        212   sinf.o
        58          0          0          0          0        136   sqrtf.o
        86          0          0          0          0          0   __dczerorl2.o
         0          0          0          0          0          0   entry.o
         0          0          0          0          0          0   entry10a.o
         0          0          0          0          0          0   entry11a.o
         4          0          0          0          0          0   entry12b.o
         8          4          0          0          0          0   entry2.o
         4          0          0          0          0          0   entry5.o
         0          0          0          0          0          0   entry7b.o
         0          0          0          0          0          0   entry8b.o
         8          4          0          0          0          0   entry9a.o
        12          6          0          4          0         68   errno.o
        30          0          0          0          0          0   handlers.o
        36          8          0          0          0         68   init.o
         0          0          0          0          0          0   iusefp.o
        30          0          0          0          0         68   llshl.o
        32          0          0          0          0         68   llushr.o
        36          0          0          0          0         68   memcpya.o
        36          0          0          0          0        108   memseta.o
        98          0          0          0          0         92   uldiv.o

    ----------------------------------------------------------------------
      1636        178         32          4          0       1648   Library Totals
         2          0          0          0          0          0   (incl. Padding)

    ----------------------------------------------------------------------

      Code (inc. data)   RO Data    RW Data    ZI Data      Debug   Library Name

      1214        156         32          0          0       1108   m_wv.l
       420         22          0          4          0        540   mc_w.l

    ----------------------------------------------------------------------
      1636        178         32          4          0       1648   Library Totals

    ----------------------------------------------------------------------

==============================================================================


      Code (inc. data)   RO Data    RW Data    ZI Data      Debug   

     23292       1816       1792        484      51100    1477763   Grand Totals
     23292       1816       1792         96      51100    1477763   ELF Image Totals (compressed)
     23292       1816       1792         96          0          0   ROM Totals

==============================================================================

    Total RO  Size (Code + RO Data)                25084 (  24.50kB)
    Total RW  Size (RW Data + ZI Data)             51584 (  50.38kB)
    Total ROM Size (Code + RO Data + RW Data)      25180 (  24.59kB)

==============================================================================

