Component: ARM Compiler 5.06 update 7 (build 960) Tool: armlink [4d3601]

==============================================================================

Section Cross References

    startup_stm32h743xx.o(RESET) refers to startup_stm32h743xx.o(STACK) for __initial_sp
    startup_stm32h743xx.o(RESET) refers to startup_stm32h743xx.o(.text) for Reset_Handler
    startup_stm32h743xx.o(RESET) refers to stm32h7xx_it.o(i.NMI_Handler) for NMI_Handler
    startup_stm32h743xx.o(RESET) refers to stm32h7xx_it.o(i.HardFault_Handler) for HardFault_Handler
    startup_stm32h743xx.o(RESET) refers to stm32h7xx_it.o(i.MemManage_Handler) for MemManage_Handler
    startup_stm32h743xx.o(RESET) refers to stm32h7xx_it.o(i.BusFault_Handler) for BusFault_Handler
    startup_stm32h743xx.o(RESET) refers to stm32h7xx_it.o(i.UsageFault_Handler) for UsageFault_Handler
    startup_stm32h743xx.o(RESET) refers to stm32h7xx_it.o(i.SVC_Handler) for SVC_Handler
    startup_stm32h743xx.o(RESET) refers to stm32h7xx_it.o(i.DebugMon_Handler) for DebugMon_Handler
    startup_stm32h743xx.o(RESET) refers to stm32h7xx_it.o(i.PendSV_Handler) for PendSV_Handler
    startup_stm32h743xx.o(RESET) refers to stm32h7xx_it.o(i.SysTick_Handler) for SysTick_Handler
    startup_stm32h743xx.o(RESET) refers to stm32h7xx_it.o(i.TIM2_IRQHandler) for TIM2_IRQHandler
    startup_stm32h743xx.o(.text) refers to system_stm32h7xx.o(i.ExitRun0Mode) for ExitRun0Mode
    startup_stm32h743xx.o(.text) refers to system_stm32h7xx.o(i.SystemInit) for SystemInit
    startup_stm32h743xx.o(.text) refers to entry.o(.ARM.Collect$$$$00000000) for __main
    a1_motor_drive.o(i.motor_relax) refers to a1_motor_drive.o(i.modify_torque_cmd) for modify_torque_cmd
    a1_motor_drive.o(i.motor_relax) refers to a1_motor_drive.o(i.unitreeA1_rxtx) for unitreeA1_rxtx
    a1_motor_drive.o(i.motor_relax) refers to gom_protocol.o(i.go_torque_cmd) for go_torque_cmd
    a1_motor_drive.o(i.motor_relax) refers to a1_motor_drive.o(.bss) for MotorA1_send_group1
    a1_motor_drive.o(i.motor_relax) refers to usart.o(.bss) for huart1
    a1_motor_drive.o(i.unitreeA1_rxtx) refers to a1_motor_drive.o(i.crc32_core_Ver3) for crc32_core_Ver3
    a1_motor_drive.o(i.unitreeA1_rxtx) refers to stm32h7xx_hal_uart.o(i.HAL_UART_Transmit) for HAL_UART_Transmit
    a1_motor_drive.o(i.unitreeA1_rxtx) refers to stm32h7xx_hal_uart.o(i.HAL_UART_Receive) for HAL_UART_Receive
    a1_motor_drive.o(i.unitreeA1_rxtx) refers to stm32h7xx_hal_uart.o(i.HAL_UART_GetError) for HAL_UART_GetError
    a1_motor_drive.o(i.unitreeA1_rxtx) refers to memcpya.o(.text) for __aeabi_memcpy
    a1_motor_drive.o(i.unitreeA1_rxtx) refers to gom_protocol.o(i.modify_data) for modify_data
    a1_motor_drive.o(i.unitreeA1_rxtx) refers to gom_protocol.o(i.extract_data) for extract_data
    a1_motor_drive.o(i.unitreeA1_rxtx) refers to a1_motor_drive.o(.bss) for MotorA1_send_group1
    a1_motor_drive.o(i.unitreeA1_rxtx) refers to a1_motor_drive.o(.data) for trans_st
    calc.o(i.calc_zero_return_coeff) refers to calc.o(i.calculate_poly5_coeff) for calculate_poly5_coeff
    calc.o(i.cdpr_get_current_motor_angles) refers to calc.o(.bss) for motor_angle
    calc.o(i.cdpr_init) refers to calc.o(i.generate_trajectory_and_angles) for generate_trajectory_and_angles
    calc.o(i.generate_trajectory_and_angles) refers to calc.o(i.calculate_poly5_coeff) for calculate_poly5_coeff
    calc.o(i.generate_trajectory_and_angles) refers to calc.o(i.get_translation_matrix) for get_translation_matrix
    calc.o(i.generate_trajectory_and_angles) refers to calc.o(i.get_rotation_matrix) for get_rotation_matrix
    calc.o(i.generate_trajectory_and_angles) refers to calc.o(i.matrix_multiply) for matrix_multiply
    calc.o(i.generate_trajectory_and_angles) refers to calc.o(i.point_mult_matrix) for point_mult_matrix
    calc.o(i.generate_trajectory_and_angles) refers to calc.o(i.vector_norm) for vector_norm
    calc.o(i.generate_trajectory_and_angles) refers to calc.o(i.cross_product) for cross_product
    calc.o(i.generate_trajectory_and_angles) refers to calc.o(.bss) for coeffs
    calc.o(i.generate_trajectory_and_angles) refers to calc.o(.constdata) for attach_e
    calc.o(i.generate_zero_return_trajectory) refers to calc.o(i.calc_zero_return_coeff) for calc_zero_return_coeff
    calc.o(i.generate_zero_return_trajectory) refers to calc.o(.bss) for zero_return_coeffs
    calc.o(i.get_rotation_matrix) refers to cosf.o(i.__hardfp_cosf) for __hardfp_cosf
    calc.o(i.get_rotation_matrix) refers to sinf.o(i.__hardfp_sinf) for __hardfp_sinf
    calc.o(i.get_rotation_matrix) refers to memcpya.o(.text) for __aeabi_memcpy4
    calc.o(i.get_rotation_matrix) refers to calc.o(i.matrix_multiply) for matrix_multiply
    calc.o(i.get_rotation_matrix) refers to calc.o(.constdata) for .constdata
    calc.o(i.motor_init_zero_return) refers to calc.o(i.generate_zero_return_trajectory) for generate_zero_return_trajectory
[...]
    ../clib/microlib/init/entry.s            0x00000000   Number         0  entry8a.o ABSOLUTE
    ../clib/microlib/init/entry.s            0x00000000   Number         0  entry7b.o ABSOLUTE
    ../clib/microlib/init/entry.s            0x00000000   Number         0  entry7a.o ABSOLUTE
    ../clib/microlib/init/entry.s            0x00000000   Number         0  entry5.o ABSOLUTE
    ../clib/microlib/init/entry.s            0x00000000   Number         0  entry2.o ABSOLUTE
    ../clib/microlib/longlong.c              0x00000000   Number         0  llshl.o ABSOLUTE
    ../clib/microlib/longlong.c              0x00000000   Number         0  llushr.o ABSOLUTE
    ../clib/microlib/string/memcpy.c         0x00000000   Number         0  memcpyb.o ABSOLUTE
    ../clib/microlib/string/memcpy.c         0x00000000   Number         0  memcpya.o ABSOLUTE
    ../clib/microlib/string/memset.c         0x00000000   Number         0  memseta.o ABSOLUTE
    ../clib/microlib/stubs.s                 0x00000000   Number         0  iusefp.o ABSOLUTE
    ../mathlib/cosf.c                        0x00000000   Number         0  cosf.o ABSOLUTE
    ../mathlib/cosf.c                        0x00000000   Number         0  cosf_x.o ABSOLUTE
    ../mathlib/fpclassifyf.c                 0x00000000   Number         0  fpclassifyf.o ABSOLUTE
    ../mathlib/funder.c                      0x00000000   Number         0  funder.o ABSOLUTE
    ../mathlib/rredf.c                       0x00000000   Number         0  rredf.o ABSOLUTE
    ../mathlib/sinf.c                        0x00000000   Number         0  sinf.o ABSOLUTE
    ../mathlib/sinf.c                        0x00000000   Number         0  sinf_x.o ABSOLUTE
    ../mathlib/sqrtf.c                       0x00000000   Number         0  sqrtf.o ABSOLUTE
    ../mathlib/sqrtf.c                       0x00000000   Number         0  sqrtf_x.o ABSOLUTE
    ..\Core\Src\A1_motor_drive.c             0x00000000   Number         0  a1_motor_drive.o ABSOLUTE
    ..\Core\Src\calc.c                       0x00000000   Number         0  calc.o ABSOLUTE
    ..\Core\Src\crc_ccitt.c                  0x00000000   Number         0  crc_ccitt.o ABSOLUTE
    ..\Core\Src\gom_protocol.c               0x00000000   Number         0  gom_protocol.o ABSOLUTE
    ..\Core\Src\gpio.c                       0x00000000   Number         0  gpio.o ABSOLUTE
    ..\Core\Src\joint.c                      0x00000000   Number         0  joint.o ABSOLUTE
    ..\Core\Src\key_state_machine.c          0x00000000   Number         0  key_state_machine.o ABSOLUTE
    ..\Core\Src\main.c                       0x00000000   Number         0  main.o ABSOLUTE
    ..\Core\Src\stm32h7xx_hal_msp.c          0x00000000   Number         0  stm32h7xx_hal_msp.o ABSOLUTE
    ..\Core\Src\stm32h7xx_it.c               0x00000000   Number         0  stm32h7xx_it.o ABSOLUTE
    ..\Core\Src\system_stm32h7xx.c           0x00000000   Number         0  system_stm32h7xx.o ABSOLUTE
    ..\Core\Src\tim.c                        0x00000000   Number         0  tim.o ABSOLUTE
    ..\Core\Src\usart.c                      0x00000000   Number         0  usart.o ABSOLUTE
    ..\Drivers\STM32H7xx_HAL_Driver\Src\stm32h7xx_hal.c 0x00000000   Number         0  stm32h7xx_hal.o ABSOLUTE
    ..\Drivers\STM32H7xx_HAL_Driver\Src\stm32h7xx_hal_cortex.c 0x00000000   Number         0  stm32h7xx_hal_cortex.o ABSOLUTE
    ..\Drivers\STM32H7xx_HAL_Driver\Src\stm32h7xx_hal_dma.c 0x00000000   Number         0  stm32h7xx_hal_dma.o ABSOLUTE
    ..\Drivers\STM32H7xx_HAL_Driver\Src\stm32h7xx_hal_dma_ex.c 0x00000000   Number         0  stm32h7xx_hal_dma_ex.o ABSOLUTE
    ..\Drivers\STM32H7xx_HAL_Driver\Src\stm32h7xx_hal_exti.c 0x00000000   Number         0  stm32h7xx_hal_exti.o ABSOLUTE
    ..\Drivers\STM32H7xx_HAL_Driver\Src\stm32h7xx_hal_flash.c 0x00000000   Number         0  stm32h7xx_hal_flash.o ABSOLUTE
    ..\Drivers\STM32H7xx_HAL_Driver\Src\stm32h7xx_hal_flash_ex.c 0x00000000   Number         0  stm32h7xx_hal_flash_ex.o ABSOLUTE
    ..\Drivers\STM32H7xx_HAL_Driver\Src\stm32h7xx_hal_gpio.c 0x00000000   Number         0  stm32h7xx_hal_gpio.o ABSOLUTE
    ..\Drivers\STM32H7xx_HAL_Driver\Src\stm32h7xx_hal_hsem.c 0x00000000   Number         0  stm32h7xx_hal_hsem.o ABSOLUTE
    ..\Drivers\STM32H7xx_HAL_Driver\Src\stm32h7xx_hal_i2c.c 0x00000000   Number         0  stm32h7xx_hal_i2c.o ABSOLUTE
    ..\Drivers\STM32H7xx_HAL_Driver\Src\stm32h7xx_hal_i2c_ex.c 0x00000000   Number         0  stm32h7xx_hal_i2c_ex.o ABSOLUTE
    ..\Drivers\STM32H7xx_HAL_Driver\Src\stm32h7xx_hal_mdma.c 0x00000000   Number         0  stm32h7xx_hal_mdma.o ABSOLUTE
    ..\Drivers\STM32H7xx_HAL_Driver\Src\stm32h7xx_hal_pwr.c 0x00000000   Number         0  stm32h7xx_hal_pwr.o ABSOLUTE
    ..\Drivers\STM32H7xx_HAL_Driver\Src\stm32h7xx_hal_pwr_ex.c 0x00000000   Number         0  stm32h7xx_hal_pwr_ex.o ABSOLUTE
    ..\Drivers\STM32H7xx_HAL_Driver\Src\stm32h7xx_hal_rcc.c 0x00000000   Number         0  stm32h7xx_hal_rcc.o ABSOLUTE
    ..\Drivers\STM32H7xx_HAL_Driver\Src\stm32h7xx_hal_rcc_ex.c 0x00000000   Number         0  stm32h7xx_hal_rcc_ex.o ABSOLUTE
    ..\Drivers\STM32H7xx_HAL_Driver\Src\stm32h7xx_hal_tim.c 0x00000000   Number         0  stm32h7xx_hal_tim.o ABSOLUTE
    ..\Drivers\STM32H7xx_HAL_Driver\Src\stm32h7xx_hal_tim_ex.c 0x00000000   Number         0  stm32h7xx_hal_tim_ex.o ABSOLUTE
    ..\Drivers\STM32H7xx_HAL_Driver\Src\stm32h7xx_hal_uart.c 0x00000000   Number         0  stm32h7xx_hal_uart.o ABSOLUTE
    ..\Drivers\STM32H7xx_HAL_Driver\Src\stm32h7xx_hal_uart_ex.c 0x00000000   Number         0  stm32h7xx_hal_uart_ex.o ABSOLUTE
    ..\\Core\\Src\\A1_motor_drive.c          0x00000000   Number         0  a1_motor_drive.o ABSOLUTE
    ..\\Core\\Src\\calc.c                    0x00000000   Number         0  calc.o ABSOLUTE
    ..\\Core\\Src\\joint.c                   0x00000000   Number         0  joint.o ABSOLUTE
    ..\\Core\\Src\\key_state_machine.c       0x00000000   Number         0  key_state_machine.o ABSOLUTE
    dc.s                                     0x00000000   Number         0  dc.o ABSOLUTE
    handlers.s                               0x00000000   Number         0  handlers.o ABSOLUTE
    init.s                                   0x00000000   Number         0  init.o ABSOLUTE
    startup_stm32h743xx.s                    0x00000000   Number         0  startup_stm32h743xx.o ABSOLUTE
    RESET                                    0x08000000   Section      664  startup_stm32h743xx.o(RESET)
    .ARM.Collect$$$$00000000                 0x08000298   Section        0  entry.o(.ARM.Collect$$$$00000000)
    .ARM.Collect$$$$00000001                 0x08000298   Section        4  entry2.o(.ARM.Collect$$$$00000001)
    .ARM.Collect$$$$00000004                 0x0800029c   Section        4  entry5.o(.ARM.Collect$$$$00000004)
    .ARM.Collect$$$$00000008                 0x080002a0   Section        0  entry7b.o(.ARM.Collect$$$$00000008)
    .ARM.Collect$$$$0000000A                 0x080002a0   Section        0  entry8b.o(.ARM.Collect$$$$0000000A)
    .ARM.Collect$$$$0000000B                 0x080002a0   Section        8  entry9a.o(.ARM.Collect$$$$0000000B)
    .ARM.Collect$$$$0000000E                 0x080002a8   Section        4  entry12b.o(.ARM.Collect$$$$0000000E)
    .ARM.Collect$$$$0000000F                 0x080002ac   Section        0  entry10a.o(.ARM.Collect$$$$0000000F)
    .ARM.Collect$$$$00000011                 0x080002ac   Section        0  entry11a.o(.ARM.Collect$$$$00000011)
    .ARM.Collect$$$$00002712                 0x080002ac   Section        4  entry2.o(.ARM.Collect$$$$00002712)
    __lit__00000000                          0x080002ac   Data           4  entry2.o(.ARM.Collect$$$$00002712)
    .text                                    0x080002b0   Section       44  startup_stm32h743xx.o(.text)
    $v0                                      0x080002b0   Number         0  startup_stm32h743xx.o(.text)
    .text                                    0x080002dc   Section        0  uldiv.o(.text)
    .text                                    0x0800033e   Section        0  memcpya.o(.text)
    .text                                    0x08000362   Section        0  memseta.o(.text)
    .text                                    0x08000386   Section        0  llshl.o(.text)
    .text                                    0x080003a4   Section        0  llushr.o(.text)
    .text                                    0x080003c4   Section       36  init.o(.text)
    .text                                    0x080003c4   Section        0  iusefp.o(.text)
    i.BusFault_Handler                       0x080003e8   Section        0  stm32h7xx_it.o(i.BusFault_Handler)
    i.DebugMon_Handler                       0x080003ec   Section        0  stm32h7xx_it.o(i.DebugMon_Handler)
    i.Error_Handler                          0x080003ee   Section        0  main.o(i.Error_Handler)
    i.ExitRun0Mode                           0x080003f4   Section        0  system_stm32h7xx.o(i.ExitRun0Mode)
    i.HAL_Delay                              0x08000418   Section        0  stm32h7xx_hal.o(i.HAL_Delay)
    i.HAL_GPIO_Init                          0x08000440   Section        0  stm32h7xx_hal_gpio.o(i.HAL_GPIO_Init)
    i.HAL_GPIO_ReadPin                       0x0800063c   Section        0  stm32h7xx_hal_gpio.o(i.HAL_GPIO_ReadPin)
    i.HAL_GetREVID                           0x0800064c   Section        0  stm32h7xx_hal.o(i.HAL_GetREVID)
    i.HAL_GetTick                            0x08000658   Section        0  stm32h7xx_hal.o(i.HAL_GetTick)
    i.HAL_IncTick                            0x08000664   Section        0  stm32h7xx_hal.o(i.HAL_IncTick)
    i.HAL_Init                               0x0800067c   Section        0  stm32h7xx_hal.o(i.HAL_Init)
    i.HAL_InitTick                           0x080006dc   Section        0  stm32h7xx_hal.o(i.HAL_InitTick)
    i.HAL_MPU_ConfigRegion                   0x08000734   Section        0  stm32h7xx_hal_cortex.o(i.HAL_MPU_ConfigRegion)
    i.HAL_MPU_Disable                        0x08000790   Section        0  stm32h7xx_hal_cortex.o(i.HAL_MPU_Disable)
    i.HAL_MPU_Enable                         0x080007bc   Section        0  stm32h7xx_hal_cortex.o(i.HAL_MPU_Enable)
    i.HAL_MspInit                            0x080007fc   Section        0  stm32h7xx_hal_msp.o(i.HAL_MspInit)
    i.HAL_NVIC_EnableIRQ                     0x08000820   Section        0  stm32h7xx_hal_cortex.o(i.HAL_NVIC_EnableIRQ)
    i.HAL_NVIC_SetPriority                   0x08000848   Section        0  stm32h7xx_hal_cortex.o(i.HAL_NVIC_SetPriority)
    i.HAL_NVIC_SetPriorityGrouping           0x080008c4   Section        0  stm32h7xx_hal_cortex.o(i.HAL_NVIC_SetPriorityGrouping)
    i.HAL_PWREx_ConfigSupply                 0x080008ec   Section        0  stm32h7xx_hal_pwr_ex.o(i.HAL_PWREx_ConfigSupply)
    i.HAL_RCCEx_GetD3PCLK1Freq               0x0800094c   Section        0  stm32h7xx_hal_rcc_ex.o(i.HAL_RCCEx_GetD3PCLK1Freq)
    i.HAL_RCCEx_GetPLL2ClockFreq             0x08000970   Section        0  stm32h7xx_hal_rcc_ex.o(i.HAL_RCCEx_GetPLL2ClockFreq)
    i.HAL_RCCEx_GetPLL3ClockFreq             0x08000ba0   Section        0  stm32h7xx_hal_rcc_ex.o(i.HAL_RCCEx_GetPLL3ClockFreq)
    i.HAL_RCCEx_PeriphCLKConfig              0x08000dd0   Section        0  stm32h7xx_hal_rcc_ex.o(i.HAL_RCCEx_PeriphCLKConfig)
    i.HAL_RCC_ClockConfig                    0x08001b38   Section        0  stm32h7xx_hal_rcc.o(i.HAL_RCC_ClockConfig)
    i.HAL_RCC_GetHCLKFreq                    0x08001e58   Section        0  stm32h7xx_hal_rcc.o(i.HAL_RCC_GetHCLKFreq)
    i.HAL_RCC_GetPCLK1Freq                   0x08001ea4   Section        0  stm32h7xx_hal_rcc.o(i.HAL_RCC_GetPCLK1Freq)
    i.HAL_RCC_GetPCLK2Freq                   0x08001ec8   Section        0  stm32h7xx_hal_rcc.o(i.HAL_RCC_GetPCLK2Freq)
    i.HAL_RCC_GetSysClockFreq                0x08001eec   Section        0  stm32h7xx_hal_rcc.o(i.HAL_RCC_GetSysClockFreq)
    i.HAL_RCC_OscConfig                      0x08002118   Section        0  stm32h7xx_hal_rcc.o(i.HAL_RCC_OscConfig)
    i.HAL_RS485Ex_Init                       0x08002970   Section        0  stm32h7xx_hal_uart_ex.o(i.HAL_RS485Ex_Init)
    i.HAL_SYSTICK_Config                     0x08002a08   Section        0  stm32h7xx_hal_cortex.o(i.HAL_SYSTICK_Config)
    i.HAL_TIMEx_Break2Callback               0x08002a3c   Section        0  stm32h7xx_hal_tim_ex.o(i.HAL_TIMEx_Break2Callback)
    i.HAL_TIMEx_BreakCallback                0x08002a3e   Section        0  stm32h7xx_hal_tim_ex.o(i.HAL_TIMEx_BreakCallback)
    i.HAL_TIMEx_CommutCallback               0x08002a40   Section        0  stm32h7xx_hal_tim_ex.o(i.HAL_TIMEx_CommutCallback)
    i.HAL_TIMEx_MasterConfigSynchronization  0x08002a44   Section        0  stm32h7xx_hal_tim_ex.o(i.HAL_TIMEx_MasterConfigSynchronization)
    i.HAL_TIM_Base_Init                      0x08002b10   Section        0  stm32h7xx_hal_tim.o(i.HAL_TIM_Base_Init)
    i.HAL_TIM_Base_MspInit                   0x08002b80   Section        0  tim.o(i.HAL_TIM_Base_MspInit)
    i.HAL_TIM_Base_Start_IT                  0x08002bc0   Section        0  stm32h7xx_hal_tim.o(i.HAL_TIM_Base_Start_IT)
    i.HAL_TIM_ConfigClockSource              0x08002c74   Section        0  stm32h7xx_hal_tim.o(i.HAL_TIM_ConfigClockSource)
    i.HAL_TIM_IC_CaptureCallback             0x08002da8   Section        0  stm32h7xx_hal_tim.o(i.HAL_TIM_IC_CaptureCallback)
    i.HAL_TIM_IRQHandler                     0x08002daa   Section        0  stm32h7xx_hal_tim.o(i.HAL_TIM_IRQHandler)
    i.HAL_TIM_OC_DelayElapsedCallback        0x08002f42   Section        0  stm32h7xx_hal_tim.o(i.HAL_TIM_OC_DelayElapsedCallback)
    i.HAL_TIM_PWM_PulseFinishedCallback      0x08002f44   Section        0  stm32h7xx_hal_tim.o(i.HAL_TIM_PWM_PulseFinishedCallback)
    i.HAL_TIM_PeriodElapsedCallback          0x08002f46   Section        0  main.o(i.HAL_TIM_PeriodElapsedCallback)
    i.HAL_TIM_TriggerCallback                0x08002f5c   Section        0  stm32h7xx_hal_tim.o(i.HAL_TIM_TriggerCallback)
    i.HAL_UARTEx_DisableFifoMode             0x08002f5e   Section        0  stm32h7xx_hal_uart_ex.o(i.HAL_UARTEx_DisableFifoMode)
    i.HAL_UARTEx_SetRxFifoThreshold          0x08002fac   Section        0  stm32h7xx_hal_uart_ex.o(i.HAL_UARTEx_SetRxFifoThreshold)
    i.HAL_UARTEx_SetTxFifoThreshold          0x0800300a   Section        0  stm32h7xx_hal_uart_ex.o(i.HAL_UARTEx_SetTxFifoThreshold)
    i.HAL_UART_GetError                      0x08003068   Section        0  stm32h7xx_hal_uart.o(i.HAL_UART_GetError)
    i.HAL_UART_MspInit                       0x08003070   Section        0  usart.o(i.HAL_UART_MspInit)
    i.HAL_UART_Receive                       0x080033a0   Section        0  stm32h7xx_hal_uart.o(i.HAL_UART_Receive)
    i.HAL_UART_Transmit                      0x080034b2   Section        0  stm32h7xx_hal_uart.o(i.HAL_UART_Transmit)
    i.HardFault_Handler                      0x08003574   Section        0  stm32h7xx_it.o(i.HardFault_Handler)
    i.Joint_Full_PW_Control                  0x08003578   Section        0  joint.o(i.Joint_Full_PW_Control)
    i.Joint_Full_zero_Control                0x08003648   Section        0  joint.o(i.Joint_Full_zero_Control)
    i.Joint_PW_Control                       0x08003718   Section        0  joint.o(i.Joint_PW_Control)
    i.Joint_Zero_OK                          0x080039e8   Section        0  joint.o(i.Joint_Zero_OK)
    i.Joint_Zero_init_Type1                  0x08003ad8   Section        0  joint.o(i.Joint_Zero_init_Type1)
    i.Joint_readall                          0x08003cc8   Section        0  joint.o(i.Joint_readall)
    i.Joint_zero_Control                     0x08003dfc   Section        0  joint.o(i.Joint_zero_Control)
    i.Key_HandleEvents                       0x08004074   Section        0  key_state_machine.o(i.Key_HandleEvents)
    Key_HandleEvents                         0x08004075   Thumb Code   136  key_state_machine.o(i.Key_HandleEvents)
    i.Key_Process                            0x08004124   Section        0  key_state_machine.o(i.Key_Process)
    i.Key_ReadPin                            0x08004154   Section        0  key_state_machine.o(i.Key_ReadPin)
    Key_ReadPin                              0x08004155   Thumb Code    22  key_state_machine.o(i.Key_ReadPin)
    i.Key_StateMachine                       0x0800416a   Section        0  key_state_machine.o(i.Key_StateMachine)
    Key_StateMachine                         0x0800416b   Thumb Code   206  key_state_machine.o(i.Key_StateMachine)
    i.MPU_Config                             0x08004238   Section        0  main.o(i.MPU_Config)
    MPU_Config                               0x08004239   Thumb Code    86  main.o(i.MPU_Config)
    i.MX_GPIO_Init                           0x08004290   Section        0  gpio.o(i.MX_GPIO_Init)
    i.MX_TIM2_Init                           0x08004340   Section        0  tim.o(i.MX_TIM2_Init)
    i.MX_UART4_Init                          0x080043b0   Section        0  usart.o(i.MX_UART4_Init)
    i.MX_UART8_Init                          0x08004424   Section        0  usart.o(i.MX_UART8_Init)
    i.MX_USART1_UART_Init                    0x080044a0   Section        0  usart.o(i.MX_USART1_UART_Init)
    i.MX_USART2_UART_Init                    0x08004514   Section        0  usart.o(i.MX_USART2_UART_Init)
    i.MemManage_Handler                      0x08004588   Section        0  stm32h7xx_it.o(i.MemManage_Handler)
    i.NMI_Handler                            0x0800458c   Section        0  stm32h7xx_it.o(i.NMI_Handler)
    i.PendSV_Handler                         0x08004590   Section        0  stm32h7xx_it.o(i.PendSV_Handler)
    i.RCCEx_PLL2_Config                      0x08004594   Section        0  stm32h7xx_hal_rcc_ex.o(i.RCCEx_PLL2_Config)
    RCCEx_PLL2_Config                        0x08004595   Thumb Code   350  stm32h7xx_hal_rcc_ex.o(i.RCCEx_PLL2_Config)
    i.RCCEx_PLL3_Config                      0x080046f8   Section        0  stm32h7xx_hal_rcc_ex.o(i.RCCEx_PLL3_Config)
    RCCEx_PLL3_Config                        0x080046f9   Thumb Code   350  stm32h7xx_hal_rcc_ex.o(i.RCCEx_PLL3_Config)
    i.SVC_Handler                            0x0800485c   Section        0  stm32h7xx_it.o(i.SVC_Handler)
    i.SysTick_Handler                        0x0800485e   Section        0  stm32h7xx_it.o(i.SysTick_Handler)
    i.SystemClock_Config                     0x08004868   Section        0  main.o(i.SystemClock_Config)
    i.SystemInit                             0x08004938   Section        0  system_stm32h7xx.o(i.SystemInit)
    i.TIM2_IRQHandler                        0x08004a60   Section        0  stm32h7xx_it.o(i.TIM2_IRQHandler)
    i.TIM_Base_SetConfig                     0x08004a70   Section        0  stm32h7xx_hal_tim.o(i.TIM_Base_SetConfig)
    i.TIM_ETR_SetConfig                      0x08004b44   Section        0  stm32h7xx_hal_tim.o(i.TIM_ETR_SetConfig)
    i.TIM_ITRx_SetConfig                     0x08004b5c   Section        0  stm32h7xx_hal_tim.o(i.TIM_ITRx_SetConfig)
    TIM_ITRx_SetConfig                       0x08004b5d   Thumb Code    18  stm32h7xx_hal_tim.o(i.TIM_ITRx_SetConfig)
    i.TIM_TI1_ConfigInputStage               0x08004b74   Section        0  stm32h7xx_hal_tim.o(i.TIM_TI1_ConfigInputStage)
    TIM_TI1_ConfigInputStage                 0x08004b75   Thumb Code    38  stm32h7xx_hal_tim.o(i.TIM_TI1_ConfigInputStage)
    i.TIM_TI2_ConfigInputStage               0x08004b9a   Section        0  stm32h7xx_hal_tim.o(i.TIM_TI2_ConfigInputStage)
    TIM_TI2_ConfigInputStage                 0x08004b9b   Thumb Code    40  stm32h7xx_hal_tim.o(i.TIM_TI2_ConfigInputStage)
    i.Task_Execute                           0x08004bc4   Section        0  key_state_machine.o(i.Task_Execute)
    i.UARTEx_SetNbDataToProcess              0x08004d8c   Section        0  stm32h7xx_hal_uart_ex.o(i.UARTEx_SetNbDataToProcess)
    UARTEx_SetNbDataToProcess                0x08004d8d   Thumb Code    78  stm32h7xx_hal_uart_ex.o(i.UARTEx_SetNbDataToProcess)
    i.UART_AdvFeatureConfig                  0x08004de4   Section        0  stm32h7xx_hal_uart.o(i.UART_AdvFeatureConfig)
    i.UART_CheckIdleState                    0x08004edc   Section        0  stm32h7xx_hal_uart.o(i.UART_CheckIdleState)
    i.UART_EndRxTransfer                     0x08004fc8   Section        0  stm32h7xx_hal_uart.o(i.UART_EndRxTransfer)
    UART_EndRxTransfer                       0x08004fc9   Thumb Code   104  stm32h7xx_hal_uart.o(i.UART_EndRxTransfer)
    i.UART_SetConfig                         0x08005034   Section        0  stm32h7xx_hal_uart.o(i.UART_SetConfig)
    i.UART_WaitOnFlagUntilTimeout            0x080055c0   Section        0  stm32h7xx_hal_uart.o(i.UART_WaitOnFlagUntilTimeout)
    i.UsageFault_Handler                     0x0800566c   Section        0  stm32h7xx_it.o(i.UsageFault_Handler)
    i.__ARM_fpclassifyf                      0x08005670   Section        0  fpclassifyf.o(i.__ARM_fpclassifyf)
    i.__NVIC_GetPriorityGrouping             0x08005698   Section        0  stm32h7xx_hal_cortex.o(i.__NVIC_GetPriorityGrouping)
    __NVIC_GetPriorityGrouping               0x08005699   Thumb Code    10  stm32h7xx_hal_cortex.o(i.__NVIC_GetPriorityGrouping)
    i.__NVIC_SetPriority                     0x080056a8   Section        0  stm32h7xx_hal_cortex.o(i.__NVIC_SetPriority)
    __NVIC_SetPriority                       0x080056a9   Thumb Code    32  stm32h7xx_hal_cortex.o(i.__NVIC_SetPriority)
    i.__hardfp_cosf                          0x080056d0   Section        0  cosf.o(i.__hardfp_cosf)
    i.__hardfp_sinf                          0x08005820   Section        0  sinf.o(i.__hardfp_sinf)
    i.__hardfp_sqrtf                         0x080059b4   Section        0  sqrtf.o(i.__hardfp_sqrtf)
    i.__mathlib_flt_infnan                   0x080059ee   Section        0  funder.o(i.__mathlib_flt_infnan)
    i.__mathlib_flt_invalid                  0x080059f4   Section        0  funder.o(i.__mathlib_flt_invalid)
    i.__mathlib_flt_underflow                0x08005a04   Section        0  funder.o(i.__mathlib_flt_underflow)
    i.__mathlib_rredf2                       0x08005a14   Section        0  rredf.o(i.__mathlib_rredf2)
    i.__scatterload_copy                     0x08005b68   Section       14  handlers.o(i.__scatterload_copy)
    i.__scatterload_null                     0x08005b76   Section        2  handlers.o(i.__scatterload_null)
    i.__scatterload_zeroinit                 0x08005b78   Section       14  handlers.o(i.__scatterload_zeroinit)
    i.__set_errno                            0x08005b88   Section        0  errno.o(i.__set_errno)
    i.calc_zero_return_coeff                 0x08005b94   Section        0  calc.o(i.calc_zero_return_coeff)
    calc_zero_return_coeff                   0x08005b95   Thumb Code    60  calc.o(i.calc_zero_return_coeff)
    i.calculate_poly5_coeff                  0x08005bd4   Section        0  calc.o(i.calculate_poly5_coeff)
    calculate_poly5_coeff                    0x08005bd5   Thumb Code   266  calc.o(i.calculate_poly5_coeff)
    i.cdpr_init                              0x08005ce0   Section        0  calc.o(i.cdpr_init)
    i.crc32_core_Ver3                        0x08005d28   Section        0  a1_motor_drive.o(i.crc32_core_Ver3)
    i.crc_ccitt                              0x08005d84   Section        0  crc_ccitt.o(i.crc_ccitt)
    i.crc_ccitt_byte                         0x08005da8   Section        0  crc_ccitt.o(i.crc_ccitt_byte)
    i.cross_product                          0x08005dc0   Section        0  calc.o(i.cross_product)
    i.extract_data                           0x08005e18   Section        0  gom_protocol.o(i.extract_data)
    i.fabsf                                  0x08005f14   Section        0  joint.o(i.fabsf)
    fabsf                                    0x08005f15   Thumb Code    10  joint.o(i.fabsf)
    i.generate_trajectory_and_angles         0x08005f20   Section        0  calc.o(i.generate_trajectory_and_angles)
    generate_trajectory_and_angles           0x08005f21   Thumb Code  1246  calc.o(i.generate_trajectory_and_angles)
    i.generate_zero_return_trajectory        0x08006400   Section        0  calc.o(i.generate_zero_return_trajectory)
    generate_zero_return_trajectory          0x08006401   Thumb Code   476  calc.o(i.generate_zero_return_trajectory)
    i.get_rotation_matrix                    0x080065f4   Section        0  calc.o(i.get_rotation_matrix)
    i.get_translation_matrix                 0x080066d0   Section        0  calc.o(i.get_translation_matrix)
    i.go_pw_cmd                              0x0800674c   Section        0  gom_protocol.o(i.go_pw_cmd)
    i.go_spd_cmd                             0x0800679c   Section        0  gom_protocol.o(i.go_spd_cmd)
    i.go_torque_cmd                          0x080067dc   Section        0  gom_protocol.o(i.go_torque_cmd)
    i.main                                   0x0800680c   Section        0  main.o(i.main)
    i.matrix_multiply                        0x08006928   Section        0  calc.o(i.matrix_multiply)
    i.modify_PW_cmd                          0x080069a0   Section        0  a1_motor_drive.o(i.modify_PW_cmd)
    i.modify_data                            0x080069f0   Section        0  gom_protocol.o(i.modify_data)
    i.modify_speed_cmd                       0x08006c2c   Section        0  a1_motor_drive.o(i.modify_speed_cmd)
    i.modify_torque_cmd                      0x08006c7c   Section        0  a1_motor_drive.o(i.modify_torque_cmd)
    i.motor_init_zero_return                 0x08006ce4   Section        0  calc.o(i.motor_init_zero_return)
    i.motor_relax                            0x08006d04   Section        0  a1_motor_drive.o(i.motor_relax)
    i.point_mult_matrix                      0x08006dcc   Section        0  calc.o(i.point_mult_matrix)
    i.unitreeA1_rxtx                         0x08006eb0   Section        0  a1_motor_drive.o(i.unitreeA1_rxtx)
    i.vector_norm                            0x08007224   Section        0  calc.o(i.vector_norm)
    .constdata                               0x08007254   Section      464  calc.o(.constdata)
    .constdata                               0x08007424   Section      512  crc_ccitt.o(.constdata)
    .constdata                               0x08007624   Section       96  key_state_machine.o(.constdata)
    .constdata                               0x08007684   Section       24  stm32h7xx_hal_uart.o(.constdata)
    .constdata                               0x0800769c   Section       16  stm32h7xx_hal_uart_ex.o(.constdata)
    numerator                                0x0800769c   Data           8  stm32h7xx_hal_uart_ex.o(.constdata)
    denominator                              0x080076a4   Data           8  stm32h7xx_hal_uart_ex.o(.constdata)
    .constdata                               0x080076ac   Section       16  system_stm32h7xx.o(.constdata)
    .constdata                               0x080076bc   Section       32  rredf.o(.constdata)
    twooverpi                                0x080076bc   Data          32  rredf.o(.constdata)
    .data                                    0x24000000   Section       16  a1_motor_drive.o(.data)
    .data                                    0x24000010   Section       33  joint.o(.data)
    .data                                    0x24000034   Section      123  key_state_machine.o(.data)
    key1                                     0x24000034   Data          28  key_state_machine.o(.data)
    key2                                     0x24000050   Data          28  key_state_machine.o(.data)
    key3                                     0x2400006c   Data          28  key_state_machine.o(.data)
    key4                                     0x24000088   Data          28  key_state_machine.o(.data)
    .data                                    0x240000b0   Section       18  main.o(.data)
    .data                                    0x240000c4   Section        9  stm32h7xx_hal.o(.data)
    .data                                    0x240000d0   Section        8  system_stm32h7xx.o(.data)
    .data                                    0x240000d8   Section        4  errno.o(.data)
    _errno                                   0x240000d8   Data           4  errno.o(.data)
    .bss                                     0x240000dc   Section     1454  a1_motor_drive.o(.bss)
    Date_group1                              0x24000590   Data          78  a1_motor_drive.o(.bss)
    Date_group2                              0x240005de   Data          78  a1_motor_drive.o(.bss)
    Date_group3                              0x2400062c   Data          78  a1_motor_drive.o(.bss)
    Date_go_group4                           0x2400067a   Data          16  a1_motor_drive.o(.bss)
    .bss                                     0x2400068c   Section    32496  calc.o(.bss)
    .bss                                     0x2400857c   Section       64  joint.o(.bss)
    .bss                                     0x240085bc   Section       76  tim.o(.bss)
    .bss                                     0x24008608   Section      592  usart.o(.bss)
    STACK                                    0x24008858   Section    16384  startup_stm32h743xx.o(STACK)

    Global Symbols

    Symbol Name                              Value     Ov Type        Size  Object(Section)

    BuildAttributes$$THM_ISAv4$E$P$D$K$B$S$7EM$VFPv5_D16$PE$PLD8$A:L22UL41UL21$X:L11$S22US41US21$IEEE1$IW$USESV6$~STKCKD$USESV7$~SHL$OTIME$ROPI$IEEEX$EBA8$MICROLIB$REQ8$PRES8$EABIv2 0x00000000   Number         0  anon$$obj.o ABSOLUTE
    __ARM_use_no_argv                        0x00000000   Number         0  main.o ABSOLUTE
    __arm_fini_                               - Undefined Weak Reference
    __cpp_initialize__aeabi_                  - Undefined Weak Reference
    __cxa_finalize                            - Undefined Weak Reference
    __decompress                              - Undefined Weak Reference
    _clock_init                               - Undefined Weak Reference
    _microlib_exit                            - Undefined Weak Reference
    __Vectors_Size                           0x00000298   Number         0  startup_stm32h743xx.o ABSOLUTE
    __Vectors                                0x08000000   Data           4  startup_stm32h743xx.o(RESET)
    __Vectors_End                            0x08000298   Data           0  startup_stm32h743xx.o(RESET)
    __main                                   0x08000299   Thumb Code     0  entry.o(.ARM.Collect$$$$00000000)
    _main_stk                                0x08000299   Thumb Code     0  entry2.o(.ARM.Collect$$$$00000001)
    _main_scatterload                        0x0800029d   Thumb Code     0  entry5.o(.ARM.Collect$$$$00000004)
    __main_after_scatterload                 0x080002a1   Thumb Code     0  entry5.o(.ARM.Collect$$$$00000004)
    _main_clock                              0x080002a1   Thumb Code     0  entry7b.o(.ARM.Collect$$$$00000008)
    _main_cpp_init                           0x080002a1   Thumb Code     0  entry8b.o(.ARM.Collect$$$$0000000A)
    _main_init                               0x080002a1   Thumb Code     0  entry9a.o(.ARM.Collect$$$$0000000B)
    __rt_lib_shutdown_fini                   0x080002a9   Thumb Code     0  entry12b.o(.ARM.Collect$$$$0000000E)
    __rt_final_cpp                           0x080002ad   Thumb Code     0  entry10a.o(.ARM.Collect$$$$0000000F)
    __rt_final_exit                          0x080002ad   Thumb Code     0  entry11a.o(.ARM.Collect$$$$00000011)
    Reset_Handler                            0x080002b1   Thumb Code    12  startup_stm32h743xx.o(.text)
    ADC3_IRQHandler                          0x080002cf   Thumb Code     0  startup_stm32h743xx.o(.text)
    ADC_IRQHandler                           0x080002cf   Thumb Code     0  startup_stm32h743xx.o(.text)
    BDMA_Channel0_IRQHandler                 0x080002cf   Thumb Code     0  startup_stm32h743xx.o(.text)
    BDMA_Channel1_IRQHandler                 0x080002cf   Thumb Code     0  startup_stm32h743xx.o(.text)
    BDMA_Channel2_IRQHandler                 0x080002cf   Thumb Code     0  startup_stm32h743xx.o(.text)
    BDMA_Channel3_IRQHandler                 0x080002cf   Thumb Code     0  startup_stm32h743xx.o(.text)
    BDMA_Channel4_IRQHandler                 0x080002cf   Thumb Code     0  startup_stm32h743xx.o(.text)
    BDMA_Channel5_IRQHandler                 0x080002cf   Thumb Code     0  startup_stm32h743xx.o(.text)
    BDMA_Channel6_IRQHandler                 0x080002cf   Thumb Code     0  startup_stm32h743xx.o(.text)
    BDMA_Channel7_IRQHandler                 0x080002cf   Thumb Code     0  startup_stm32h743xx.o(.text)
    CEC_IRQHandler                           0x080002cf   Thumb Code     0  startup_stm32h743xx.o(.text)
    COMP1_IRQHandler                         0x080002cf   Thumb Code     0  startup_stm32h743xx.o(.text)
    CRS_IRQHandler                           0x080002cf   Thumb Code     0  startup_stm32h743xx.o(.text)
    DCMI_IRQHandler                          0x080002cf   Thumb Code     0  startup_stm32h743xx.o(.text)
    DFSDM1_FLT0_IRQHandler                   0x080002cf   Thumb Code     0  startup_stm32h743xx.o(.text)
    DFSDM1_FLT1_IRQHandler                   0x080002cf   Thumb Code     0  startup_stm32h743xx.o(.text)
    DFSDM1_FLT2_IRQHandler                   0x080002cf   Thumb Code     0  startup_stm32h743xx.o(.text)
    DFSDM1_FLT3_IRQHandler                   0x080002cf   Thumb Code     0  startup_stm32h743xx.o(.text)
    DMA1_Stream0_IRQHandler                  0x080002cf   Thumb Code     0  startup_stm32h743xx.o(.text)
    DMA1_Stream1_IRQHandler                  0x080002cf   Thumb Code     0  startup_stm32h743xx.o(.text)
    DMA1_Stream2_IRQHandler                  0x080002cf   Thumb Code     0  startup_stm32h743xx.o(.text)
    DMA1_Stream3_IRQHandler                  0x080002cf   Thumb Code     0  startup_stm32h743xx.o(.text)
    DMA1_Stream4_IRQHandler                  0x080002cf   Thumb Code     0  startup_stm32h743xx.o(.text)
    DMA1_Stream5_IRQHandler                  0x080002cf   Thumb Code     0  startup_stm32h743xx.o(.text)
    DMA1_Stream6_IRQHandler                  0x080002cf   Thumb Code     0  startup_stm32h743xx.o(.text)
    DMA1_Stream7_IRQHandler                  0x080002cf   Thumb Code     0  startup_stm32h743xx.o(.text)
    DMA2D_IRQHandler                         0x080002cf   Thumb Code     0  startup_stm32h743xx.o(.text)
    DMA2_Stream0_IRQHandler                  0x080002cf   Thumb Code     0  startup_stm32h743xx.o(.text)
    DMA2_Stream1_IRQHandler                  0x080002cf   Thumb Code     0  startup_stm32h743xx.o(.text)
    DMA2_Stream2_IRQHandler                  0x080002cf   Thumb Code     0  startup_stm32h743xx.o(.text)
    DMA2_Stream3_IRQHandler                  0x080002cf   Thumb Code     0  startup_stm32h743xx.o(.text)
    DMA2_Stream4_IRQHandler                  0x080002cf   Thumb Code     0  startup_stm32h743xx.o(.text)
    DMA2_Stream5_IRQHandler                  0x080002cf   Thumb Code     0  startup_stm32h743xx.o(.text)
    DMA2_Stream6_IRQHandler                  0x080002cf   Thumb Code     0  startup_stm32h743xx.o(.text)
    DMA2_Stream7_IRQHandler                  0x080002cf   Thumb Code     0  startup_stm32h743xx.o(.text)
    DMAMUX1_OVR_IRQHandler                   0x080002cf   Thumb Code     0  startup_stm32h743xx.o(.text)
    DMAMUX2_OVR_IRQHandler                   0x080002cf   Thumb Code     0  startup_stm32h743xx.o(.text)
    ECC_IRQHandler                           0x080002cf   Thumb Code     0  startup_stm32h743xx.o(.text)
    ETH_IRQHandler                           0x080002cf   Thumb Code     0  startup_stm32h743xx.o(.text)
    ETH_WKUP_IRQHandler                      0x080002cf   Thumb Code     0  startup_stm32h743xx.o(.text)
    EXTI0_IRQHandler                         0x080002cf   Thumb Code     0  startup_stm32h743xx.o(.text)
    EXTI15_10_IRQHandler                     0x080002cf   Thumb Code     0  startup_stm32h743xx.o(.text)
    EXTI1_IRQHandler                         0x080002cf   Thumb Code     0  startup_stm32h743xx.o(.text)
    EXTI2_IRQHandler                         0x080002cf   Thumb Code     0  startup_stm32h743xx.o(.text)
    EXTI3_IRQHandler                         0x080002cf   Thumb Code     0  startup_stm32h743xx.o(.text)
    EXTI4_IRQHandler                         0x080002cf   Thumb Code     0  startup_stm32h743xx.o(.text)
    EXTI9_5_IRQHandler                       0x080002cf   Thumb Code     0  startup_stm32h743xx.o(.text)
    FDCAN1_IT0_IRQHandler                    0x080002cf   Thumb Code     0  startup_stm32h743xx.o(.text)
    FDCAN1_IT1_IRQHandler                    0x080002cf   Thumb Code     0  startup_stm32h743xx.o(.text)
    FDCAN2_IT0_IRQHandler                    0x080002cf   Thumb Code     0  startup_stm32h743xx.o(.text)
    FDCAN2_IT1_IRQHandler                    0x080002cf   Thumb Code     0  startup_stm32h743xx.o(.text)
    FDCAN_CAL_IRQHandler                     0x080002cf   Thumb Code     0  startup_stm32h743xx.o(.text)
    FLASH_IRQHandler                         0x080002cf   Thumb Code     0  startup_stm32h743xx.o(.text)
    FMC_IRQHandler                           0x080002cf   Thumb Code     0  startup_stm32h743xx.o(.text)
    FPU_IRQHandler                           0x080002cf   Thumb Code     0  startup_stm32h743xx.o(.text)
    HRTIM1_FLT_IRQHandler                    0x080002cf   Thumb Code     0  startup_stm32h743xx.o(.text)
    HRTIM1_Master_IRQHandler                 0x080002cf   Thumb Code     0  startup_stm32h743xx.o(.text)
    HRTIM1_TIMA_IRQHandler                   0x080002cf   Thumb Code     0  startup_stm32h743xx.o(.text)
    HRTIM1_TIMB_IRQHandler                   0x080002cf   Thumb Code     0  startup_stm32h743xx.o(.text)
    HRTIM1_TIMC_IRQHandler                   0x080002cf   Thumb Code     0  startup_stm32h743xx.o(.text)
    HRTIM1_TIMD_IRQHandler                   0x080002cf   Thumb Code     0  startup_stm32h743xx.o(.text)
    HRTIM1_TIME_IRQHandler                   0x080002cf   Thumb Code     0  startup_stm32h743xx.o(.text)
    HSEM1_IRQHandler                         0x080002cf   Thumb Code     0  startup_stm32h743xx.o(.text)
    I2C1_ER_IRQHandler                       0x080002cf   Thumb Code     0  startup_stm32h743xx.o(.text)
    I2C1_EV_IRQHandler                       0x080002cf   Thumb Code     0  startup_stm32h743xx.o(.text)
    I2C2_ER_IRQHandler                       0x080002cf   Thumb Code     0  startup_stm32h743xx.o(.text)
    I2C2_EV_IRQHandler                       0x080002cf   Thumb Code     0  startup_stm32h743xx.o(.text)
    I2C3_ER_IRQHandler                       0x080002cf   Thumb Code     0  startup_stm32h743xx.o(.text)
    I2C3_EV_IRQHandler                       0x080002cf   Thumb Code     0  startup_stm32h743xx.o(.text)
    I2C4_ER_IRQHandler                       0x080002cf   Thumb Code     0  startup_stm32h743xx.o(.text)
    I2C4_EV_IRQHandler                       0x080002cf   Thumb Code     0  startup_stm32h743xx.o(.text)
    JPEG_IRQHandler                          0x080002cf   Thumb Code     0  startup_stm32h743xx.o(.text)
    LPTIM1_IRQHandler                        0x080002cf   Thumb Code     0  startup_stm32h743xx.o(.text)
    LPTIM2_IRQHandler                        0x080002cf   Thumb Code     0  startup_stm32h743xx.o(.text)
    LPTIM3_IRQHandler                        0x080002cf   Thumb Code     0  startup_stm32h743xx.o(.text)
    LPTIM4_IRQHandler                        0x080002cf   Thumb Code     0  startup_stm32h743xx.o(.text)
    LPTIM5_IRQHandler                        0x080002cf   Thumb Code     0  startup_stm32h743xx.o(.text)
    LPUART1_IRQHandler                       0x080002cf   Thumb Code     0  startup_stm32h743xx.o(.text)
    LTDC_ER_IRQHandler                       0x080002cf   Thumb Code     0  startup_stm32h743xx.o(.text)
    LTDC_IRQHandler                          0x080002cf   Thumb Code     0  startup_stm32h743xx.o(.text)
    MDIOS_IRQHandler                         0x080002cf   Thumb Code     0  startup_stm32h743xx.o(.text)
    MDIOS_WKUP_IRQHandler                    0x080002cf   Thumb Code     0  startup_stm32h743xx.o(.text)
    MDMA_IRQHandler                          0x080002cf   Thumb Code     0  startup_stm32h743xx.o(.text)
    OTG_FS_EP1_IN_IRQHandler                 0x080002cf   Thumb Code     0  startup_stm32h743xx.o(.text)
    OTG_FS_EP1_OUT_IRQHandler                0x080002cf   Thumb Code     0  startup_stm32h743xx.o(.text)
    OTG_FS_IRQHandler                        0x080002cf   Thumb Code     0  startup_stm32h743xx.o(.text)
    OTG_FS_WKUP_IRQHandler                   0x080002cf   Thumb Code     0  startup_stm32h743xx.o(.text)
    OTG_HS_EP1_IN_IRQHandler                 0x080002cf   Thumb Code     0  startup_stm32h743xx.o(.text)
    OTG_HS_EP1_OUT_IRQHandler                0x080002cf   Thumb Code     0  startup_stm32h743xx.o(.text)
    OTG_HS_IRQHandler                        0x080002cf   Thumb Code     0  startup_stm32h743xx.o(.text)
    OTG_HS_WKUP_IRQHandler                   0x080002cf   Thumb Code     0  startup_stm32h743xx.o(.text)
    PVD_AVD_IRQHandler                       0x080002cf   Thumb Code     0  startup_stm32h743xx.o(.text)
    QUADSPI_IRQHandler                       0x080002cf   Thumb Code     0  startup_stm32h743xx.o(.text)
    RCC_IRQHandler                           0x080002cf   Thumb Code     0  startup_stm32h743xx.o(.text)
    RNG_IRQHandler                           0x080002cf   Thumb Code     0  startup_stm32h743xx.o(.text)
    RTC_Alarm_IRQHandler                     0x080002cf   Thumb Code     0  startup_stm32h743xx.o(.text)
    RTC_WKUP_IRQHandler                      0x080002cf   Thumb Code     0  startup_stm32h743xx.o(.text)
    SAI1_IRQHandler                          0x080002cf   Thumb Code     0  startup_stm32h743xx.o(.text)
    SAI2_IRQHandler                          0x080002cf   Thumb Code     0  startup_stm32h743xx.o(.text)
    SAI3_IRQHandler                          0x080002cf   Thumb Code     0  startup_stm32h743xx.o(.text)
    SAI4_IRQHandler                          0x080002cf   Thumb Code     0  startup_stm32h743xx.o(.text)
    SDMMC1_IRQHandler                        0x080002cf   Thumb Code     0  startup_stm32h743xx.o(.text)
    SDMMC2_IRQHandler                        0x080002cf   Thumb Code     0  startup_stm32h743xx.o(.text)
    SPDIF_RX_IRQHandler                      0x080002cf   Thumb Code     0  startup_stm32h743xx.o(.text)
    SPI1_IRQHandler                          0x080002cf   Thumb Code     0  startup_stm32h743xx.o(.text)
    SPI2_IRQHandler                          0x080002cf   Thumb Code     0  startup_stm32h743xx.o(.text)
    SPI3_IRQHandler                          0x080002cf   Thumb Code     0  startup_stm32h743xx.o(.text)
    SPI4_IRQHandler                          0x080002cf   Thumb Code     0  startup_stm32h743xx.o(.text)
    SPI5_IRQHandler                          0x080002cf   Thumb Code     0  startup_stm32h743xx.o(.text)
    SPI6_IRQHandler                          0x080002cf   Thumb Code     0  startup_stm32h743xx.o(.text)
    SWPMI1_IRQHandler                        0x080002cf   Thumb Code     0  startup_stm32h743xx.o(.text)
    TAMP_STAMP_IRQHandler                    0x080002cf   Thumb Code     0  startup_stm32h743xx.o(.text)
    TIM15_IRQHandler                         0x080002cf   Thumb Code     0  startup_stm32h743xx.o(.text)
    TIM16_IRQHandler                         0x080002cf   Thumb Code     0  startup_stm32h743xx.o(.text)
    TIM17_IRQHandler                         0x080002cf   Thumb Code     0  startup_stm32h743xx.o(.text)
    TIM1_BRK_IRQHandler                      0x080002cf   Thumb Code     0  startup_stm32h743xx.o(.text)
    TIM1_CC_IRQHandler                       0x080002cf   Thumb Code     0  startup_stm32h743xx.o(.text)
    TIM1_TRG_COM_IRQHandler                  0x080002cf   Thumb Code     0  startup_stm32h743xx.o(.text)
    TIM1_UP_IRQHandler                       0x080002cf   Thumb Code     0  startup_stm32h743xx.o(.text)
    TIM3_IRQHandler                          0x080002cf   Thumb Code     0  startup_stm32h743xx.o(.text)
    TIM4_IRQHandler                          0x080002cf   Thumb Code     0  startup_stm32h743xx.o(.text)
    TIM5_IRQHandler                          0x080002cf   Thumb Code     0  startup_stm32h743xx.o(.text)
    TIM6_DAC_IRQHandler                      0x080002cf   Thumb Code     0  startup_stm32h743xx.o(.text)
    TIM7_IRQHandler                          0x080002cf   Thumb Code     0  startup_stm32h743xx.o(.text)
    TIM8_BRK_TIM12_IRQHandler                0x080002cf   Thumb Code     0  startup_stm32h743xx.o(.text)
    TIM8_CC_IRQHandler                       0x080002cf   Thumb Code     0  startup_stm32h743xx.o(.text)
    TIM8_TRG_COM_TIM14_IRQHandler            0x080002cf   Thumb Code     0  startup_stm32h743xx.o(.text)
    TIM8_UP_TIM13_IRQHandler                 0x080002cf   Thumb Code     0  startup_stm32h743xx.o(.text)
    UART4_IRQHandler                         0x080002cf   Thumb Code     0  startup_stm32h743xx.o(.text)
    UART5_IRQHandler                         0x080002cf   Thumb Code     0  startup_stm32h743xx.o(.text)
    UART7_IRQHandler                         0x080002cf   Thumb Code     0  startup_stm32h743xx.o(.text)
    UART8_IRQHandler                         0x080002cf   Thumb Code     0  startup_stm32h743xx.o(.text)
    USART1_IRQHandler                        0x080002cf   Thumb Code     0  startup_stm32h743xx.o(.text)
    USART2_IRQHandler                        0x080002cf   Thumb Code     0  startup_stm32h743xx.o(.text)
    USART3_IRQHandler                        0x080002cf   Thumb Code     0  startup_stm32h743xx.o(.text)
    USART6_IRQHandler                        0x080002cf   Thumb Code     0  startup_stm32h743xx.o(.text)
    WAKEUP_PIN_IRQHandler                    0x080002cf   Thumb Code     0  startup_stm32h743xx.o(.text)
    WWDG_IRQHandler                          0x080002cf   Thumb Code     0  startup_stm32h743xx.o(.text)
    __aeabi_uldivmod                         0x080002dd   Thumb Code    98  uldiv.o(.text)
    __aeabi_memcpy                           0x0800033f   Thumb Code    36  memcpya.o(.text)
    __aeabi_memcpy4                          0x0800033f   Thumb Code     0  memcpya.o(.text)
    __aeabi_memcpy8                          0x0800033f   Thumb Code     0  memcpya.o(.text)
    __aeabi_memset                           0x08000363   Thumb Code    14  memseta.o(.text)
    __aeabi_memset4                          0x08000363   Thumb Code     0  memseta.o(.text)
    __aeabi_memset8                          0x08000363   Thumb Code     0  memseta.o(.text)
    __aeabi_memclr                           0x08000371   Thumb Code     4  memseta.o(.text)
    __aeabi_memclr4                          0x08000371   Thumb Code     0  memseta.o(.text)
    __aeabi_memclr8                          0x08000371   Thumb Code     0  memseta.o(.text)
    _memset$wrapper                          0x08000375   Thumb Code    18  memseta.o(.text)
    __aeabi_llsl                             0x08000387   Thumb Code    30  llshl.o(.text)
    _ll_shift_l                              0x08000387   Thumb Code     0  llshl.o(.text)
    __aeabi_llsr                             0x080003a5   Thumb Code    32  llushr.o(.text)
    _ll_ushift_r                             0x080003a5   Thumb Code     0  llushr.o(.text)
    __I$use$fp                               0x080003c5   Thumb Code     0  iusefp.o(.text)
    __scatterload                            0x080003c5   Thumb Code    28  init.o(.text)
    __scatterload_rt2                        0x080003c5   Thumb Code     0  init.o(.text)
    BusFault_Handler                         0x080003e9   Thumb Code     4  stm32h7xx_it.o(i.BusFault_Handler)
    DebugMon_Handler                         0x080003ed   Thumb Code     2  stm32h7xx_it.o(i.DebugMon_Handler)
    Error_Handler                            0x080003ef   Thumb Code     6  main.o(i.Error_Handler)
    ExitRun0Mode                             0x080003f5   Thumb Code    30  system_stm32h7xx.o(i.ExitRun0Mode)
    HAL_Delay                                0x08000419   Thumb Code    36  stm32h7xx_hal.o(i.HAL_Delay)
    HAL_GPIO_Init                            0x08000441   Thumb Code   456  stm32h7xx_hal_gpio.o(i.HAL_GPIO_Init)
    HAL_GPIO_ReadPin                         0x0800063d   Thumb Code    16  stm32h7xx_hal_gpio.o(i.HAL_GPIO_ReadPin)
    HAL_GetREVID                             0x0800064d   Thumb Code     8  stm32h7xx_hal.o(i.HAL_GetREVID)
    HAL_GetTick                              0x08000659   Thumb Code     6  stm32h7xx_hal.o(i.HAL_GetTick)
    HAL_IncTick                              0x08000665   Thumb Code    16  stm32h7xx_hal.o(i.HAL_IncTick)
    HAL_Init                                 0x0800067d   Thumb Code    80  stm32h7xx_hal.o(i.HAL_Init)
    HAL_InitTick                             0x080006dd   Thumb Code    74  stm32h7xx_hal.o(i.HAL_InitTick)
    HAL_MPU_ConfigRegion                     0x08000735   Thumb Code    86  stm32h7xx_hal_cortex.o(i.HAL_MPU_ConfigRegion)
    HAL_MPU_Disable                          0x08000791   Thumb Code    38  stm32h7xx_hal_cortex.o(i.HAL_MPU_Disable)
    HAL_MPU_Enable                           0x080007bd   Thumb Code    58  stm32h7xx_hal_cortex.o(i.HAL_MPU_Enable)
    HAL_MspInit                              0x080007fd   Thumb Code    32  stm32h7xx_hal_msp.o(i.HAL_MspInit)
    HAL_NVIC_EnableIRQ                       0x08000821   Thumb Code    40  stm32h7xx_hal_cortex.o(i.HAL_NVIC_EnableIRQ)
    HAL_NVIC_SetPriority                     0x08000849   Thumb Code   122  stm32h7xx_hal_cortex.o(i.HAL_NVIC_SetPriority)
    HAL_NVIC_SetPriorityGrouping             0x080008c5   Thumb Code    32  stm32h7xx_hal_cortex.o(i.HAL_NVIC_SetPriorityGrouping)
    HAL_PWREx_ConfigSupply                   0x080008ed   Thumb Code    90  stm32h7xx_hal_pwr_ex.o(i.HAL_PWREx_ConfigSupply)
    HAL_RCCEx_GetD3PCLK1Freq                 0x0800094d   Thumb Code    26  stm32h7xx_hal_rcc_ex.o(i.HAL_RCCEx_GetD3PCLK1Freq)
    HAL_RCCEx_GetPLL2ClockFreq               0x08000971   Thumb Code   536  stm32h7xx_hal_rcc_ex.o(i.HAL_RCCEx_GetPLL2ClockFreq)
    HAL_RCCEx_GetPLL3ClockFreq               0x08000ba1   Thumb Code   536  stm32h7xx_hal_rcc_ex.o(i.HAL_RCCEx_GetPLL3ClockFreq)
    HAL_RCCEx_PeriphCLKConfig                0x08000dd1   Thumb Code  3432  stm32h7xx_hal_rcc_ex.o(i.HAL_RCCEx_PeriphCLKConfig)
    HAL_RCC_ClockConfig                      0x08001b39   Thumb Code   774  stm32h7xx_hal_rcc.o(i.HAL_RCC_ClockConfig)
    HAL_RCC_GetHCLKFreq                      0x08001e59   Thumb Code    60  stm32h7xx_hal_rcc.o(i.HAL_RCC_GetHCLKFreq)
    HAL_RCC_GetPCLK1Freq                     0x08001ea5   Thumb Code    26  stm32h7xx_hal_rcc.o(i.HAL_RCC_GetPCLK1Freq)
    HAL_RCC_GetPCLK2Freq                     0x08001ec9   Thumb Code    26  stm32h7xx_hal_rcc.o(i.HAL_RCC_GetPCLK2Freq)
    HAL_RCC_GetSysClockFreq                  0x08001eed   Thumb Code   524  stm32h7xx_hal_rcc.o(i.HAL_RCC_GetSysClockFreq)
    HAL_RCC_OscConfig                        0x08002119   Thumb Code  2130  stm32h7xx_hal_rcc.o(i.HAL_RCC_OscConfig)
    HAL_RS485Ex_Init                         0x08002971   Thumb Code   148  stm32h7xx_hal_uart_ex.o(i.HAL_RS485Ex_Init)
    HAL_SYSTICK_Config                       0x08002a09   Thumb Code    52  stm32h7xx_hal_cortex.o(i.HAL_SYSTICK_Config)
    HAL_TIMEx_Break2Callback                 0x08002a3d   Thumb Code     2  stm32h7xx_hal_tim_ex.o(i.HAL_TIMEx_Break2Callback)
    HAL_TIMEx_BreakCallback                  0x08002a3f   Thumb Code     2  stm32h7xx_hal_tim_ex.o(i.HAL_TIMEx_BreakCallback)
    HAL_TIMEx_CommutCallback                 0x08002a41   Thumb Code     2  stm32h7xx_hal_tim_ex.o(i.HAL_TIMEx_CommutCallback)
    HAL_TIMEx_MasterConfigSynchronization    0x08002a45   Thumb Code   174  stm32h7xx_hal_tim_ex.o(i.HAL_TIMEx_MasterConfigSynchronization)
    HAL_TIM_Base_Init                        0x08002b11   Thumb Code   110  stm32h7xx_hal_tim.o(i.HAL_TIM_Base_Init)
    HAL_TIM_Base_MspInit                     0x08002b81   Thumb Code    58  tim.o(i.HAL_TIM_Base_MspInit)
    HAL_TIM_Base_Start_IT                    0x08002bc1   Thumb Code   146  stm32h7xx_hal_tim.o(i.HAL_TIM_Base_Start_IT)
    HAL_TIM_ConfigClockSource                0x08002c75   Thumb Code   304  stm32h7xx_hal_tim.o(i.HAL_TIM_ConfigClockSource)
    HAL_TIM_IC_CaptureCallback               0x08002da9   Thumb Code     2  stm32h7xx_hal_tim.o(i.HAL_TIM_IC_CaptureCallback)
    HAL_TIM_IRQHandler                       0x08002dab   Thumb Code   408  stm32h7xx_hal_tim.o(i.HAL_TIM_IRQHandler)
    HAL_TIM_OC_DelayElapsedCallback          0x08002f43   Thumb Code     2  stm32h7xx_hal_tim.o(i.HAL_TIM_OC_DelayElapsedCallback)
    HAL_TIM_PWM_PulseFinishedCallback        0x08002f45   Thumb Code     2  stm32h7xx_hal_tim.o(i.HAL_TIM_PWM_PulseFinishedCallback)
    HAL_TIM_PeriodElapsedCallback            0x08002f47   Thumb Code    22  main.o(i.HAL_TIM_PeriodElapsedCallback)
    HAL_TIM_TriggerCallback                  0x08002f5d   Thumb Code     2  stm32h7xx_hal_tim.o(i.HAL_TIM_TriggerCallback)
    HAL_UARTEx_DisableFifoMode               0x08002f5f   Thumb Code    78  stm32h7xx_hal_uart_ex.o(i.HAL_UARTEx_DisableFifoMode)
    HAL_UARTEx_SetRxFifoThreshold            0x08002fad   Thumb Code    94  stm32h7xx_hal_uart_ex.o(i.HAL_UARTEx_SetRxFifoThreshold)
    HAL_UARTEx_SetTxFifoThreshold            0x0800300b   Thumb Code    94  stm32h7xx_hal_uart_ex.o(i.HAL_UARTEx_SetTxFifoThreshold)
    HAL_UART_GetError                        0x08003069   Thumb Code     8  stm32h7xx_hal_uart.o(i.HAL_UART_GetError)
    HAL_UART_MspInit                         0x08003071   Thumb Code   778  usart.o(i.HAL_UART_MspInit)
    HAL_UART_Receive                         0x080033a1   Thumb Code   274  stm32h7xx_hal_uart.o(i.HAL_UART_Receive)
    HAL_UART_Transmit                        0x080034b3   Thumb Code   194  stm32h7xx_hal_uart.o(i.HAL_UART_Transmit)
    HardFault_Handler                        0x08003575   Thumb Code     4  stm32h7xx_it.o(i.HardFault_Handler)
    Joint_Full_PW_Control                    0x08003579   Thumb Code   182  joint.o(i.Joint_Full_PW_Control)
    Joint_Full_zero_Control                  0x08003649   Thumb Code   182  joint.o(i.Joint_Full_zero_Control)
    Joint_PW_Control                         0x08003719   Thumb Code   650  joint.o(i.Joint_PW_Control)
    Joint_Zero_OK                            0x080039e9   Thumb Code   202  joint.o(i.Joint_Zero_OK)
    Joint_Zero_init_Type1                    0x08003ad9   Thumb Code   392  joint.o(i.Joint_Zero_init_Type1)
    Joint_readall                            0x08003cc9   Thumb Code   236  joint.o(i.Joint_readall)
    Joint_zero_Control                       0x08003dfd   Thumb Code   596  joint.o(i.Joint_zero_Control)
    Key_Process                              0x08004125   Thumb Code    32  key_state_machine.o(i.Key_Process)
    MX_GPIO_Init                             0x08004291   Thumb Code   168  gpio.o(i.MX_GPIO_Init)
    MX_TIM2_Init                             0x08004341   Thumb Code   106  tim.o(i.MX_TIM2_Init)
    MX_UART4_Init                            0x080043b1   Thumb Code   102  usart.o(i.MX_UART4_Init)
    MX_UART8_Init                            0x08004425   Thumb Code   112  usart.o(i.MX_UART8_Init)
    MX_USART1_UART_Init                      0x080044a1   Thumb Code   102  usart.o(i.MX_USART1_UART_Init)
    MX_USART2_UART_Init                      0x08004515   Thumb Code   102  usart.o(i.MX_USART2_UART_Init)
    MemManage_Handler                        0x08004589   Thumb Code     4  stm32h7xx_it.o(i.MemManage_Handler)
    NMI_Handler                              0x0800458d   Thumb Code     4  stm32h7xx_it.o(i.NMI_Handler)
    PendSV_Handler                           0x08004591   Thumb Code     2  stm32h7xx_it.o(i.PendSV_Handler)
    SVC_Handler                              0x0800485d   Thumb Code     2  stm32h7xx_it.o(i.SVC_Handler)
    SysTick_Handler                          0x0800485f   Thumb Code     8  stm32h7xx_it.o(i.SysTick_Handler)
    SystemClock_Config                       0x08004869   Thumb Code   198  main.o(i.SystemClock_Config)
    SystemInit                               0x08004939   Thumb Code   256  system_stm32h7xx.o(i.SystemInit)
    TIM2_IRQHandler                          0x08004a61   Thumb Code    10  stm32h7xx_it.o(i.TIM2_IRQHandler)
    TIM_Base_SetConfig                       0x08004a71   Thumb Code   178  stm32h7xx_hal_tim.o(i.TIM_Base_SetConfig)
    TIM_ETR_SetConfig                        0x08004b45   Thumb Code    22  stm32h7xx_hal_tim.o(i.TIM_ETR_SetConfig)
    Task_Execute                             0x08004bc5   Thumb Code   424  key_state_machine.o(i.Task_Execute)
    UART_AdvFeatureConfig                    0x08004de5   Thumb Code   248  stm32h7xx_hal_uart.o(i.UART_AdvFeatureConfig)
    UART_CheckIdleState                      0x08004edd   Thumb Code   234  stm32h7xx_hal_uart.o(i.UART_CheckIdleState)
    UART_SetConfig                           0x08005035   Thumb Code  1402  stm32h7xx_hal_uart.o(i.UART_SetConfig)
    UART_WaitOnFlagUntilTimeout              0x080055c1   Thumb Code   172  stm32h7xx_hal_uart.o(i.UART_WaitOnFlagUntilTimeout)
    UsageFault_Handler                       0x0800566d   Thumb Code     4  stm32h7xx_it.o(i.UsageFault_Handler)
    __ARM_fpclassifyf                        0x08005671   Thumb Code    38  fpclassifyf.o(i.__ARM_fpclassifyf)
    __hardfp_cosf                            0x080056d1   Thumb Code   276  cosf.o(i.__hardfp_cosf)
    __hardfp_sinf                            0x08005821   Thumb Code   344  sinf.o(i.__hardfp_sinf)
    __hardfp_sqrtf                           0x080059b5   Thumb Code    58  sqrtf.o(i.__hardfp_sqrtf)
    __mathlib_flt_infnan                     0x080059ef   Thumb Code     6  funder.o(i.__mathlib_flt_infnan)
    __mathlib_flt_invalid                    0x080059f5   Thumb Code    10  funder.o(i.__mathlib_flt_invalid)
    __mathlib_flt_underflow                  0x08005a05   Thumb Code    10  funder.o(i.__mathlib_flt_underflow)
    __mathlib_rredf2                         0x08005a15   Thumb Code   316  rredf.o(i.__mathlib_rredf2)
    __scatterload_copy                       0x08005b69   Thumb Code    14  handlers.o(i.__scatterload_copy)
    __scatterload_null                       0x08005b77   Thumb Code     2  handlers.o(i.__scatterload_null)
    __scatterload_zeroinit                   0x08005b79   Thumb Code    14  handlers.o(i.__scatterload_zeroinit)
    __set_errno                              0x08005b89   Thumb Code     6  errno.o(i.__set_errno)
    cdpr_init                                0x08005ce1   Thumb Code    64  calc.o(i.cdpr_init)
    crc32_core_Ver3                          0x08005d29   Thumb Code    88  a1_motor_drive.o(i.crc32_core_Ver3)
    crc_ccitt                                0x08005d85   Thumb Code    34  crc_ccitt.o(i.crc_ccitt)
    crc_ccitt_byte                           0x08005da9   Thumb Code    20  crc_ccitt.o(i.crc_ccitt_byte)
    cross_product                            0x08005dc1   Thumb Code    86  calc.o(i.cross_product)
    extract_data                             0x08005e19   Thumb Code   232  gom_protocol.o(i.extract_data)
    get_rotation_matrix                      0x080065f5   Thumb Code   216  calc.o(i.get_rotation_matrix)
    get_translation_matrix                   0x080066d1   Thumb Code   118  calc.o(i.get_translation_matrix)
    go_pw_cmd                                0x0800674d   Thumb Code    64  gom_protocol.o(i.go_pw_cmd)
    go_spd_cmd                               0x0800679d   Thumb Code    52  gom_protocol.o(i.go_spd_cmd)
    go_torque_cmd                            0x080067dd   Thumb Code    44  gom_protocol.o(i.go_torque_cmd)
    main                                     0x0800680d   Thumb Code   210  main.o(i.main)
    matrix_multiply                          0x08006929   Thumb Code   114  calc.o(i.matrix_multiply)
    modify_PW_cmd                            0x080069a1   Thumb Code    66  a1_motor_drive.o(i.modify_PW_cmd)
    modify_data                              0x080069f1   Thumb Code   522  gom_protocol.o(i.modify_data)
    modify_speed_cmd                         0x08006c2d   Thumb Code    70  a1_motor_drive.o(i.modify_speed_cmd)
    modify_torque_cmd                        0x08006c7d   Thumb Code    96  a1_motor_drive.o(i.modify_torque_cmd)
    motor_init_zero_return                   0x08006ce5   Thumb Code    32  calc.o(i.motor_init_zero_return)
    motor_relax                              0x08006d05   Thumb Code   164  a1_motor_drive.o(i.motor_relax)
    point_mult_matrix                        0x08006dcd   Thumb Code   228  calc.o(i.point_mult_matrix)
    unitreeA1_rxtx                           0x08006eb1   Thumb Code   754  a1_motor_drive.o(i.unitreeA1_rxtx)
    vector_norm                              0x08007225   Thumb Code    46  calc.o(i.vector_norm)
    mass_ee                                  0x08007254   Data           4  calc.o(.constdata)
    Ixx_ee                                   0x08007258   Data           4  calc.o(.constdata)
    Iyy_ee                                   0x0800725c   Data           4  calc.o(.constdata)
    Izz_ee                                   0x08007260   Data           4  calc.o(.constdata)
    base_g                                   0x08007264   Data         128  calc.o(.constdata)
    attach_e                                 0x080072e4   Data         128  calc.o(.constdata)
    crc_ccitt_table                          0x08007424   Data         512  crc_ccitt.o(.constdata)
    UARTPrescTable                           0x08007684   Data          24  stm32h7xx_hal_uart.o(.constdata)
    D1CorePrescTable                         0x080076ac   Data          16  system_stm32h7xx.o(.constdata)
    Region$$Table$$Base                      0x080076dc   Number         0  anon$$obj.o(Region$$Table)
    Region$$Table$$Limit                     0x080076fc   Number         0  anon$$obj.o(Region$$Table)
    rec_st                                   0x24000000   Data           4  a1_motor_drive.o(.data)
    trans_st                                 0x24000004   Data           4  a1_motor_drive.o(.data)
    err_state                                0x24000008   Data           4  a1_motor_drive.o(.data)
    received                                 0x2400000c   Data           4  a1_motor_drive.o(.data)
    zero_group1_ID0                          0x24000010   Data           4  joint.o(.data)
    zero_group1_ID1                          0x24000014   Data           4  joint.o(.data)
    zero_group2_ID0                          0x24000018   Data           4  joint.o(.data)
    zero_group2_ID1                          0x2400001c   Data           4  joint.o(.data)
    zero_group3_ID0                          0x24000020   Data           4  joint.o(.data)
    zero_group3_ID1                          0x24000024   Data           4  joint.o(.data)
    zero_group4_ID0                          0x24000028   Data           4  joint.o(.data)
    zero_group4_ID1                          0x2400002c   Data           4  joint.o(.data)
    STOP                                     0x24000030   Data           1  joint.o(.data)
    task_running                             0x240000a4   Data           1  key_state_machine.o(.data)
    current_mode                             0x240000a5   Data           1  key_state_machine.o(.data)
    step_mode_1                              0x240000a6   Data           2  key_state_machine.o(.data)
    step_mode_2                              0x240000a8   Data           2  key_state_machine.o(.data)
    step_mode_3                              0x240000aa   Data           2  key_state_machine.o(.data)
    zero_init                                0x240000ac   Data           1  key_state_machine.o(.data)
    data_logging                             0x240000ad   Data           1  key_state_machine.o(.data)
    turn                                     0x240000ae   Data           1  key_state_machine.o(.data)
    cstate                                   0x240000b0   Data           1  main.o(.data)
    cmode                                    0x240000b1   Data           1  main.o(.data)
    now1                                     0x240000b4   Data           4  main.o(.data)
    now2                                     0x240000b8   Data           4  main.o(.data)
    del_t                                    0x240000bc   Data           4  main.o(.data)
    j                                        0x240000c0   Data           1  main.o(.data)
    k                                        0x240000c1   Data           1  main.o(.data)
    uwTick                                   0x240000c4   Data           4  stm32h7xx_hal.o(.data)
    uwTickPrio                               0x240000c8   Data           4  stm32h7xx_hal.o(.data)
    uwTickFreq                               0x240000cc   Data           1  stm32h7xx_hal.o(.data)
    SystemCoreClock                          0x240000d0   Data           4  system_stm32h7xx.o(.data)
    SystemD2Clock                            0x240000d4   Data           4  system_stm32h7xx.o(.data)
    MotorA1_send_group1                      0x240000dc   Data          66  a1_motor_drive.o(.bss)
    MotorA1_send_group2                      0x2400011e   Data          66  a1_motor_drive.o(.bss)
    MotorA1_send_group3                      0x24000160   Data          66  a1_motor_drive.o(.bss)
    Motor_go_send_group4                     0x240001a4   Data          44  a1_motor_drive.o(.bss)
    Motor_go_recv_group4_id0                 0x240001d0   Data          60  a1_motor_drive.o(.bss)
    Motor_go_recv_group4_id1                 0x2400020c   Data          60  a1_motor_drive.o(.bss)
    MotorA1_recv_group1_id0                  0x24000248   Data         140  a1_motor_drive.o(.bss)
    MotorA1_recv_group1_id1                  0x240002d4   Data         140  a1_motor_drive.o(.bss)
    MotorA1_recv_group2_id0                  0x24000360   Data         140  a1_motor_drive.o(.bss)
    MotorA1_recv_group2_id1                  0x240003ec   Data         140  a1_motor_drive.o(.bss)
    MotorA1_recv_group3_id0                  0x24000478   Data         140  a1_motor_drive.o(.bss)
    MotorA1_recv_group3_id1                  0x24000504   Data         140  a1_motor_drive.o(.bss)
    cable_initial_length                     0x2400068c   Data          32  calc.o(.bss)
    motor_angle                              0x240006ac   Data        8032  calc.o(.bss)
    motor_omega                              0x2400260c   Data        8032  calc.o(.bss)
    coeffs                                   0x2400456c   Data         144  calc.o(.bss)
    zero_return_angle                        0x240045fc   Data        8032  calc.o(.bss)
    zero_return_omega                        0x2400655c   Data        8032  calc.o(.bss)
    zero_return_coeffs                       0x240084bc   Data         192  calc.o(.bss)
    current_pos                              0x2400857c   Data          32  joint.o(.bss)
    zeros                                    0x2400859c   Data          32  joint.o(.bss)
    htim2                                    0x240085bc   Data          76  tim.o(.bss)
    huart4                                   0x24008608   Data         148  usart.o(.bss)
    huart8                                   0x2400869c   Data         148  usart.o(.bss)
    huart1                                   0x24008730   Data         148  usart.o(.bss)
    huart2                                   0x240087c4   Data         148  usart.o(.bss)
    __initial_sp                             0x2400c858   Data           0  startup_stm32h743xx.o(STACK)



==============================================================================

Memory Map of the image

  Image Entry point : 0x08000299

  Load Region LR_IROM1 (Base: 0x08000000, Size: 0x000077d8, Max: 0x00200000, ABSOLUTE)

    Execution Region ER_IROM1 (Exec base: 0x08000000, Load base: 0x08000000, Size: 0x000076fc, Max: 0x00200000, ABSOLUTE)

    Exec Addr    Load Addr    Size         Type   Attr      Idx    E Section Name        Object

    0x08000000   0x08000000   0x00000298   Data   RO            3    RESET               startup_stm32h743xx.o
    0x08000298   0x08000298   0x00000000   Code   RO         5029  * .ARM.Collect$$$$00000000  mc_w.l(entry.o)
    0x08000298   0x08000298   0x00000004   Code   RO         5059    .ARM.Collect$$$$00000001  mc_w.l(entry2.o)
    0x0800029c   0x0800029c   0x00000004   Code   RO         5062    .ARM.Collect$$$$00000004  mc_w.l(entry5.o)
    0x080002a0   0x080002a0   0x00000000   Code   RO         5064    .ARM.Collect$$$$00000008  mc_w.l(entry7b.o)
    0x080002a0   0x080002a0   0x00000000   Code   RO         5066    .ARM.Collect$$$$0000000A  mc_w.l(entry8b.o)
    0x080002a0   0x080002a0   0x00000008   Code   RO         5067    .ARM.Collect$$$$0000000B  mc_w.l(entry9a.o)
    0x080002a8   0x080002a8   0x00000004   Code   RO         5074    .ARM.Collect$$$$0000000E  mc_w.l(entry12b.o)
    0x080002ac   0x080002ac   0x00000000   Code   RO         5069    .ARM.Collect$$$$0000000F  mc_w.l(entry10a.o)
    0x080002ac   0x080002ac   0x00000000   Code   RO         5071    .ARM.Collect$$$$00000011  mc_w.l(entry11a.o)
    0x080002ac   0x080002ac   0x00000004   Code   RO         5060    .ARM.Collect$$$$00002712  mc_w.l(entry2.o)
    0x080002b0   0x080002b0   0x0000002c   Code   RO            4    .text               startup_stm32h743xx.o
    0x080002dc   0x080002dc   0x00000062   Code   RO         5032    .text               mc_w.l(uldiv.o)
    0x0800033e   0x0800033e   0x00000024   Code   RO         5034    .text               mc_w.l(memcpya.o)
    0x08000362   0x08000362   0x00000024   Code   RO         5036    .text               mc_w.l(memseta.o)
    0x08000386   0x08000386   0x0000001e   Code   RO         5075    .text               mc_w.l(llshl.o)
    0x080003a4   0x080003a4   0x00000020   Code   RO         5077    .text               mc_w.l(llushr.o)
    0x080003c4   0x080003c4   0x00000000   Code   RO         5086    .text               mc_w.l(iusefp.o)
    0x080003c4   0x080003c4   0x00000024   Code   RO         5087    .text               mc_w.l(init.o)
    0x080003e8   0x080003e8   0x00000004   Code   RO          794    i.BusFault_Handler  stm32h7xx_it.o
    0x080003ec   0x080003ec   0x00000002   Code   RO          795    i.DebugMon_Handler  stm32h7xx_it.o
    0x080003ee   0x080003ee   0x00000006   Code   RO          603    i.Error_Handler     main.o
    0x080003f4   0x080003f4   0x00000024   Code   RO         4953    i.ExitRun0Mode      system_stm32h7xx.o
    0x08000418   0x08000418   0x00000028   Code   RO         2484    i.HAL_Delay         stm32h7xx_hal.o
    0x08000440   0x08000440   0x000001fc   Code   RO         1623    i.HAL_GPIO_Init     stm32h7xx_hal_gpio.o
    0x0800063c   0x0800063c   0x00000010   Code   RO         1625    i.HAL_GPIO_ReadPin  stm32h7xx_hal_gpio.o
    0x0800064c   0x0800064c   0x0000000c   Code   RO         2495    i.HAL_GetREVID      stm32h7xx_hal.o
    0x08000658   0x08000658   0x0000000c   Code   RO         2496    i.HAL_GetTick       stm32h7xx_hal.o
    0x08000664   0x08000664   0x00000018   Code   RO         2502    i.HAL_IncTick       stm32h7xx_hal.o
    0x0800067c   0x0800067c   0x00000060   Code   RO         2503    i.HAL_Init          stm32h7xx_hal.o
    0x080006dc   0x080006dc   0x00000058   Code   RO         2504    i.HAL_InitTick      stm32h7xx_hal.o
    0x08000734   0x08000734   0x0000005c   Code   RO          901    i.HAL_MPU_ConfigRegion  stm32h7xx_hal_cortex.o
    0x08000790   0x08000790   0x0000002c   Code   RO          902    i.HAL_MPU_Disable   stm32h7xx_hal_cortex.o
    0x080007bc   0x080007bc   0x00000040   Code   RO          904    i.HAL_MPU_Enable    stm32h7xx_hal_cortex.o
    0x080007fc   0x080007fc   0x00000024   Code   RO          876    i.HAL_MspInit       stm32h7xx_hal_msp.o
    0x08000820   0x08000820   0x00000028   Code   RO          908    i.HAL_NVIC_EnableIRQ  stm32h7xx_hal_cortex.o
    0x08000848   0x08000848   0x0000007a   Code   RO          914    i.HAL_NVIC_SetPriority  stm32h7xx_hal_cortex.o
    0x080008c2   0x080008c2   0x00000002   PAD
    0x080008c4   0x080008c4   0x00000028   Code   RO          915    i.HAL_NVIC_SetPriorityGrouping  stm32h7xx_hal_cortex.o
    0x080008ec   0x080008ec   0x00000060   Code   RO         2224    i.HAL_PWREx_ConfigSupply  stm32h7xx_hal_pwr_ex.o
    0x0800094c   0x0800094c   0x00000024   Code   RO         1174    i.HAL_RCCEx_GetD3PCLK1Freq  stm32h7xx_hal_rcc_ex.o
    0x08000970   0x08000970   0x00000230   Code   RO         1176    i.HAL_RCCEx_GetPLL2ClockFreq  stm32h7xx_hal_rcc_ex.o
    0x08000ba0   0x08000ba0   0x00000230   Code   RO         1177    i.HAL_RCCEx_GetPLL3ClockFreq  stm32h7xx_hal_rcc_ex.o
    0x08000dd0   0x08000dd0   0x00000d68   Code   RO         1183    i.HAL_RCCEx_PeriphCLKConfig  stm32h7xx_hal_rcc_ex.o
    0x08001b38   0x08001b38   0x00000320   Code   RO         1059    i.HAL_RCC_ClockConfig  stm32h7xx_hal_rcc.o
    0x08001e58   0x08001e58   0x0000004c   Code   RO         1064    i.HAL_RCC_GetHCLKFreq  stm32h7xx_hal_rcc.o
    0x08001ea4   0x08001ea4   0x00000024   Code   RO         1066    i.HAL_RCC_GetPCLK1Freq  stm32h7xx_hal_rcc.o
    0x08001ec8   0x08001ec8   0x00000024   Code   RO         1067    i.HAL_RCC_GetPCLK2Freq  stm32h7xx_hal_rcc.o
    0x08001eec   0x08001eec   0x0000022c   Code   RO         1068    i.HAL_RCC_GetSysClockFreq  stm32h7xx_hal_rcc.o
    0x08002118   0x08002118   0x00000858   Code   RO         1071    i.HAL_RCC_OscConfig  stm32h7xx_hal_rcc.o
    0x08002970   0x08002970   0x00000098   Code   RO         4829    i.HAL_RS485Ex_Init  stm32h7xx_hal_uart_ex.o
    0x08002a08   0x08002a08   0x00000034   Code   RO          919    i.HAL_SYSTICK_Config  stm32h7xx_hal_cortex.o
    0x08002a3c   0x08002a3c   0x00000002   Code   RO         4114    i.HAL_TIMEx_Break2Callback  stm32h7xx_hal_tim_ex.o
    0x08002a3e   0x08002a3e   0x00000002   Code   RO         4115    i.HAL_TIMEx_BreakCallback  stm32h7xx_hal_tim_ex.o
    0x08002a40   0x08002a40   0x00000002   Code   RO         4116    i.HAL_TIMEx_CommutCallback  stm32h7xx_hal_tim_ex.o
    0x08002a42   0x08002a42   0x00000002   PAD
    0x08002a44   0x08002a44   0x000000cc   Code   RO         4136    i.HAL_TIMEx_MasterConfigSynchronization  stm32h7xx_hal_tim_ex.o
    0x08002b10   0x08002b10   0x0000006e   Code   RO         3389    i.HAL_TIM_Base_Init  stm32h7xx_hal_tim.o
    0x08002b7e   0x08002b7e   0x00000002   PAD
    0x08002b80   0x08002b80   0x00000040   Code   RO          693    i.HAL_TIM_Base_MspInit  tim.o
    0x08002bc0   0x08002bc0   0x000000b4   Code   RO         3394    i.HAL_TIM_Base_Start_IT  stm32h7xx_hal_tim.o
    0x08002c74   0x08002c74   0x00000134   Code   RO         3398    i.HAL_TIM_ConfigClockSource  stm32h7xx_hal_tim.o
    0x08002da8   0x08002da8   0x00000002   Code   RO         3423    i.HAL_TIM_IC_CaptureCallback  stm32h7xx_hal_tim.o
    0x08002daa   0x08002daa   0x00000198   Code   RO         3437    i.HAL_TIM_IRQHandler  stm32h7xx_hal_tim.o
    0x08002f42   0x08002f42   0x00000002   Code   RO         3440    i.HAL_TIM_OC_DelayElapsedCallback  stm32h7xx_hal_tim.o
    0x08002f44   0x08002f44   0x00000002   Code   RO         3467    i.HAL_TIM_PWM_PulseFinishedCallback  stm32h7xx_hal_tim.o
    0x08002f46   0x08002f46   0x00000016   Code   RO          604    i.HAL_TIM_PeriodElapsedCallback  main.o
    0x08002f5c   0x08002f5c   0x00000002   Code   RO         3480    i.HAL_TIM_TriggerCallback  stm32h7xx_hal_tim.o
    0x08002f5e   0x08002f5e   0x0000004e   Code   RO         4830    i.HAL_UARTEx_DisableFifoMode  stm32h7xx_hal_uart_ex.o
    0x08002fac   0x08002fac   0x0000005e   Code   RO         4839    i.HAL_UARTEx_SetRxFifoThreshold  stm32h7xx_hal_uart_ex.o
    0x0800300a   0x0800300a   0x0000005e   Code   RO         4840    i.HAL_UARTEx_SetTxFifoThreshold  stm32h7xx_hal_uart_ex.o
    0x08003068   0x08003068   0x00000008   Code   RO         4431    i.HAL_UART_GetError  stm32h7xx_hal_uart.o
    0x08003070   0x08003070   0x00000330   Code   RO          735    i.HAL_UART_MspInit  usart.o
    0x080033a0   0x080033a0   0x00000112   Code   RO         4437    i.HAL_UART_Receive  stm32h7xx_hal_uart.o
    0x080034b2   0x080034b2   0x000000c2   Code   RO         4443    i.HAL_UART_Transmit  stm32h7xx_hal_uart.o
    0x08003574   0x08003574   0x00000004   Code   RO          796    i.HardFault_Handler  stm32h7xx_it.o
    0x08003578   0x08003578   0x000000d0   Code   RO          392    i.Joint_Full_PW_Control  joint.o
    0x08003648   0x08003648   0x000000d0   Code   RO          394    i.Joint_Full_zero_Control  joint.o
    0x08003718   0x08003718   0x000002d0   Code   RO          395    i.Joint_PW_Control  joint.o
    0x080039e8   0x080039e8   0x000000f0   Code   RO          398    i.Joint_Zero_OK     joint.o
    0x08003ad8   0x08003ad8   0x000001f0   Code   RO          399    i.Joint_Zero_init_Type1  joint.o
    0x08003cc8   0x08003cc8   0x00000134   Code   RO          400    i.Joint_readall     joint.o
    0x08003dfc   0x08003dfc   0x00000278   Code   RO          401    i.Joint_zero_Control  joint.o
    0x08004074   0x08004074   0x000000b0   Code   RO          507    i.Key_HandleEvents  key_state_machine.o
    0x08004124   0x08004124   0x00000030   Code   RO          509    i.Key_Process       key_state_machine.o
    0x08004154   0x08004154   0x00000016   Code   RO          510    i.Key_ReadPin       key_state_machine.o
    0x0800416a   0x0800416a   0x000000ce   Code   RO          511    i.Key_StateMachine  key_state_machine.o
    0x08004238   0x08004238   0x00000056   Code   RO          605    i.MPU_Config        main.o
    0x0800428e   0x0800428e   0x00000002   PAD
    0x08004290   0x08004290   0x000000b0   Code   RO          668    i.MX_GPIO_Init      gpio.o
    0x08004340   0x08004340   0x00000070   Code   RO          694    i.MX_TIM2_Init      tim.o
    0x080043b0   0x080043b0   0x00000074   Code   RO          736    i.MX_UART4_Init     usart.o
    0x08004424   0x08004424   0x0000007c   Code   RO          737    i.MX_UART8_Init     usart.o
    0x080044a0   0x080044a0   0x00000074   Code   RO          738    i.MX_USART1_UART_Init  usart.o
    0x08004514   0x08004514   0x00000074   Code   RO          739    i.MX_USART2_UART_Init  usart.o
    0x08004588   0x08004588   0x00000004   Code   RO          797    i.MemManage_Handler  stm32h7xx_it.o
    0x0800458c   0x0800458c   0x00000004   Code   RO          798    i.NMI_Handler       stm32h7xx_it.o
    0x08004590   0x08004590   0x00000002   Code   RO          799    i.PendSV_Handler    stm32h7xx_it.o
    0x08004592   0x08004592   0x00000002   PAD
    0x08004594   0x08004594   0x00000164   Code   RO         1186    i.RCCEx_PLL2_Config  stm32h7xx_hal_rcc_ex.o
    0x080046f8   0x080046f8   0x00000164   Code   RO         1187    i.RCCEx_PLL3_Config  stm32h7xx_hal_rcc_ex.o
    0x0800485c   0x0800485c   0x00000002   Code   RO          800    i.SVC_Handler       stm32h7xx_it.o
    0x0800485e   0x0800485e   0x00000008   Code   RO          801    i.SysTick_Handler   stm32h7xx_it.o
    0x08004866   0x08004866   0x00000002   PAD
    0x08004868   0x08004868   0x000000d0   Code   RO          606    i.SystemClock_Config  main.o
    0x08004938   0x08004938   0x00000128   Code   RO         4955    i.SystemInit        system_stm32h7xx.o
    0x08004a60   0x08004a60   0x00000010   Code   RO          802    i.TIM2_IRQHandler   stm32h7xx_it.o
    0x08004a70   0x08004a70   0x000000d4   Code   RO         3482    i.TIM_Base_SetConfig  stm32h7xx_hal_tim.o
    0x08004b44   0x08004b44   0x00000016   Code   RO         3493    i.TIM_ETR_SetConfig  stm32h7xx_hal_tim.o
    0x08004b5a   0x08004b5a   0x00000002   PAD
    0x08004b5c   0x08004b5c   0x00000018   Code   RO         3494    i.TIM_ITRx_SetConfig  stm32h7xx_hal_tim.o
    0x08004b74   0x08004b74   0x00000026   Code   RO         3502    i.TIM_TI1_ConfigInputStage  stm32h7xx_hal_tim.o
    0x08004b9a   0x08004b9a   0x00000028   Code   RO         3504    i.TIM_TI2_ConfigInputStage  stm32h7xx_hal_tim.o
    0x08004bc2   0x08004bc2   0x00000002   PAD
    0x08004bc4   0x08004bc4   0x000001c8   Code   RO          512    i.Task_Execute      key_state_machine.o
    0x08004d8c   0x08004d8c   0x00000058   Code   RO         4844    i.UARTEx_SetNbDataToProcess  stm32h7xx_hal_uart_ex.o
    0x08004de4   0x08004de4   0x000000f8   Code   RO         4448    i.UART_AdvFeatureConfig  stm32h7xx_hal_uart.o
    0x08004edc   0x08004edc   0x000000ea   Code   RO         4449    i.UART_CheckIdleState  stm32h7xx_hal_uart.o
    0x08004fc6   0x08004fc6   0x00000002   PAD
    0x08004fc8   0x08004fc8   0x0000006c   Code   RO         4460    i.UART_EndRxTransfer  stm32h7xx_hal_uart.o
    0x08005034   0x08005034   0x0000058c   Code   RO         4467    i.UART_SetConfig    stm32h7xx_hal_uart.o
    0x080055c0   0x080055c0   0x000000ac   Code   RO         4474    i.UART_WaitOnFlagUntilTimeout  stm32h7xx_hal_uart.o
    0x0800566c   0x0800566c   0x00000004   Code   RO          803    i.UsageFault_Handler  stm32h7xx_it.o
    0x08005670   0x08005670   0x00000026   Code   RO         5040    i.__ARM_fpclassifyf  m_wv.l(fpclassifyf.o)
    0x08005696   0x08005696   0x00000002   PAD
    0x08005698   0x08005698   0x00000010   Code   RO          921    i.__NVIC_GetPriorityGrouping  stm32h7xx_hal_cortex.o
    0x080056a8   0x080056a8   0x00000028   Code   RO          922    i.__NVIC_SetPriority  stm32h7xx_hal_cortex.o
    0x080056d0   0x080056d0   0x00000150   Code   RO         4993    i.__hardfp_cosf     m_wv.l(cosf.o)
    0x08005820   0x08005820   0x00000194   Code   RO         5005    i.__hardfp_sinf     m_wv.l(sinf.o)
    0x080059b4   0x080059b4   0x0000003a   Code   RO         5017    i.__hardfp_sqrtf    m_wv.l(sqrtf.o)
    0x080059ee   0x080059ee   0x00000006   Code   RO         5043    i.__mathlib_flt_infnan  m_wv.l(funder.o)
    0x080059f4   0x080059f4   0x00000010   Code   RO         5045    i.__mathlib_flt_invalid  m_wv.l(funder.o)
    0x08005a04   0x08005a04   0x00000010   Code   RO         5048    i.__mathlib_flt_underflow  m_wv.l(funder.o)
    0x08005a14   0x08005a14   0x00000154   Code   RO         5056    i.__mathlib_rredf2  m_wv.l(rredf.o)
    0x08005b68   0x08005b68   0x0000000e   Code   RO         5091    i.__scatterload_copy  mc_w.l(handlers.o)
    0x08005b76   0x08005b76   0x00000002   Code   RO         5092    i.__scatterload_null  mc_w.l(handlers.o)
    0x08005b78   0x08005b78   0x0000000e   Code   RO         5093    i.__scatterload_zeroinit  mc_w.l(handlers.o)
    0x08005b86   0x08005b86   0x00000002   PAD
    0x08005b88   0x08005b88   0x0000000c   Code   RO         5081    i.__set_errno       mc_w.l(errno.o)
    0x08005b94   0x08005b94   0x00000040   Code   RO          224    i.calc_zero_return_coeff  calc.o
    0x08005bd4   0x08005bd4   0x0000010a   Code   RO          225    i.calculate_poly5_coeff  calc.o
    0x08005cde   0x08005cde   0x00000002   PAD
    0x08005ce0   0x08005ce0   0x00000048   Code   RO          227    i.cdpr_init         calc.o
    0x08005d28   0x08005d28   0x0000005c   Code   RO           13    i.crc32_core_Ver3   a1_motor_drive.o
    0x08005d84   0x08005d84   0x00000022   Code   RO          320    i.crc_ccitt         crc_ccitt.o
    0x08005da6   0x08005da6   0x00000002   PAD
    0x08005da8   0x08005da8   0x00000018   Code   RO          321    i.crc_ccitt_byte    crc_ccitt.o
    0x08005dc0   0x08005dc0   0x00000056   Code   RO          228    i.cross_product     calc.o
    0x08005e16   0x08005e16   0x00000002   PAD
    0x08005e18   0x08005e18   0x000000fc   Code   RO          344    i.extract_data      gom_protocol.o
    0x08005f14   0x08005f14   0x0000000a   Code   RO          402    i.fabsf             joint.o
    0x08005f1e   0x08005f1e   0x00000002   PAD
    0x08005f20   0x08005f20   0x000004de   Code   RO          229    i.generate_trajectory_and_angles  calc.o
    0x080063fe   0x080063fe   0x00000002   PAD
    0x08006400   0x08006400   0x000001f4   Code   RO          230    i.generate_zero_return_trajectory  calc.o
    0x080065f4   0x080065f4   0x000000dc   Code   RO          231    i.get_rotation_matrix  calc.o
    0x080066d0   0x080066d0   0x0000007c   Code   RO          232    i.get_translation_matrix  calc.o
    0x0800674c   0x0800674c   0x00000050   Code   RO          346    i.go_pw_cmd         gom_protocol.o
    0x0800679c   0x0800679c   0x00000040   Code   RO          347    i.go_spd_cmd        gom_protocol.o
    0x080067dc   0x080067dc   0x00000030   Code   RO          348    i.go_torque_cmd     gom_protocol.o
    0x0800680c   0x0800680c   0x0000011c   Code   RO          607    i.main              main.o
    0x08006928   0x08006928   0x00000078   Code   RO          233    i.matrix_multiply   calc.o
    0x080069a0   0x080069a0   0x00000050   Code   RO           14    i.modify_PW_cmd     a1_motor_drive.o
    0x080069f0   0x080069f0   0x0000023c   Code   RO          349    i.modify_data       gom_protocol.o
    0x08006c2c   0x08006c2c   0x00000050   Code   RO           17    i.modify_speed_cmd  a1_motor_drive.o
    0x08006c7c   0x08006c7c   0x00000068   Code   RO           18    i.modify_torque_cmd  a1_motor_drive.o
    0x08006ce4   0x08006ce4   0x00000020   Code   RO          234    i.motor_init_zero_return  calc.o
    0x08006d04   0x08006d04   0x000000c8   Code   RO           19    i.motor_relax       a1_motor_drive.o
    0x08006dcc   0x08006dcc   0x000000e4   Code   RO          235    i.point_mult_matrix  calc.o
    0x08006eb0   0x08006eb0   0x00000374   Code   RO           20    i.unitreeA1_rxtx    a1_motor_drive.o
    0x08007224   0x08007224   0x0000002e   Code   RO          236    i.vector_norm       calc.o
    0x08007252   0x08007252   0x00000002   PAD
    0x08007254   0x08007254   0x000001d0   Data   RO          238    .constdata          calc.o
    0x08007424   0x08007424   0x00000200   Data   RO          322    .constdata          crc_ccitt.o
    0x08007624   0x08007624   0x00000060   Data   RO          513    .constdata          key_state_machine.o
    0x08007684   0x08007684   0x00000018   Data   RO         4475    .constdata          stm32h7xx_hal_uart.o
    0x0800769c   0x0800769c   0x00000010   Data   RO         4846    .constdata          stm32h7xx_hal_uart_ex.o
    0x080076ac   0x080076ac   0x00000010   Data   RO         4956    .constdata          system_stm32h7xx.o
    0x080076bc   0x080076bc   0x00000020   Data   RO         5057    .constdata          m_wv.l(rredf.o)
    0x080076dc   0x080076dc   0x00000020   Data   RO         5089    Region$$Table       anon$$obj.o


    Execution Region RW_IRAM1 (Exec base: 0x20000000, Load base: 0x080076fc, Size: 0x00000000, Max: 0x00020000, ABSOLUTE)

    **** No section assigned to this execution region ****


    Execution Region RW_IRAM2 (Exec base: 0x24000000, Load base: 0x080076fc, Size: 0x0000c858, Max: 0x00080000, ABSOLUTE)

    Exec Addr    Load Addr    Size         Type   Attr      Idx    E Section Name        Object

    0x24000000   0x080076fc   0x00000010   Data   RW           22    .data               a1_motor_drive.o
    0x24000010   0x0800770c   0x00000021   Data   RW          404    .data               joint.o
    0x24000031   0x0800772d   0x00000003   PAD
    0x24000034   0x08007730   0x0000007b   Data   RW          514    .data               key_state_machine.o
    0x240000af   0x080077ab   0x00000001   PAD
    0x240000b0   0x080077ac   0x00000012   Data   RW          608    .data               main.o
    0x240000c2   0x080077be   0x00000002   PAD
    0x240000c4   0x080077c0   0x00000009   Data   RW         2525    .data               stm32h7xx_hal.o
    0x240000cd   0x080077c9   0x00000003   PAD
    0x240000d0   0x080077cc   0x00000008   Data   RW         4957    .data               system_stm32h7xx.o
    0x240000d8   0x080077d4   0x00000004   Data   RW         5082    .data               mc_w.l(errno.o)
    0x240000dc        -       0x000005ae   Zero   RW           21    .bss                a1_motor_drive.o
    0x2400068a   0x080077d8   0x00000002   PAD
    0x2400068c        -       0x00007ef0   Zero   RW          237    .bss                calc.o
    0x2400857c        -       0x00000040   Zero   RW          403    .bss                joint.o
    0x240085bc        -       0x0000004c   Zero   RW          695    .bss                tim.o
    0x24008608        -       0x00000250   Zero   RW          740    .bss                usart.o
    0x24008858        -       0x00004000   Zero   RW            1    STACK               startup_stm32h743xx.o


==============================================================================

Image component sizes


      Code (inc. data)   RO Data    RW Data    ZI Data      Debug   Object Name

      1440        202          0         16       1454    1289620   a1_motor_drive.o
      3004         96        464          0      32496      12590   calc.o
        58          4        512          0          0       3207   crc_ccitt.o
      1016        102          0          0          0       3654   gom_protocol.o
       176          8          0          0          0       1071   gpio.o
      2822        372          0         33         64      13185   joint.o
       908         88         96        123          0       5401   key_state_machine.o
       606         84          0         18          0       3703   main.o
        44         12        664          0      16384        824   startup_stm32h743xx.o
       272         52          0          9          0      23312   stm32h7xx_hal.o
       510         40          0          0          0      42109   stm32h7xx_hal_cortex.o
       524         52          0          0          0       2211   stm32h7xx_hal_gpio.o
        36          4          0          0          0        898   stm32h7xx_hal_msp.o
        96          6          0          0          0        757   stm32h7xx_hal_pwr_ex.o
      3640        114          0          0          0       6912   stm32h7xx_hal_rcc.o
      5300        108          0          0          0       7285   stm32h7xx_hal_rcc_ex.o
      1350         86          0          0          0       9731   stm32h7xx_hal_tim.o
       210         30          0          0          0       3176   stm32h7xx_hal_tim_ex.o
      2658        126         24          0          0      27413   stm32h7xx_hal_uart.o
       506         14         16          0          0       4620   stm32h7xx_hal_uart_ex.o
        50          6          0          0          0       4532   stm32h7xx_it.o
       332         46         16          8          0       1829   system_stm32h7xx.o
       176         12          0          0         76       1734   tim.o
      1288         92          0          0        592       4181   usart.o

    ----------------------------------------------------------------------
     27052       1756       1824        216      51068    1473955   Object Totals
         0          0         32          0          0          0   (incl. Generated)
        30          0          0          9          2          0   (incl. Padding)

    ----------------------------------------------------------------------

      Code (inc. data)   RO Data    RW Data    ZI Data      Debug   Library Member Name

       336         60          0          0          0        136   cosf.o
        38          0          0          0          0        116   fpclassifyf.o
        38         12          0          0          0        348   funder.o
       340         24         32          0          0        160   rredf.o
       404         60          0          0          0        212   sinf.o
        58          0          0          0          0        136   sqrtf.o
         0          0          0          0          0          0   entry.o
         0          0          0          0          0          0   entry10a.o
         0          0          0          0          0          0   entry11a.o
         4          0          0          0          0          0   entry12b.o
         8          4          0          0          0          0   entry2.o
         4          0          0          0          0          0   entry5.o
         0          0          0          0          0          0   entry7b.o
         0          0          0          0          0          0   entry8b.o
         8          4          0          0          0          0   entry9a.o
        12          6          0          4          0         68   errno.o
        30          0          0          0          0          0   handlers.o
        36          8          0          0          0         68   init.o
         0          0          0          0          0          0   iusefp.o
        30          0          0          0          0         68   llshl.o
        32          0          0          0          0         68   llushr.o
        36          0          0          0          0         68   memcpya.o
        36          0          0          0          0        108   memseta.o
        98          0          0          0          0         92   uldiv.o

    ----------------------------------------------------------------------
      1552        178         32          4          0       1648   Library Totals
         4          0          0          0          0          0   (incl. Padding)

    ----------------------------------------------------------------------

      Code (inc. data)   RO Data    RW Data    ZI Data      Debug   Library Name

      1214        156         32          0          0       1108   m_wv.l
       334         22          0          4          0        540   mc_w.l

    ----------------------------------------------------------------------
      1552        178         32          4          0       1648   Library Totals

    ----------------------------------------------------------------------

==============================================================================


      Code (inc. data)   RO Data    RW Data    ZI Data      Debug   

     28604       1934       1856        220      51068    1463751   Grand Totals
     28604       1934       1856        220      51068    1463751   ELF Image Totals
     28604       1934       1856        220          0          0   ROM Totals

==============================================================================

    Total RO  Size (Code + RO Data)                30460 (  29.75kB)
    Total RW  Size (RW Data + ZI Data)             51288 (  50.09kB)
    Total ROM Size (Code + RO Data + RW Data)      30680 (  29.96kB)

==============================================================================

